###############################################################################
#
# IAR ELF Linker V8.40.2.214/W32 for ARM                  25/Oct/2023  13:52:19
# Copyright 2007-2019 IAR Systems AB.
#
#    Output file  =
#        D:\Project_STM32\Saoviet_Feed_Shrimp_ver2\Project_Feed_Shrimp_ver2\EWARM\Project_Feed_Shrimp_ver2\Exe\Project_Feed_Shrimp_ver2.out
#    Map file     =
#        D:\Project_STM32\Saoviet_Feed_Shrimp_ver2\Project_Feed_Shrimp_ver2\EWARM\Project_Feed_Shrimp_ver2\List\Project_Feed_Shrimp_ver2.map
#    Command line =
#        -f C:\Users\PC\AppData\Local\Temp\EWC366.tmp
#        (D:\Project_STM32\Saoviet_Feed_Shrimp_ver2\Project_Feed_Shrimp_ver2\EWARM\Project_Feed_Shrimp_ver2\Obj\CLCD.o
#        D:\Project_STM32\Saoviet_Feed_Shrimp_ver2\Project_Feed_Shrimp_ver2\EWARM\Project_Feed_Shrimp_ver2\Obj\convert_variable.o
#        D:\Project_STM32\Saoviet_Feed_Shrimp_ver2\Project_Feed_Shrimp_ver2\EWARM\Project_Feed_Shrimp_ver2\Obj\event_driven.o
#        D:\Project_STM32\Saoviet_Feed_Shrimp_ver2\Project_Feed_Shrimp_ver2\EWARM\Project_Feed_Shrimp_ver2\Obj\gpio.o
#        D:\Project_STM32\Saoviet_Feed_Shrimp_ver2\Project_Feed_Shrimp_ver2\EWARM\Project_Feed_Shrimp_ver2\Obj\iwdg.o
#        D:\Project_STM32\Saoviet_Feed_Shrimp_ver2\Project_Feed_Shrimp_ver2\EWARM\Project_Feed_Shrimp_ver2\Obj\main.o
#        D:\Project_STM32\Saoviet_Feed_Shrimp_ver2\Project_Feed_Shrimp_ver2\EWARM\Project_Feed_Shrimp_ver2\Obj\onchipflash.o
#        D:\Project_STM32\Saoviet_Feed_Shrimp_ver2\Project_Feed_Shrimp_ver2\EWARM\Project_Feed_Shrimp_ver2\Obj\queue_p.o
#        D:\Project_STM32\Saoviet_Feed_Shrimp_ver2\Project_Feed_Shrimp_ver2\EWARM\Project_Feed_Shrimp_ver2\Obj\rtc.o
#        D:\Project_STM32\Saoviet_Feed_Shrimp_ver2\Project_Feed_Shrimp_ver2\EWARM\Project_Feed_Shrimp_ver2\Obj\startup_stm32l151xc.o
#        D:\Project_STM32\Saoviet_Feed_Shrimp_ver2\Project_Feed_Shrimp_ver2\EWARM\Project_Feed_Shrimp_ver2\Obj\stm32l1xx_hal.o
#        D:\Project_STM32\Saoviet_Feed_Shrimp_ver2\Project_Feed_Shrimp_ver2\EWARM\Project_Feed_Shrimp_ver2\Obj\stm32l1xx_hal_cortex.o
#        D:\Project_STM32\Saoviet_Feed_Shrimp_ver2\Project_Feed_Shrimp_ver2\EWARM\Project_Feed_Shrimp_ver2\Obj\stm32l1xx_hal_dma.o
#        D:\Project_STM32\Saoviet_Feed_Shrimp_ver2\Project_Feed_Shrimp_ver2\EWARM\Project_Feed_Shrimp_ver2\Obj\stm32l1xx_hal_exti.o
#        D:\Project_STM32\Saoviet_Feed_Shrimp_ver2\Project_Feed_Shrimp_ver2\EWARM\Project_Feed_Shrimp_ver2\Obj\stm32l1xx_hal_flash.o
#        D:\Project_STM32\Saoviet_Feed_Shrimp_ver2\Project_Feed_Shrimp_ver2\EWARM\Project_Feed_Shrimp_ver2\Obj\stm32l1xx_hal_flash_ex.o
#        D:\Project_STM32\Saoviet_Feed_Shrimp_ver2\Project_Feed_Shrimp_ver2\EWARM\Project_Feed_Shrimp_ver2\Obj\stm32l1xx_hal_flash_ramfunc.o
#        D:\Project_STM32\Saoviet_Feed_Shrimp_ver2\Project_Feed_Shrimp_ver2\EWARM\Project_Feed_Shrimp_ver2\Obj\stm32l1xx_hal_gpio.o
#        D:\Project_STM32\Saoviet_Feed_Shrimp_ver2\Project_Feed_Shrimp_ver2\EWARM\Project_Feed_Shrimp_ver2\Obj\stm32l1xx_hal_iwdg.o
#        D:\Project_STM32\Saoviet_Feed_Shrimp_ver2\Project_Feed_Shrimp_ver2\EWARM\Project_Feed_Shrimp_ver2\Obj\stm32l1xx_hal_msp.o
#        D:\Project_STM32\Saoviet_Feed_Shrimp_ver2\Project_Feed_Shrimp_ver2\EWARM\Project_Feed_Shrimp_ver2\Obj\stm32l1xx_hal_pwr.o
#        D:\Project_STM32\Saoviet_Feed_Shrimp_ver2\Project_Feed_Shrimp_ver2\EWARM\Project_Feed_Shrimp_ver2\Obj\stm32l1xx_hal_pwr_ex.o
#        D:\Project_STM32\Saoviet_Feed_Shrimp_ver2\Project_Feed_Shrimp_ver2\EWARM\Project_Feed_Shrimp_ver2\Obj\stm32l1xx_hal_rcc.o
#        D:\Project_STM32\Saoviet_Feed_Shrimp_ver2\Project_Feed_Shrimp_ver2\EWARM\Project_Feed_Shrimp_ver2\Obj\stm32l1xx_hal_rcc_ex.o
#        D:\Project_STM32\Saoviet_Feed_Shrimp_ver2\Project_Feed_Shrimp_ver2\EWARM\Project_Feed_Shrimp_ver2\Obj\stm32l1xx_hal_rtc.o
#        D:\Project_STM32\Saoviet_Feed_Shrimp_ver2\Project_Feed_Shrimp_ver2\EWARM\Project_Feed_Shrimp_ver2\Obj\stm32l1xx_hal_rtc_ex.o
#        D:\Project_STM32\Saoviet_Feed_Shrimp_ver2\Project_Feed_Shrimp_ver2\EWARM\Project_Feed_Shrimp_ver2\Obj\stm32l1xx_hal_tim.o
#        D:\Project_STM32\Saoviet_Feed_Shrimp_ver2\Project_Feed_Shrimp_ver2\EWARM\Project_Feed_Shrimp_ver2\Obj\stm32l1xx_hal_tim_ex.o
#        D:\Project_STM32\Saoviet_Feed_Shrimp_ver2\Project_Feed_Shrimp_ver2\EWARM\Project_Feed_Shrimp_ver2\Obj\stm32l1xx_it.o
#        D:\Project_STM32\Saoviet_Feed_Shrimp_ver2\Project_Feed_Shrimp_ver2\EWARM\Project_Feed_Shrimp_ver2\Obj\system_stm32l1xx.o
#        D:\Project_STM32\Saoviet_Feed_Shrimp_ver2\Project_Feed_Shrimp_ver2\EWARM\Project_Feed_Shrimp_ver2\Obj\tim.o
#        D:\Project_STM32\Saoviet_Feed_Shrimp_ver2\Project_Feed_Shrimp_ver2\EWARM\Project_Feed_Shrimp_ver2\Obj\user_app_button.o
#        D:\Project_STM32\Saoviet_Feed_Shrimp_ver2\Project_Feed_Shrimp_ver2\EWARM\Project_Feed_Shrimp_ver2\Obj\user_app_comm.o
#        D:\Project_STM32\Saoviet_Feed_Shrimp_ver2\Project_Feed_Shrimp_ver2\EWARM\Project_Feed_Shrimp_ver2\Obj\user_app_feed_shrimp.o
#        D:\Project_STM32\Saoviet_Feed_Shrimp_ver2\Project_Feed_Shrimp_ver2\EWARM\Project_Feed_Shrimp_ver2\Obj\user_app_lcd.o
#        D:\Project_STM32\Saoviet_Feed_Shrimp_ver2\Project_Feed_Shrimp_ver2\EWARM\Project_Feed_Shrimp_ver2\Obj\user_app_menu_display.o
#        D:\Project_STM32\Saoviet_Feed_Shrimp_ver2\Project_Feed_Shrimp_ver2\EWARM\Project_Feed_Shrimp_ver2\Obj\user_app_relay.o
#        D:\Project_STM32\Saoviet_Feed_Shrimp_ver2\Project_Feed_Shrimp_ver2\EWARM\Project_Feed_Shrimp_ver2\Obj\user_internal_mem.o
#        D:\Project_STM32\Saoviet_Feed_Shrimp_ver2\Project_Feed_Shrimp_ver2\EWARM\Project_Feed_Shrimp_ver2\Obj\user_rtc.o
#        D:\Project_STM32\Saoviet_Feed_Shrimp_ver2\Project_Feed_Shrimp_ver2\EWARM\Project_Feed_Shrimp_ver2\Obj\user_string.o
#        D:\Project_STM32\Saoviet_Feed_Shrimp_ver2\Project_Feed_Shrimp_ver2\EWARM\Project_Feed_Shrimp_ver2\Obj\user_timer.o
#        --no_out_extension -o
#        D:\Project_STM32\Saoviet_Feed_Shrimp_ver2\Project_Feed_Shrimp_ver2\EWARM\Project_Feed_Shrimp_ver2\Exe\Project_Feed_Shrimp_ver2.out
#        --redirect _Printf=_PrintfFullNoMb --redirect _Scanf=_ScanfFullNoMb
#        --map
#        D:\Project_STM32\Saoviet_Feed_Shrimp_ver2\Project_Feed_Shrimp_ver2\EWARM\Project_Feed_Shrimp_ver2\List\Project_Feed_Shrimp_ver2.map
#        --config
#        D:\Project_STM32\Saoviet_Feed_Shrimp_ver2\Project_Feed_Shrimp_ver2\EWARM/stm32l151xc_flash.icf
#        --semihosting --entry __iar_program_start --vfe --text_out locale)
#
###############################################################################

*******************************************************************************
*** RUNTIME MODEL ATTRIBUTES
***

CppFlavor       = *
__SystemLibrary = DLib
__dlib_version  = 6


*******************************************************************************
*** HEAP SELECTION
***

The basic heap was selected because no calls to memory allocation
functions were found in the application outside of system library
functions, and there are calls to deallocation functions in the
application.


*******************************************************************************
*** PLACEMENT SUMMARY
***

"A0":  place at address 0x800'0000 { ro section .intvec };
"P1":  place in [from 0x800'0000 to 0x803'ffff] { ro };
define block CSTACK with size = 1K, alignment = 8 { };
define block HEAP with size = 512, alignment = 8 { };
"P2":  place in [from 0x2000'0000 to 0x2000'7fff] {
          rw, block CSTACK, block HEAP };
initialize by copy { rw };

  Section            Kind         Address    Size  Object
  -------            ----         -------    ----  ------
"A0":                                       0x124
  .intvec            ro code   0x800'0000   0x124  startup_stm32l151xc.o [1]
                             - 0x800'0124   0x124

"P1":                                      0x2e96
  .text              ro code   0x800'0124   0x61c  stm32l1xx_hal_rcc.o [1]
  .text              ro code   0x800'0740     0xc  stm32l1xx_hal.o [1]
  .text              ro code   0x800'074c    0x44  stm32l1xx_hal.o [1]
  .text              ro code   0x800'0790   0x106  I64DivMod_small.o [4]
  .text              ro code   0x800'0896    0x3a  zero_init3.o [4]
  .text              ro code   0x800'08d0    0xac  stm32l1xx_hal_cortex.o [1]
  .text              ro code   0x800'097c     0x2  I64DivZer.o [4]
  .text              ro code   0x800'0980   0x462  stm32l1xx_hal_tim.o [1]
  .text              ro code   0x800'0de4   0x11c  tim.o [1]
  .text              ro code   0x800'0f00     0x2  stm32l1xx_hal_tim.o [1]
  .text              ro code   0x800'0f02    0x14  memset.o [4]
  .text              ro code   0x800'0f18    0xc0  main.o [1]
  .text              ro code   0x800'0fd8    0x64  stm32l1xx_hal_tim_ex.o [1]
  .text              ro code   0x800'103c   0x1d4  stm32l1xx_hal_gpio.o [1]
  .text              ro code   0x800'1210    0x66  ABImemset.o [4]
  .text              ro code   0x800'1278    0x1e  stm32l1xx_hal.o [1]
  .text              ro code   0x800'1298   0x124  gpio.o [1]
  .text              ro code   0x800'13bc    0xa0  rtc.o [1]
  .text              ro code   0x800'145c    0x2c  iwdg.o [1]
  .text              ro code   0x800'1488    0x2a  user_app_comm.o [1]
  .text              ro code   0x800'14b4   0x10c  stm32l1xx_hal_rcc_ex.o [1]
  .text              ro code   0x800'15c0    0x44  stm32l1xx_hal_msp.o [1]
  .text              ro code   0x800'1604   0x33a  stm32l1xx_hal_rtc.o [1]
  .text              ro code   0x800'193e    0x5e  stm32l1xx_hal_iwdg.o [1]
  .text              ro code   0x800'199c   0x3a4  user_app_lcd.o [1]
  .text              ro code   0x800'1d40   0x284  user_app_menu_display.o [1]
  .text              ro code   0x800'1fc4   0x2f8  user_app_feed_shrimp.o [1]
  .text              ro code   0x800'22bc    0x28  stm32l1xx_hal.o [1]
  .text              ro code   0x800'22e4    0xdc  user_app_relay.o [1]
  .text              ro code   0x800'23c0   0x29c  user_app_button.o [1]
  .text              ro code   0x800'265c   0x2a0  CLCD.o [1]
  .text              ro code   0x800'28fc     0x6  ABImemclr4.o [4]
  .text              ro code   0x800'2902    0x30  event_driven.o [1]
  .text              ro code   0x800'2934    0xf2  onchipflash.o [1]
  .text              ro code   0x800'2a28    0x32  ABImemset48.o [4]
  .text              ro code   0x800'2a5c   0x170  stm32l1xx_hal_flash.o [1]
  .text              ro code   0x800'2bcc    0x2c  stm32l1xx_hal_flash_ex.o [1]
  .text              ro code   0x800'2bf8    0x78  lz77_init_single.o [4]
  .text              ro code   0x800'2c70    0x28  data_init.o [4]
  .iar.init_table    const     0x800'2c98    0x20  - Linker created -
  .text              ro code   0x800'2cb8    0x20  system_stm32l1xx.o [1]
  .text              ro code   0x800'2cd8    0x1e  cmain.o [4]
  .text              ro code   0x800'2cf6     0x4  low_level_init.o [2]
  .text              ro code   0x800'2cfa     0x4  exit.o [2]
  .text              ro code   0x800'2d00     0xa  cexit.o [4]
  .text              ro code   0x800'2d0c    0x14  exit.o [5]
  .rodata            const     0x800'2d20    0x14  user_app_lcd.o [1]
  .rodata            const     0x800'2d34    0x14  user_app_lcd.o [1]
  .rodata            const     0x800'2d48    0x14  user_app_lcd.o [1]
  .rodata            const     0x800'2d5c    0x14  user_app_lcd.o [1]
  .text              ro code   0x800'2d70    0x14  stm32l1xx_it.o [1]
  .text              ro code   0x800'2d84    0x10  stm32l1xx_hal.o [1]
  .text              ro code   0x800'2d94    0x10  startup_stm32l151xc.o [1]
  .rodata            const     0x800'2da4     0xc  user_app_lcd.o [1]
  .rodata            const     0x800'2db0     0xc  user_app_lcd.o [1]
  .text              ro code   0x800'2dbc     0xc  cstartup_M.o [4]
  .text              ro code   0x800'2dc8     0x4  startup_stm32l151xc.o [1]
  .text              ro code   0x800'2dcc     0x4  startup_stm32l151xc.o [1]
  .text              ro code   0x800'2dd0     0x4  startup_stm32l151xc.o [1]
  .text              ro code   0x800'2dd4     0x4  startup_stm32l151xc.o [1]
  .text              ro code   0x800'2dd8     0x4  startup_stm32l151xc.o [1]
  .text              ro code   0x800'2ddc     0x4  startup_stm32l151xc.o [1]
  .text              ro code   0x800'2de0     0x4  startup_stm32l151xc.o [1]
  .text              ro code   0x800'2de4     0x4  startup_stm32l151xc.o [1]
  .text              ro code   0x800'2de8     0x4  startup_stm32l151xc.o [1]
  .text              ro code   0x800'2dec     0x4  startup_stm32l151xc.o [1]
  .text              ro code   0x800'2df0     0x4  startup_stm32l151xc.o [1]
  .text              ro code   0x800'2df4     0x4  startup_stm32l151xc.o [1]
  .text              ro code   0x800'2df8     0x4  startup_stm32l151xc.o [1]
  .text              ro code   0x800'2dfc     0x4  startup_stm32l151xc.o [1]
  .text              ro code   0x800'2e00     0x4  startup_stm32l151xc.o [1]
  .text              ro code   0x800'2e04     0x4  startup_stm32l151xc.o [1]
  .text              ro code   0x800'2e08     0x4  startup_stm32l151xc.o [1]
  .text              ro code   0x800'2e0c     0x4  startup_stm32l151xc.o [1]
  .text              ro code   0x800'2e10     0x4  startup_stm32l151xc.o [1]
  .text              ro code   0x800'2e14     0x4  startup_stm32l151xc.o [1]
  .text              ro code   0x800'2e18     0x4  startup_stm32l151xc.o [1]
  .text              ro code   0x800'2e1c     0x4  startup_stm32l151xc.o [1]
  .text              ro code   0x800'2e20     0x4  startup_stm32l151xc.o [1]
  .text              ro code   0x800'2e24     0x4  startup_stm32l151xc.o [1]
  .text              ro code   0x800'2e28     0x4  startup_stm32l151xc.o [1]
  .text              ro code   0x800'2e2c     0x4  startup_stm32l151xc.o [1]
  .text              ro code   0x800'2e30     0x4  startup_stm32l151xc.o [1]
  .text              ro code   0x800'2e34     0x4  startup_stm32l151xc.o [1]
  .text              ro code   0x800'2e38     0x4  startup_stm32l151xc.o [1]
  .text              ro code   0x800'2e3c     0x4  startup_stm32l151xc.o [1]
  .text              ro code   0x800'2e40     0x4  startup_stm32l151xc.o [1]
  .text              ro code   0x800'2e44     0x4  startup_stm32l151xc.o [1]
  .text              ro code   0x800'2e48     0x4  startup_stm32l151xc.o [1]
  .text              ro code   0x800'2e4c     0x4  startup_stm32l151xc.o [1]
  .text              ro code   0x800'2e50     0x4  startup_stm32l151xc.o [1]
  .text              ro code   0x800'2e54     0x4  startup_stm32l151xc.o [1]
  .text              ro code   0x800'2e58     0x4  startup_stm32l151xc.o [1]
  .text              ro code   0x800'2e5c     0x4  startup_stm32l151xc.o [1]
  .text              ro code   0x800'2e60     0x4  startup_stm32l151xc.o [1]
  .text              ro code   0x800'2e64     0x4  startup_stm32l151xc.o [1]
  .text              ro code   0x800'2e68     0x4  startup_stm32l151xc.o [1]
  .text              ro code   0x800'2e6c     0x4  startup_stm32l151xc.o [1]
  .text              ro code   0x800'2e70     0x4  startup_stm32l151xc.o [1]
  .text              ro code   0x800'2e74     0x4  startup_stm32l151xc.o [1]
  .text              ro code   0x800'2e78     0x4  startup_stm32l151xc.o [1]
  .text              ro code   0x800'2e7c     0x4  startup_stm32l151xc.o [1]
  .text              ro code   0x800'2e80     0x4  startup_stm32l151xc.o [1]
  .text              ro code   0x800'2e84     0x4  startup_stm32l151xc.o [1]
  .text              ro code   0x800'2e88     0x4  startup_stm32l151xc.o [1]
  .text              ro code   0x800'2e8c     0x4  startup_stm32l151xc.o [1]
  .text              ro code   0x800'2e90     0x4  startup_stm32l151xc.o [1]
  .text              ro code   0x800'2e94     0x4  startup_stm32l151xc.o [1]
  .rodata            const     0x800'2e98     0x0  zero_init3.o [4]
  .rodata            const     0x800'2e98     0x0  lz77_init_single.o [4]
  Initializer bytes  const     0x800'2e98   0x122  <for P2-1>
                             - 0x800'2fba  0x2e96

"P2", part 1 of 3:                          0x2a4
  P2-1                        0x2000'0000   0x2a4  <Init block>
    .data            inited   0x2000'0000     0xc  stm32l1xx_hal.o [1]
    .data            inited   0x2000'000c     0x4  system_stm32l1xx.o [1]
    .data            inited   0x2000'0010    0x90  user_app_button.o [1]
    .data            inited   0x2000'00a0    0x60  user_app_feed_shrimp.o [1]
    .data            inited   0x2000'0100    0x20  user_app_lcd.o [1]
    .data            inited   0x2000'0120    0x94  user_app_lcd.o [1]
    .data            inited   0x2000'01b4    0x28  user_app_lcd.o [1]
    .data            inited   0x2000'01dc    0x20  user_app_lcd.o [1]
    .data            inited   0x2000'01fc    0x30  user_app_lcd.o [1]
    .data            inited   0x2000'022c    0x2c  user_app_menu_display.o [1]
    .data            inited   0x2000'0258    0x30  user_app_relay.o [1]
    .data            inited   0x2000'0288    0x14  user_app_relay.o [1]
    .data            inited   0x2000'029c     0x2  user_app_button.o [1]
    .data            inited   0x2000'029e     0x2  user_app_button.o [1]
    .data            inited   0x2000'02a0     0x2  user_app_button.o [1]
    .data            inited   0x2000'02a2     0x2  user_app_button.o [1]
                            - 0x2000'02a4   0x2a4

"P2", part 2 of 3:                           0xcc
  .bss               zero     0x2000'02a4    0x40  tim.o [1]
  .bss               zero     0x2000'02e4    0x20  rtc.o [1]
  .bss               zero     0x2000'0304    0x20  user_app_feed_shrimp.o [1]
  .bss               zero     0x2000'0324    0x18  stm32l1xx_hal_flash.o [1]
  .bss               zero     0x2000'033c    0x16  user_app_feed_shrimp.o [1]
  .bss               zero     0x2000'0352     0x1  user_app_lcd.o [1]
  .bss               zero     0x2000'0353     0x1  user_app_lcd.o [1]
  .bss               zero     0x2000'0354     0xc  iwdg.o [1]
  .bss               zero     0x2000'0360     0x8  user_app_lcd.o [1]
  .bss               zero     0x2000'0368     0x3  user_app_lcd.o [1]
  .bss               zero     0x2000'036b     0x3  user_app_lcd.o [1]
  .bss               zero     0x2000'036e     0x1  user_app_lcd.o [1]
                            - 0x2000'036f    0xcb

"P2", part 3 of 3:                          0x400
  CSTACK                      0x2000'0370   0x400  <Block>
    CSTACK           uninit   0x2000'0370   0x400  <Block tail>
                            - 0x2000'0770   0x400

Unused ranges:

         From           To      Size
         ----           --      ----
   0x800'2fba   0x803'ffff  0x3'd046
  0x2000'0770  0x2000'7fff    0x7890


*******************************************************************************
*** INIT TABLE
***

          Address      Size
          -------      ----
Zero (__iar_zero_init3)
    1 destination range, total size 0xcb:
          0x2000'02a4   0xcb

Copy/lz77 (__iar_lz77_init_single3)
    1 source range, total size 0x122 (42% of destination):
           0x800'2e98  0x122
    1 destination range, total size 0x2a4:
          0x2000'0000  0x2a4



*******************************************************************************
*** MODULE SUMMARY
***

    Module                    ro code  ro data  rw data
    ------                    -------  -------  -------
command line/config:
    ---------------------------------------------------
    Total:

D:\Project_STM32\Saoviet_Feed_Shrimp_ver2\Project_Feed_Shrimp_ver2\EWARM\Project_Feed_Shrimp_ver2\Obj: [1]
    CLCD.o                        672
    event_driven.o                 48
    gpio.o                        292
    iwdg.o                         44                12
    main.o                        192
    onchipflash.o                 242
    rtc.o                         160                32
    startup_stm32l151xc.o         516
    stm32l1xx_hal.o               166        5       12
    stm32l1xx_hal_cortex.o        172
    stm32l1xx_hal_flash.o         368                24
    stm32l1xx_hal_flash_ex.o       44
    stm32l1xx_hal_gpio.o          468
    stm32l1xx_hal_iwdg.o           94
    stm32l1xx_hal_msp.o            68
    stm32l1xx_hal_rcc.o         1'564
    stm32l1xx_hal_rcc_ex.o        268
    stm32l1xx_hal_rtc.o           826
    stm32l1xx_hal_tim.o         1'124
    stm32l1xx_hal_tim_ex.o        100
    stm32l1xx_it.o                 20
    system_stm32l1xx.o             32        1        4
    tim.o                         284                64
    user_app_button.o             668       66      152
    user_app_comm.o                42
    user_app_feed_shrimp.o        760       41      150
    user_app_lcd.o                932      233      317
    user_app_menu_display.o       644       19       44
    user_app_relay.o              220       29       68
    ---------------------------------------------------
    Total:                     11'030      394      879

dl7M_tlf.a: [2]
    exit.o                          4
    low_level_init.o                4
    ---------------------------------------------------
    Total:                          8

m7M_tl.a: [3]
    ---------------------------------------------------
    Total:

rt7M_tl.a: [4]
    ABImemclr4.o                    6
    ABImemset.o                   102
    ABImemset48.o                  50
    I64DivMod_small.o             262
    I64DivZer.o                     2
    cexit.o                        10
    cmain.o                        30
    cstartup_M.o                   12
    data_init.o                    40
    lz77_init_single.o            120
    memset.o                       20
    zero_init3.o                   58
    ---------------------------------------------------
    Total:                        712

shb_l.a: [5]
    exit.o                         20
    ---------------------------------------------------
    Total:                         20

    Gaps                           22
    Linker created                          32    1'024
-------------------------------------------------------
    Grand Total:               11'792      426    1'903


*******************************************************************************
*** ENTRY LIST
***

Entry                       Address   Size  Type      Object
-----                       -------   ----  ----      ------
.iar.init_table$$Base    0x800'2c98          --   Gb  - Linker created -
.iar.init_table$$Limit   0x800'2cb8          --   Gb  - Linker created -
?main                    0x800'2cd9         Code  Gb  cmain.o [4]
AHBPrescTable            0x800'2cc8   0x10  Data  Gb  system_stm32l1xx.o [1]
AppButton_Task           0x800'25ff   0x40  Code  Gb  user_app_button.o [1]
AppFeed_Task             0x800'2257   0x40  Code  Gb  user_app_feed_shrimp.o [1]
AppLcd_Task              0x800'1cad   0x40  Code  Gb  user_app_lcd.o [1]
AppMenu_Task             0x800'1f6b   0x40  Code  Gb  user_app_menu_display.o [1]
AppRelay_Task            0x800'2371   0x40  Code  Gb  user_app_relay.o [1]
BT_Menu_Main_1           0x800'1dd9   0x92  Code  Gb  user_app_menu_display.o [1]
BT_Menu_Main_2           0x800'1e6d   0xda  Code  Gb  user_app_menu_display.o [1]
BusFault_Handler         0x800'2d77    0x2  Code  Gb  stm32l1xx_it.o [1]
CLCD_4BIT_Init           0x800'27ad   0xce  Code  Gb  CLCD.o [1]
CLCD_Delay               0x800'265d    0x4  Code  Lc  CLCD.o [1]
CLCD_SetCursor           0x800'2885   0x42  Code  Gb  CLCD.o [1]
CLCD_Write4              0x800'26e1   0x9a  Code  Lc  CLCD.o [1]
CLCD_Write8              0x800'2661   0x80  Code  Lc  CLCD.o [1]
CLCD_WriteChar           0x800'28c7   0x18  Code  Gb  CLCD.o [1]
CLCD_WriteString         0x800'28df   0x1a  Code  Gb  CLCD.o [1]
CSTACK$$Base            0x2000'0370          --   Gb  - Linker created -
CSTACK$$Limit           0x2000'0770          --   Gb  - Linker created -
Control_MotorLevel       0x800'2137    0xe  Code  Gb  user_app_feed_shrimp.o [1]
DLCD_Main_1              0x800'19c3   0x60  Code  Gb  user_app_lcd.o [1]
DLCD_Main_1_Entry        0x800'1a23   0x14  Code  Gb  user_app_lcd.o [1]
DLCD_Main_2              0x800'1a37   0x62  Code  Gb  user_app_lcd.o [1]
DLCD_Main_2_Entry        0x800'1aaf   0x14  Code  Gb  user_app_lcd.o [1]
DebugMon_Handler         0x800'2d7d    0x2  Code  Gb  stm32l1xx_it.o [1]
Error_Handler            0x800'0fd5    0x4  Code  Gb  main.o [1]
FLASH_PageErase          0x800'2bcd   0x22  Code  Gb  stm32l1xx_hal_flash_ex.o [1]
FLASH_SetErrorCode       0x800'2b37   0x78  Code  Lc  stm32l1xx_hal_flash.o [1]
FLASH_WaitForLastOperation
                         0x800'2ad5   0x62  Code  Gb  stm32l1xx_hal_flash.o [1]
Gettick                 0x2000'031c    0x4  Data  Gb  user_app_feed_shrimp.o [1]
HAL_Delay                0x800'22bd   0x28  Code  Wk  stm32l1xx_hal.o [1]
HAL_FLASH_Lock           0x800'2ac5    0xa  Code  Gb  stm32l1xx_hal_flash.o [1]
HAL_FLASH_Program        0x800'2a5d   0x36  Code  Gb  stm32l1xx_hal_flash.o [1]
HAL_FLASH_Unlock         0x800'2a93   0x32  Code  Gb  stm32l1xx_hal_flash.o [1]
HAL_GPIO_Init            0x800'103d  0x19e  Code  Gb  stm32l1xx_hal_gpio.o [1]
HAL_GPIO_ReadPin         0x800'11db    0xc  Code  Gb  stm32l1xx_hal_gpio.o [1]
HAL_GPIO_WritePin        0x800'11e7    0x8  Code  Gb  stm32l1xx_hal_gpio.o [1]
HAL_GetTick              0x800'0741    0xc  Code  Wk  stm32l1xx_hal.o [1]
HAL_IWDG_Init            0x800'193f   0x52  Code  Gb  stm32l1xx_hal_iwdg.o [1]
HAL_IWDG_Refresh         0x800'1991    0xc  Code  Gb  stm32l1xx_hal_iwdg.o [1]
HAL_IncTick              0x800'2d85   0x10  Code  Wk  stm32l1xx_hal.o [1]
HAL_Init                 0x800'1279   0x1e  Code  Gb  stm32l1xx_hal.o [1]
HAL_InitTick             0x800'074d   0x44  Code  Wk  stm32l1xx_hal.o [1]
HAL_MspInit              0x800'15c1   0x44  Code  Gb  stm32l1xx_hal_msp.o [1]
HAL_NVIC_SetPriority     0x800'0905   0x3a  Code  Gb  stm32l1xx_hal_cortex.o [1]
HAL_NVIC_SetPriorityGrouping
                         0x800'08eb   0x1a  Code  Gb  stm32l1xx_hal_cortex.o [1]
HAL_RCCEx_PeriphCLKConfig
                         0x800'14b5   0xfe  Code  Gb  stm32l1xx_hal_rcc_ex.o [1]
HAL_RCC_ClockConfig      0x800'04df  0x138  Code  Gb  stm32l1xx_hal_rcc.o [1]
HAL_RCC_GetSysClockFreq
                         0x800'0639   0x5e  Code  Gb  stm32l1xx_hal_rcc.o [1]
HAL_RCC_OscConfig        0x800'0125  0x3a0  Code  Gb  stm32l1xx_hal_rcc.o [1]
HAL_RTC_GetDate          0x800'182d   0x3c  Code  Gb  stm32l1xx_hal_rtc.o [1]
HAL_RTC_GetTime          0x800'1759   0x42  Code  Gb  stm32l1xx_hal_rtc.o [1]
HAL_RTC_Init             0x800'1605   0x98  Code  Gb  stm32l1xx_hal_rtc.o [1]
HAL_RTC_MspInit          0x800'143f   0x10  Code  Gb  rtc.o [1]
HAL_RTC_SetDate          0x800'17a1   0x8c  Code  Gb  stm32l1xx_hal_rtc.o [1]
HAL_RTC_SetTime          0x800'169d   0xac  Code  Gb  stm32l1xx_hal_rtc.o [1]
HAL_RTC_WaitForSynchro   0x800'187d   0x30  Code  Gb  stm32l1xx_hal_rtc.o [1]
HAL_SYSTICK_Config       0x800'093f   0x28  Code  Gb  stm32l1xx_hal_cortex.o [1]
HAL_TIMEx_MasterConfigSynchronization
                         0x800'0fd9   0x56  Code  Gb  stm32l1xx_hal_tim_ex.o [1]
HAL_TIM_Base_Init        0x800'0981   0x1a  Code  Gb  stm32l1xx_hal_tim.o [1]
HAL_TIM_Base_MspInit     0x800'0e85   0x22  Code  Gb  tim.o [1]
HAL_TIM_ConfigClockSource
                         0x800'0b63   0xaa  Code  Gb  stm32l1xx_hal_tim.o [1]
HAL_TIM_MspPostInit      0x800'0ea7   0x48  Code  Gb  tim.o [1]
HAL_TIM_PWM_ConfigChannel
                         0x800'0a9f   0xb6  Code  Gb  stm32l1xx_hal_tim.o [1]
HAL_TIM_PWM_Init         0x800'09b9   0x1a  Code  Gb  stm32l1xx_hal_tim.o [1]
HAL_TIM_PWM_Start        0x800'09d3   0x78  Code  Gb  stm32l1xx_hal_tim.o [1]
Handle_Menu_Button       0x800'1f47   0x10  Code  Gb  user_app_menu_display.o [1]
HardFault_Handler        0x800'2d73    0x2  Code  Gb  stm32l1xx_it.o [1]
Init_AppFeed             0x800'2247   0x10  Code  Gb  user_app_feed_shrimp.o [1]
Init_AppLcd              0x800'1cab    0x2  Code  Gb  user_app_lcd.o [1]
Init_AppMenuDisplay      0x800'1f69    0x2  Code  Gb  user_app_menu_display.o [1]
Init_LCD16x2             0x800'1b89   0x3e  Code  Gb  user_app_lcd.o [1]
Init_LevelFeed           0x800'21e9   0x20  Code  Gb  user_app_feed_shrimp.o [1]
Init_StateFeed           0x800'2171   0x16  Code  Gb  user_app_feed_shrimp.o [1]
Init_TimeFeed            0x800'2209   0x3e  Code  Gb  user_app_feed_shrimp.o [1]
LCD                     0x2000'015c   0x58  Data  Gb  user_app_lcd.o [1]
LCD_Display_Uint         0x800'1c05   0x62  Code  Gb  user_app_lcd.o [1]
LCD_Display_Uint_Time    0x800'1c67   0x44  Code  Gb  user_app_lcd.o [1]
MX_GPIO_Init             0x800'1299   0xfe  Code  Gb  gpio.o [1]
MX_IWDG_Init             0x800'145d   0x2c  Code  Gb  iwdg.o [1]
MX_RTC_Init              0x800'13bd   0x82  Code  Gb  rtc.o [1]
MX_TIM2_Init             0x800'0de5   0xa0  Code  Gb  tim.o [1]
Main_1_Level_Alter       0x800'1ac3   0x1c  Code  Gb  user_app_lcd.o [1]
Main_1_Level_Alter::stamp
                        0x2000'0158    0x2  Data  Lc  user_app_lcd.o [1]
Main_1_Time_Alter        0x800'1adf   0x10  Code  Gb  user_app_lcd.o [1]
Main_1_Time_Alter::stampHH
                        0x2000'0368    0x1  Data  Lc  user_app_lcd.o [1]
Main_1_Time_Alter::stampMM
                        0x2000'0369    0x1  Data  Lc  user_app_lcd.o [1]
Main_1_Time_Alter::stampSS
                        0x2000'036a    0x1  Data  Lc  user_app_lcd.o [1]
Main_2_Cycle_Alter       0x800'1b6d   0x1c  Code  Gb  user_app_lcd.o [1]
Main_2_Cycle_Alter::stamp
                        0x2000'036e    0x1  Data  Lc  user_app_lcd.o [1]
Main_2_Free_Alter        0x800'1b51   0x1c  Code  Gb  user_app_lcd.o [1]
Main_2_Free_Alter::stamp
                        0x2000'0353    0x1  Data  Lc  user_app_lcd.o [1]
Main_2_Run_Alter         0x800'1b33   0x18  Code  Gb  user_app_lcd.o [1]
Main_2_Run_Alter::stampRun
                        0x2000'0352    0x1  Data  Lc  user_app_lcd.o [1]
Main_2_Time_Alter        0x800'1aef    0xc  Code  Gb  user_app_lcd.o [1]
Main_2_Time_Alter::stampHH
                        0x2000'036b    0x1  Data  Lc  user_app_lcd.o [1]
Main_2_Time_Alter::stampMM
                        0x2000'036c    0x1  Data  Lc  user_app_lcd.o [1]
Main_2_Time_Alter::stampSS
                        0x2000'036d    0x1  Data  Lc  user_app_lcd.o [1]
Main_Task                0x800'1489   0x2a  Code  Gb  user_app_comm.o [1]
MemManage_Handler        0x800'2d75    0x2  Code  Gb  stm32l1xx_it.o [1]
Menu_ResetStamp          0x800'1f57   0x12  Code  Gb  user_app_menu_display.o [1]
NMI_Handler              0x800'2d71    0x2  Code  Gb  stm32l1xx_it.o [1]
Off_MotorLevel           0x800'2145    0xe  Code  Gb  user_app_feed_shrimp.o [1]
OnOff_Relay              0x800'2355   0x1c  Code  Gb  user_app_relay.o [1]
OnchipFlashPageErase     0x800'298d   0x36  Code  Gb  onchipflash.o [1]
OnchipFlashWriteData     0x800'2935   0x50  Code  Gb  onchipflash.o [1]
PLLMulTable              0x800'2cbc    0xc  Data  Gb  system_stm32l1xx.o [1]
PendSV_Handler           0x800'2d7f    0x2  Code  Gb  stm32l1xx_it.o [1]
RCC_SetFlashLatencyFromMSIRange
                         0x800'0697   0x72  Code  Lc  stm32l1xx_hal_rcc.o [1]
RELAY_PIN               0x2000'0288    0x8  Data  Lc  user_app_relay.o [1]
RELAY_PORT              0x2000'0290    0xc  Data  Lc  user_app_relay.o [1]
RTC_Bcd2ToByte           0x800'192f   0x10  Code  Gb  stm32l1xx_hal_rtc.o [1]
RTC_ByteToBcd2           0x800'1919   0x16  Code  Gb  stm32l1xx_hal_rtc.o [1]
RTC_EnterInitMode        0x800'18ad   0x42  Code  Gb  stm32l1xx_hal_rtc.o [1]
RTC_ExitInitMode         0x800'18ef   0x2a  Code  Gb  stm32l1xx_hal_rtc.o [1]
Region$$Table$$Base      0x800'2c98          --   Gb  - Linker created -
Region$$Table$$Limit     0x800'2cb8          --   Gb  - Linker created -
SVC_Handler              0x800'2d7b    0x2  Code  Gb  stm32l1xx_it.o [1]
Save_Array               0x800'29c9   0x16  Code  Gb  onchipflash.o [1]
Save_LevelFeed           0x800'21c5   0x24  Code  Gb  user_app_feed_shrimp.o [1]
Save_StateFeed           0x800'2153   0x1e  Code  Gb  user_app_feed_shrimp.o [1]
Save_TimeFeed            0x800'2187   0x3e  Code  Gb  user_app_feed_shrimp.o [1]
Set_Time                 0x800'1bc7   0x3e  Code  Gb  user_app_lcd.o [1]
SysTick_Handler          0x800'2d81    0x4  Code  Gb  stm32l1xx_it.o [1]
SystemClock_Config       0x800'0f39   0x96  Code  Gb  main.o [1]
SystemCoreClock         0x2000'000c    0x4  Data  Gb  system_stm32l1xx.o [1]
SystemInit               0x800'2cb9    0x2  Code  Gb  system_stm32l1xx.o [1]
TIM_Base_SetConfig       0x800'0c27   0x68  Code  Lc  stm32l1xx_hal_tim.o [1]
TIM_CCxChannelCmd        0x800'0dc7   0x16  Code  Lc  stm32l1xx_hal_tim.o [1]
TIM_ETR_SetConfig        0x800'0db3   0x14  Code  Lc  stm32l1xx_hal_tim.o [1]
TIM_ITRx_SetConfig       0x800'0da3   0x10  Code  Lc  stm32l1xx_hal_tim.o [1]
TIM_OC1_SetConfig        0x800'0c8f   0x2c  Code  Lc  stm32l1xx_hal_tim.o [1]
TIM_OC2_SetConfig        0x800'0cbb   0x26  Code  Lc  stm32l1xx_hal_tim.o [1]
TIM_OC3_SetConfig        0x800'0ce1   0x2e  Code  Lc  stm32l1xx_hal_tim.o [1]
TIM_OC4_SetConfig        0x800'0d0f   0x26  Code  Lc  stm32l1xx_hal_tim.o [1]
TIM_TI1_ConfigInputStage
                         0x800'0d61   0x1e  Code  Lc  stm32l1xx_hal_tim.o [1]
TIM_TI2_ConfigInputStage
                         0x800'0d7f   0x24  Code  Lc  stm32l1xx_hal_tim.o [1]
UsageFault_Handler       0x800'2d79    0x2  Code  Gb  stm32l1xx_it.o [1]
User_Button_Down_Click   0x800'1db3    0x4  Code  Gb  user_app_menu_display.o [1]
User_Button_Down_Hold_Cycle
                         0x800'1dc3    0x4  Code  Gb  user_app_menu_display.o [1]
User_Button_Down_Hold_Once
                         0x800'1dd3    0x4  Code  Gb  user_app_menu_display.o [1]
User_Button_Enter_Click
                         0x800'1da7    0x4  Code  Gb  user_app_menu_display.o [1]
User_Button_Enter_Hold_Cycle
                         0x800'1db7    0x4  Code  Gb  user_app_menu_display.o [1]
User_Button_Enter_Hold_Once
                         0x800'1dc7    0x4  Code  Gb  user_app_menu_display.o [1]
User_Button_Exit_Click   0x800'1dab    0x4  Code  Gb  user_app_menu_display.o [1]
User_Button_Exit_Hold_Cycle
                         0x800'1dbb    0x4  Code  Gb  user_app_menu_display.o [1]
User_Button_Exit_Hold_Once
                         0x800'1dcb    0x4  Code  Gb  user_app_menu_display.o [1]
User_Button_Up_Click     0x800'1daf    0x4  Code  Gb  user_app_menu_display.o [1]
User_Button_Up_Hold_Cycle
                         0x800'1dbf    0x4  Code  Gb  user_app_menu_display.o [1]
User_Button_Up_Hold_Once
                         0x800'1dcf    0x4  Code  Gb  user_app_menu_display.o [1]
__NVIC_SetPriority       0x800'08d1   0x1a  Code  Lc  stm32l1xx_hal_cortex.o [1]
__aeabi_ldiv0            0x800'097d         Code  Gb  I64DivZer.o [4]
__aeabi_memclr4          0x800'28fd         Code  Gb  ABImemclr4.o [4]
__aeabi_memset           0x800'1211         Code  Gb  ABImemset.o [4]
__cmain                  0x800'2cd9         Code  Gb  cmain.o [4]
__exit                   0x800'2d0d   0x14  Code  Gb  exit.o [5]
__iar_Memset             0x800'1211         Code  Gb  ABImemset.o [4]
__iar_Memset4_word       0x800'2a29         Code  Gb  ABImemset48.o [4]
__iar_Memset8_word       0x800'2a29         Code  Gb  ABImemset48.o [4]
__iar_Memset_word        0x800'1219         Code  Gb  ABImemset.o [4]
__iar_data_init3         0x800'2c71   0x28  Code  Gb  data_init.o [4]
__iar_lz77_init_single3
                         0x800'2bf9   0x78  Code  Gb  lz77_init_single.o [4]
__iar_program_start      0x800'2dbd         Code  Gb  cstartup_M.o [4]
__iar_small_uldivmod     0x800'0791         Code  Gb  I64DivMod_small.o [4]
__iar_zero_init3         0x800'0897   0x3a  Code  Gb  zero_init3.o [4]
__low_level_init         0x800'2cf7    0x4  Code  Gb  low_level_init.o [2]
__vector_table           0x800'0000         Data  Gb  startup_stm32l151xc.o [1]
_call_main               0x800'2ce5         Code  Gb  cmain.o [4]
_exit                    0x800'2d01         Code  Gb  cexit.o [4]
_main                    0x800'2cf3         Code  Gb  cmain.o [4]
exit                     0x800'2cfb    0x4  Code  Gb  exit.o [2]
fevent_active            0x800'2903   0x10  Code  Gb  event_driven.o [1]
fevent_button_click_down
                         0x800'24e1   0x4c  Code  Lc  user_app_button.o [1]
fevent_button_click_down::state_before
                        0x2000'02a1    0x1  Data  Lc  user_app_button.o [1]
fevent_button_click_down::state_current
                        0x2000'02a0    0x1  Data  Lc  user_app_button.o [1]
fevent_button_click_enter
                         0x800'23c5   0x4c  Code  Lc  user_app_button.o [1]
fevent_button_click_enter::state_before
                        0x2000'029d    0x1  Data  Lc  user_app_button.o [1]
fevent_button_click_enter::state_current
                        0x2000'029c    0x1  Data  Lc  user_app_button.o [1]
fevent_button_click_exit
                         0x800'2571   0x4e  Code  Lc  user_app_button.o [1]
fevent_button_click_exit::state_before
                        0x2000'02a3    0x1  Data  Lc  user_app_button.o [1]
fevent_button_click_exit::state_current
                        0x2000'02a2    0x1  Data  Lc  user_app_button.o [1]
fevent_button_click_up   0x800'2445   0x4a  Code  Lc  user_app_button.o [1]
fevent_button_click_up::state_before
                        0x2000'029f    0x1  Data  Lc  user_app_button.o [1]
fevent_button_click_up::state_current
                        0x2000'029e    0x1  Data  Lc  user_app_button.o [1]
fevent_button_entry      0x800'23c1    0x4  Code  Lc  user_app_button.o [1]
fevent_button_hold_down
                         0x800'2539   0x32  Code  Lc  user_app_button.o [1]
fevent_button_hold_enter
                         0x800'2411   0x34  Code  Lc  user_app_button.o [1]
fevent_button_hold_exit
                         0x800'25bf   0x36  Code  Lc  user_app_button.o [1]
fevent_button_hold_up    0x800'249f   0x30  Code  Lc  user_app_button.o [1]
fevent_control_led_run   0x800'232b   0x28  Code  Lc  user_app_relay.o [1]
fevent_control_led_status
                         0x800'22f3   0x38  Code  Lc  user_app_relay.o [1]
fevent_disable           0x800'2927    0xc  Code  Gb  event_driven.o [1]
fevent_enable            0x800'2913   0x14  Code  Gb  event_driven.o [1]
fevent_feed_entry        0x800'1fc5    0xa  Code  Lc  user_app_feed_shrimp.o [1]
fevent_feed_get_time_rtc
                         0x800'1fcf   0x5c  Code  Lc  user_app_feed_shrimp.o [1]
fevent_feed_get_time_rtc::check_RTC
                        0x2000'0318    0x1  Data  Lc  user_app_feed_shrimp.o [1]
fevent_feed_level_motor
                         0x800'2111   0x1e  Code  Lc  user_app_feed_shrimp.o [1]
fevent_feed_level_motor::stampLevel
                        0x2000'0350    0x2  Data  Lc  user_app_feed_shrimp.o [1]
fevent_feed_save_level   0x800'20ef   0x12  Code  Lc  user_app_feed_shrimp.o [1]
fevent_feed_save_state   0x800'20d9   0x16  Code  Lc  user_app_feed_shrimp.o [1]
fevent_feed_shrimp       0x800'202b   0x9a  Code  Lc  user_app_feed_shrimp.o [1]
fevent_lcd_entry         0x800'199d   0x22  Code  Lc  user_app_lcd.o [1]
fevent_lcd_get_time_rtc
                         0x800'19bf    0x4  Code  Lc  user_app_lcd.o [1]
fevent_menu_display_alter
                         0x800'1d61   0x46  Code  Lc  user_app_menu_display.o [1]
fevent_menu_entry        0x800'1d41   0x20  Code  Lc  user_app_menu_display.o [1]
fevent_relay_entry       0x800'22e5    0xe  Code  Lc  user_app_relay.o [1]
hiwdg                   0x2000'0354    0xc  Data  Gb  iwdg.o [1]
hrtc                    0x2000'02e4   0x20  Data  Gb  rtc.o [1]
htim2                   0x2000'02a4   0x40  Data  Gb  tim.o [1]
main                     0x800'0f19   0x20  Code  Gb  main.o [1]
memset                   0x800'0f03   0x14  Code  Gb  memset.o [4]
oLCD_C_Main_1           0x2000'01b4   0x28  Data  Gb  user_app_lcd.o [1]
oLCD_C_Main_2           0x2000'01dc   0x20  Data  Gb  user_app_lcd.o [1]
oLCD_U_Main_1           0x2000'0120   0x38  Data  Gb  user_app_lcd.o [1]
oLCD_U_Main_2           0x2000'01fc   0x30  Data  Gb  user_app_lcd.o [1]
pFlash                  0x2000'0324   0x18  Data  Gb  stm32l1xx_hal_flash.o [1]
sDate                   0x2000'0320    0x4  Data  Gb  user_app_feed_shrimp.o [1]
sEventAppButton         0x2000'0010   0x90  Data  Gb  user_app_button.o [1]
sEventAppFeed           0x2000'00a0   0x60  Data  Gb  user_app_feed_shrimp.o [1]
sEventAppLcd            0x2000'0100   0x20  Data  Gb  user_app_lcd.o [1]
sEventAppMenu           0x2000'0230   0x20  Data  Gb  user_app_menu_display.o [1]
sEventAppRelay          0x2000'0258   0x30  Data  Gb  user_app_relay.o [1]
sMenuStamp              0x2000'0250    0x8  Data  Gb  user_app_menu_display.o [1]
sMenuState              0x2000'022c    0x4  Data  Gb  user_app_menu_display.o [1]
sParamFeed              0x2000'033c   0x14  Data  Gb  user_app_feed_shrimp.o [1]
sTime                   0x2000'0304   0x14  Data  Gb  user_app_feed_shrimp.o [1]
sTimeRun                0x2000'0360    0x8  Data  Gb  user_app_lcd.o [1]
uwTick                  0x2000'0000    0x4  Data  Gb  stm32l1xx_hal.o [1]
uwTickFreq              0x2000'0008    0x4  Data  Gb  stm32l1xx_hal.o [1]
uwTickPrio              0x2000'0004    0x4  Data  Gb  stm32l1xx_hal.o [1]


[1] = D:\Project_STM32\Saoviet_Feed_Shrimp_ver2\Project_Feed_Shrimp_ver2\EWARM\Project_Feed_Shrimp_ver2\Obj
[2] = dl7M_tlf.a
[3] = m7M_tl.a
[4] = rt7M_tl.a
[5] = shb_l.a

  11'792 bytes of readonly  code memory
     426 bytes of readonly  data memory
   1'903 bytes of readwrite data memory

Errors: none
Warnings: none
