Component: ARM Compiler 5.06 update 6 (build 750) Tool: armlink [4d35ed]

==============================================================================

Section Cross References

    startup_stm32l151xc.o(RESET) refers to startup_stm32l151xc.o(STACK) for __initial_sp
    startup_stm32l151xc.o(RESET) refers to startup_stm32l151xc.o(.text) for Reset_Handler
    startup_stm32l151xc.o(RESET) refers to stm32l1xx_it.o(i.NMI_Handler) for NMI_Handler
    startup_stm32l151xc.o(RESET) refers to stm32l1xx_it.o(i.HardFault_Handler) for HardFault_Handler
    startup_stm32l151xc.o(RESET) refers to stm32l1xx_it.o(i.MemManage_Handler) for MemManage_Handler
    startup_stm32l151xc.o(RESET) refers to stm32l1xx_it.o(i.BusFault_Handler) for BusFault_Handler
    startup_stm32l151xc.o(RESET) refers to stm32l1xx_it.o(i.UsageFault_Handler) for UsageFault_Handler
    startup_stm32l151xc.o(RESET) refers to stm32l1xx_it.o(i.SVC_Handler) for SVC_Handler
    startup_stm32l151xc.o(RESET) refers to stm32l1xx_it.o(i.DebugMon_Handler) for DebugMon_Handler
    startup_stm32l151xc.o(RESET) refers to stm32l1xx_it.o(i.PendSV_Handler) for PendSV_Handler
    startup_stm32l151xc.o(RESET) refers to stm32l1xx_it.o(i.SysTick_Handler) for SysTick_Handler
    startup_stm32l151xc.o(RESET) refers to stm32l1xx_it.o(i.ADC1_IRQHandler) for ADC1_IRQHandler
    startup_stm32l151xc.o(RESET) refers to stm32l1xx_it.o(i.TIM2_IRQHandler) for TIM2_IRQHandler
    startup_stm32l151xc.o(RESET) refers to stm32l1xx_it.o(i.USART2_IRQHandler) for USART2_IRQHandler
    startup_stm32l151xc.o(.text) refers to system_stm32l1xx.o(i.SystemInit) for SystemInit
    startup_stm32l151xc.o(.text) refers to entry.o(.ARM.Collect$$$$00000000) for __main
    check_button.o(i.BT_Press_Hold_Down) refers to stm32l1xx_hal_gpio.o(i.HAL_GPIO_ReadPin) for HAL_GPIO_ReadPin
    check_button.o(i.BT_Press_Hold_Down) refers to check_button.o(.data) for check_BT_run_down
    check_button.o(i.BT_Press_Hold_Esc) refers to stm32l1xx_hal_gpio.o(i.HAL_GPIO_ReadPin) for HAL_GPIO_ReadPin
    check_button.o(i.BT_Press_Hold_Esc) refers to check_button.o(.data) for check_BT_run_esc
    check_button.o(i.BT_Press_Hold_Up) refers to stm32l1xx_hal_gpio.o(i.HAL_GPIO_ReadPin) for HAL_GPIO_ReadPin
    check_button.o(i.BT_Press_Hold_Up) refers to check_button.o(.data) for check_BT_run_up
    check_button.o(i.GET_SYSTICK_MS) refers to check_button.o(.data) for SYSTICK_count_ms
    check_button.o(i.HAL_SYSTICK_Callback) refers to check_button.o(.data) for SYSTICK_count_ms
    clcd.o(i.CLCD_4BIT_Init) refers to clcd.o(i.CLCD_Delay) for CLCD_Delay
    clcd.o(i.CLCD_4BIT_Init) refers to clcd.o(i.CLCD_Write4) for CLCD_Write4
    clcd.o(i.CLCD_8BIT_Init) refers to clcd.o(i.CLCD_Delay) for CLCD_Delay
    clcd.o(i.CLCD_8BIT_Init) refers to clcd.o(i.CLCD_Write8) for CLCD_Write8
    clcd.o(i.CLCD_BlinkOff) refers to clcd.o(i.CLCD_Write8) for CLCD_Write8
    clcd.o(i.CLCD_BlinkOff) refers to clcd.o(i.CLCD_Write4) for CLCD_Write4
    clcd.o(i.CLCD_BlinkOn) refers to clcd.o(i.CLCD_Write8) for CLCD_Write8
    clcd.o(i.CLCD_BlinkOn) refers to clcd.o(i.CLCD_Write4) for CLCD_Write4
    clcd.o(i.CLCD_Clear) refers to clcd.o(i.CLCD_Write8) for CLCD_Write8
    clcd.o(i.CLCD_Clear) refers to clcd.o(i.CLCD_Write4) for CLCD_Write4
    clcd.o(i.CLCD_Clear) refers to clcd.o(i.CLCD_Delay) for CLCD_Delay
    clcd.o(i.CLCD_CursorOff) refers to clcd.o(i.CLCD_Write8) for CLCD_Write8
    clcd.o(i.CLCD_CursorOff) refers to clcd.o(i.CLCD_Write4) for CLCD_Write4
    clcd.o(i.CLCD_CursorOn) refers to clcd.o(i.CLCD_Write8) for CLCD_Write8
    clcd.o(i.CLCD_CursorOn) refers to clcd.o(i.CLCD_Write4) for CLCD_Write4
    clcd.o(i.CLCD_Delay) refers to stm32l1xx_hal.o(i.HAL_Delay) for HAL_Delay
    clcd.o(i.CLCD_ReturnHome) refers to clcd.o(i.CLCD_Write8) for CLCD_Write8
    clcd.o(i.CLCD_ReturnHome) refers to clcd.o(i.CLCD_Write4) for CLCD_Write4
    clcd.o(i.CLCD_ReturnHome) refers to clcd.o(i.CLCD_Delay) for CLCD_Delay
    clcd.o(i.CLCD_SetCursor) refers to clcd.o(i.CLCD_Write8) for CLCD_Write8
    clcd.o(i.CLCD_SetCursor) refers to clcd.o(i.CLCD_Write4) for CLCD_Write4
    clcd.o(i.CLCD_Write4) refers to stm32l1xx_hal_gpio.o(i.HAL_GPIO_WritePin) for HAL_GPIO_WritePin
    clcd.o(i.CLCD_Write4) refers to clcd.o(i.CLCD_Delay) for CLCD_Delay
    clcd.o(i.CLCD_Write8) refers to stm32l1xx_hal_gpio.o(i.HAL_GPIO_WritePin) for HAL_GPIO_WritePin
    clcd.o(i.CLCD_Write8) refers to clcd.o(i.CLCD_Delay) for CLCD_Delay
    clcd.o(i.CLCD_WriteChar) refers to clcd.o(i.CLCD_Write8) for CLCD_Write8
    clcd.o(i.CLCD_WriteChar) refers to clcd.o(i.CLCD_Write4) for CLCD_Write4
    clcd.o(i.CLCD_WriteString) refers to clcd.o(i.CLCD_WriteChar) for CLCD_WriteChar
    lcd_object.o(i.LCD_Display_ACS_Time1_Time2_Time3) refers to lcd_object.o(i.LCD_Send_Data) for LCD_Send_Data
    lcd_object.o(i.LCD_Display_Esc) refers to lcd_object.o(i.LCD_Send_Data) for LCD_Send_Data
    lcd_object.o(i.LCD_Display_Running_OR_Setup) refers to lcd_object.o(i.LCD_Send_Data) for LCD_Send_Data
[...]
    Removing system_stm32l1xx.o(i.SystemCoreClockUpdate), (220 bytes).
    Removing dadd.o(.text), (334 bytes).
    Removing dmul.o(.text), (228 bytes).
    Removing dflti.o(.text), (34 bytes).
    Removing dfltui.o(.text), (26 bytes).
    Removing dfixui.o(.text), (50 bytes).
    Removing depilogue.o(.text), (186 bytes).
    Removing ddiv.o(.text), (222 bytes).
    Removing dscalb.o(.text), (46 bytes).
    Removing cdrcmple.o(.text), (48 bytes).
    Removing dsqrt.o(.text), (162 bytes).
    Removing cdcmple.o(.text), (48 bytes).

466 unused section(s) (total 30136 bytes) removed from the image.

==============================================================================

Image Symbol Table

    Local Symbols

    Symbol Name                              Value     Ov Type        Size  Object(Section)

    ../Drivers/STM32L1xx_HAL_Driver/Src/stm32l1xx_hal.c 0x00000000   Number         0  stm32l1xx_hal.o ABSOLUTE
    ../Drivers/STM32L1xx_HAL_Driver/Src/stm32l1xx_hal_adc.c 0x00000000   Number         0  stm32l1xx_hal_adc.o ABSOLUTE
    ../Drivers/STM32L1xx_HAL_Driver/Src/stm32l1xx_hal_adc_ex.c 0x00000000   Number         0  stm32l1xx_hal_adc_ex.o ABSOLUTE
    ../Drivers/STM32L1xx_HAL_Driver/Src/stm32l1xx_hal_cortex.c 0x00000000   Number         0  stm32l1xx_hal_cortex.o ABSOLUTE
    ../Drivers/STM32L1xx_HAL_Driver/Src/stm32l1xx_hal_dma.c 0x00000000   Number         0  stm32l1xx_hal_dma.o ABSOLUTE
    ../Drivers/STM32L1xx_HAL_Driver/Src/stm32l1xx_hal_flash.c 0x00000000   Number         0  stm32l1xx_hal_flash.o ABSOLUTE
    ../Drivers/STM32L1xx_HAL_Driver/Src/stm32l1xx_hal_flash_ex.c 0x00000000   Number         0  stm32l1xx_hal_flash_ex.o ABSOLUTE
    ../Drivers/STM32L1xx_HAL_Driver/Src/stm32l1xx_hal_flash_ramfunc.c 0x00000000   Number         0  stm32l1xx_hal_flash_ramfunc.o ABSOLUTE
    ../Drivers/STM32L1xx_HAL_Driver/Src/stm32l1xx_hal_gpio.c 0x00000000   Number         0  stm32l1xx_hal_gpio.o ABSOLUTE
    ../Drivers/STM32L1xx_HAL_Driver/Src/stm32l1xx_hal_pwr.c 0x00000000   Number         0  stm32l1xx_hal_pwr.o ABSOLUTE
    ../Drivers/STM32L1xx_HAL_Driver/Src/stm32l1xx_hal_pwr_ex.c 0x00000000   Number         0  stm32l1xx_hal_pwr_ex.o ABSOLUTE
    ../Drivers/STM32L1xx_HAL_Driver/Src/stm32l1xx_hal_rcc.c 0x00000000   Number         0  stm32l1xx_hal_rcc.o ABSOLUTE
    ../Drivers/STM32L1xx_HAL_Driver/Src/stm32l1xx_hal_rcc_ex.c 0x00000000   Number         0  stm32l1xx_hal_rcc_ex.o ABSOLUTE
    ../Drivers/STM32L1xx_HAL_Driver/Src/stm32l1xx_hal_tim.c 0x00000000   Number         0  stm32l1xx_hal_tim.o ABSOLUTE
    ../Drivers/STM32L1xx_HAL_Driver/Src/stm32l1xx_hal_tim_ex.c 0x00000000   Number         0  stm32l1xx_hal_tim_ex.o ABSOLUTE
    ../Drivers/STM32L1xx_HAL_Driver/Src/stm32l1xx_hal_uart.c 0x00000000   Number         0  stm32l1xx_hal_uart.o ABSOLUTE
    ../Src/main.c                            0x00000000   Number         0  main.o ABSOLUTE
    ../Src/stm32l1xx_hal_msp.c               0x00000000   Number         0  stm32l1xx_hal_msp.o ABSOLUTE
    ../Src/stm32l1xx_it.c                    0x00000000   Number         0  stm32l1xx_it.o ABSOLUTE
    ../Src/system_stm32l1xx.c                0x00000000   Number         0  system_stm32l1xx.o ABSOLUTE
    ../clib/../cmprslib/zerorunl2.c          0x00000000   Number         0  __dczerorl2.o ABSOLUTE
    ../clib/microlib/errno.c                 0x00000000   Number         0  errno.o ABSOLUTE
    ../clib/microlib/init/entry.s            0x00000000   Number         0  entry.o ABSOLUTE
    ../clib/microlib/init/entry.s            0x00000000   Number         0  entry9a.o ABSOLUTE
    ../clib/microlib/init/entry.s            0x00000000   Number         0  entry2.o ABSOLUTE
    ../clib/microlib/init/entry.s            0x00000000   Number         0  entry5.o ABSOLUTE
    ../clib/microlib/init/entry.s            0x00000000   Number         0  entry7a.o ABSOLUTE
    ../clib/microlib/init/entry.s            0x00000000   Number         0  entry7b.o ABSOLUTE
    ../clib/microlib/init/entry.s            0x00000000   Number         0  entry8a.o ABSOLUTE
    ../clib/microlib/init/entry.s            0x00000000   Number         0  entry8b.o ABSOLUTE
    ../clib/microlib/init/entry.s            0x00000000   Number         0  entry9b.o ABSOLUTE
    ../clib/microlib/init/entry.s            0x00000000   Number         0  entry10a.o ABSOLUTE
    ../clib/microlib/init/entry.s            0x00000000   Number         0  entry10b.o ABSOLUTE
    ../clib/microlib/init/entry.s            0x00000000   Number         0  entry11a.o ABSOLUTE
    ../clib/microlib/init/entry.s            0x00000000   Number         0  entry11b.o ABSOLUTE
    ../clib/microlib/longlong.c              0x00000000   Number         0  llsshr.o ABSOLUTE
    ../clib/microlib/longlong.c              0x00000000   Number         0  llshl.o ABSOLUTE
    ../clib/microlib/longlong.c              0x00000000   Number         0  llushr.o ABSOLUTE
    ../clib/microlib/string/memcpy.c         0x00000000   Number         0  memcpya.o ABSOLUTE
    ../clib/microlib/string/memcpy.c         0x00000000   Number         0  memcpyb.o ABSOLUTE
    ../clib/microlib/string/memset.c         0x00000000   Number         0  memseta.o ABSOLUTE
    ../clib/microlib/string/strlen.c         0x00000000   Number         0  strlen.o ABSOLUTE
    ../clib/microlib/string/strstr.c         0x00000000   Number         0  strstr.o ABSOLUTE
    ../clib/microlib/stubs.s                 0x00000000   Number         0  iusefp.o ABSOLUTE
    ../fplib/microlib/fpadd.c                0x00000000   Number         0  dadd.o ABSOLUTE
    ../fplib/microlib/fpadd.c                0x00000000   Number         0  fadd.o ABSOLUTE
    ../fplib/microlib/fpdiv.c                0x00000000   Number         0  ddiv.o ABSOLUTE
    ../fplib/microlib/fpdiv.c                0x00000000   Number         0  fdiv.o ABSOLUTE
    ../fplib/microlib/fpepilogue.c           0x00000000   Number         0  depilogue.o ABSOLUTE
    ../fplib/microlib/fpepilogue.c           0x00000000   Number         0  fepilogue.o ABSOLUTE
    ../fplib/microlib/fpfix.c                0x00000000   Number         0  ffixui.o ABSOLUTE
    ../fplib/microlib/fpfix.c                0x00000000   Number         0  dfixui.o ABSOLUTE
    ../fplib/microlib/fpflt.c                0x00000000   Number         0  ffltui.o ABSOLUTE
    ../fplib/microlib/fpflt.c                0x00000000   Number         0  dflti.o ABSOLUTE
    ../fplib/microlib/fpflt.c                0x00000000   Number         0  dfltui.o ABSOLUTE
    ../fplib/microlib/fpmul.c                0x00000000   Number         0  fmul.o ABSOLUTE
    ../fplib/microlib/fpmul.c                0x00000000   Number         0  dmul.o ABSOLUTE
    ../fplib/microlib/fpscalb.c              0x00000000   Number         0  dscalb.o ABSOLUTE
    ../fplib/microlib/fpsqrt.c               0x00000000   Number         0  dsqrt.o ABSOLUTE
    ../mathlib/dunder.c                      0x00000000   Number         0  dunder.o ABSOLUTE
    ../mathlib/fpclassify.c                  0x00000000   Number         0  fpclassify.o ABSOLUTE
    ../mathlib/poly.c                        0x00000000   Number         0  poly.o ABSOLUTE
    ../mathlib/pow.c                         0x00000000   Number         0  pow_x.o ABSOLUTE
    ../mathlib/pow.c                         0x00000000   Number         0  pow.o ABSOLUTE
    ../mathlib/qnan.c                        0x00000000   Number         0  qnan.o ABSOLUTE
    ../mathlib/sqrt.c                        0x00000000   Number         0  sqrt.o ABSOLUTE
    ../mathlib/sqrt.c                        0x00000000   Number         0  sqrt_x.o ABSOLUTE
    ..\Drivers\Mylib\Src\ACS712.c            0x00000000   Number         0  acs712.o ABSOLUTE
    ..\Drivers\Mylib\Src\CLCD.c              0x00000000   Number         0  clcd.o ABSOLUTE
    ..\Drivers\Mylib\Src\Convert_Variable.c  0x00000000   Number         0  convert_variable.o ABSOLUTE
    ..\Drivers\Mylib\Src\LCD_object.c        0x00000000   Number         0  lcd_object.o ABSOLUTE
    ..\Drivers\Mylib\Src\Relay_Led.c         0x00000000   Number         0  relay_led.o ABSOLUTE
    ..\Drivers\Mylib\Src\check_Button.c      0x00000000   Number         0  check_button.o ABSOLUTE
    ..\Drivers\Mylib\Src\uart_sim.c          0x00000000   Number         0  uart_sim.o ABSOLUTE
    ..\Drivers\Mylib\Src\user_LCD.c          0x00000000   Number         0  user_lcd.o ABSOLUTE
    ..\Drivers\STM32L1xx_HAL_Driver\Src\stm32l1xx_hal.c 0x00000000   Number         0  stm32l1xx_hal.o ABSOLUTE
    ..\Drivers\STM32L1xx_HAL_Driver\Src\stm32l1xx_hal_adc.c 0x00000000   Number         0  stm32l1xx_hal_adc.o ABSOLUTE
    ..\Drivers\STM32L1xx_HAL_Driver\Src\stm32l1xx_hal_adc_ex.c 0x00000000   Number         0  stm32l1xx_hal_adc_ex.o ABSOLUTE
    ..\Drivers\STM32L1xx_HAL_Driver\Src\stm32l1xx_hal_cortex.c 0x00000000   Number         0  stm32l1xx_hal_cortex.o ABSOLUTE
    ..\Drivers\STM32L1xx_HAL_Driver\Src\stm32l1xx_hal_dma.c 0x00000000   Number         0  stm32l1xx_hal_dma.o ABSOLUTE
    ..\Drivers\STM32L1xx_HAL_Driver\Src\stm32l1xx_hal_flash.c 0x00000000   Number         0  stm32l1xx_hal_flash.o ABSOLUTE
    ..\Drivers\STM32L1xx_HAL_Driver\Src\stm32l1xx_hal_flash_ex.c 0x00000000   Number         0  stm32l1xx_hal_flash_ex.o ABSOLUTE
    ..\Drivers\STM32L1xx_HAL_Driver\Src\stm32l1xx_hal_flash_ramfunc.c 0x00000000   Number         0  stm32l1xx_hal_flash_ramfunc.o ABSOLUTE
    ..\Drivers\STM32L1xx_HAL_Driver\Src\stm32l1xx_hal_gpio.c 0x00000000   Number         0  stm32l1xx_hal_gpio.o ABSOLUTE
    ..\Drivers\STM32L1xx_HAL_Driver\Src\stm32l1xx_hal_pwr.c 0x00000000   Number         0  stm32l1xx_hal_pwr.o ABSOLUTE
    ..\Drivers\STM32L1xx_HAL_Driver\Src\stm32l1xx_hal_pwr_ex.c 0x00000000   Number         0  stm32l1xx_hal_pwr_ex.o ABSOLUTE
    ..\Drivers\STM32L1xx_HAL_Driver\Src\stm32l1xx_hal_rcc.c 0x00000000   Number         0  stm32l1xx_hal_rcc.o ABSOLUTE
    ..\Drivers\STM32L1xx_HAL_Driver\Src\stm32l1xx_hal_rcc_ex.c 0x00000000   Number         0  stm32l1xx_hal_rcc_ex.o ABSOLUTE
    ..\Drivers\STM32L1xx_HAL_Driver\Src\stm32l1xx_hal_tim.c 0x00000000   Number         0  stm32l1xx_hal_tim.o ABSOLUTE
    ..\Drivers\STM32L1xx_HAL_Driver\Src\stm32l1xx_hal_tim_ex.c 0x00000000   Number         0  stm32l1xx_hal_tim_ex.o ABSOLUTE
    ..\Drivers\STM32L1xx_HAL_Driver\Src\stm32l1xx_hal_uart.c 0x00000000   Number         0  stm32l1xx_hal_uart.o ABSOLUTE
    ..\Src\main.c                            0x00000000   Number         0  main.o ABSOLUTE
    ..\Src\stm32l1xx_hal_msp.c               0x00000000   Number         0  stm32l1xx_hal_msp.o ABSOLUTE
    ..\Src\stm32l1xx_it.c                    0x00000000   Number         0  stm32l1xx_it.o ABSOLUTE
    ..\Src\system_stm32l1xx.c                0x00000000   Number         0  system_stm32l1xx.o ABSOLUTE
    ..\Src\user_LCD_object.c                 0x00000000   Number         0  user_lcd_object.o ABSOLUTE
    ..\Src\user_Relay_Led.c                  0x00000000   Number         0  user_relay_led.o ABSOLUTE
    ..\Src\user_check_button.c               0x00000000   Number         0  user_check_button.o ABSOLUTE
    ..\Src\user_sim.c                        0x00000000   Number         0  user_sim.o ABSOLUTE
    ..\\Drivers\\Mylib\\Src\\ACS712.c        0x00000000   Number         0  acs712.o ABSOLUTE
    ..\\Drivers\\Mylib\\Src\\CLCD.c          0x00000000   Number         0  clcd.o ABSOLUTE
    ..\\Drivers\\Mylib\\Src\\Convert_Variable.c 0x00000000   Number         0  convert_variable.o ABSOLUTE
    ..\\Drivers\\Mylib\\Src\\LCD_object.c    0x00000000   Number         0  lcd_object.o ABSOLUTE
    ..\\Drivers\\Mylib\\Src\\Relay_Led.c     0x00000000   Number         0  relay_led.o ABSOLUTE
    ..\\Drivers\\Mylib\\Src\\check_Button.c  0x00000000   Number         0  check_button.o ABSOLUTE
    ..\\Drivers\\Mylib\\Src\\uart_sim.c      0x00000000   Number         0  uart_sim.o ABSOLUTE
    ..\\Drivers\\Mylib\\Src\\user_LCD.c      0x00000000   Number         0  user_lcd.o ABSOLUTE
    ..\\Src\\user_LCD_object.c               0x00000000   Number         0  user_lcd_object.o ABSOLUTE
    ..\\Src\\user_Relay_Led.c                0x00000000   Number         0  user_relay_led.o ABSOLUTE
    ..\\Src\\user_check_button.c             0x00000000   Number         0  user_check_button.o ABSOLUTE
    ..\\Src\\user_sim.c                      0x00000000   Number         0  user_sim.o ABSOLUTE
    cdcmple.s                                0x00000000   Number         0  cdcmple.o ABSOLUTE
    cdrcmple.s                               0x00000000   Number         0  cdrcmple.o ABSOLUTE
    cfcmple.s                                0x00000000   Number         0  cfcmple.o ABSOLUTE
    dc.s                                     0x00000000   Number         0  dc.o ABSOLUTE
    handlers.s                               0x00000000   Number         0  handlers.o ABSOLUTE
    init.s                                   0x00000000   Number         0  init.o ABSOLUTE
    startup_stm32l151xc.s                    0x00000000   Number         0  startup_stm32l151xc.o ABSOLUTE
    RESET                                    0x08000000   Section      292  startup_stm32l151xc.o(RESET)
    .ARM.Collect$$$$00000000                 0x08000124   Section        0  entry.o(.ARM.Collect$$$$00000000)
    .ARM.Collect$$$$00000001                 0x08000124   Section        4  entry2.o(.ARM.Collect$$$$00000001)
    .ARM.Collect$$$$00000004                 0x08000128   Section        4  entry5.o(.ARM.Collect$$$$00000004)
    .ARM.Collect$$$$00000008                 0x0800012c   Section        0  entry7b.o(.ARM.Collect$$$$00000008)
    .ARM.Collect$$$$0000000A                 0x0800012c   Section        0  entry8b.o(.ARM.Collect$$$$0000000A)
    .ARM.Collect$$$$0000000B                 0x0800012c   Section        8  entry9a.o(.ARM.Collect$$$$0000000B)
    .ARM.Collect$$$$0000000D                 0x08000134   Section        0  entry10a.o(.ARM.Collect$$$$0000000D)
    .ARM.Collect$$$$0000000F                 0x08000134   Section        0  entry11a.o(.ARM.Collect$$$$0000000F)
    .ARM.Collect$$$$00002712                 0x08000134   Section        4  entry2.o(.ARM.Collect$$$$00002712)
    __lit__00000000                          0x08000134   Data           4  entry2.o(.ARM.Collect$$$$00002712)
    .text                                    0x08000138   Section       36  startup_stm32l151xc.o(.text)
    .text                                    0x0800015c   Section        0  memseta.o(.text)
    .text                                    0x08000180   Section        0  fadd.o(.text)
    .text                                    0x08000230   Section        0  fmul.o(.text)
    .text                                    0x08000294   Section        0  fdiv.o(.text)
    .text                                    0x08000310   Section        0  ffltui.o(.text)
    .text                                    0x0800031a   Section        0  ffixui.o(.text)
    .text                                    0x08000344   Section       20  cfcmple.o(.text)
    .text                                    0x08000358   Section        0  fepilogue.o(.text)
    .text                                    0x08000358   Section        0  iusefp.o(.text)
    .text                                    0x080003c8   Section       36  init.o(.text)
    .text                                    0x080003ec   Section        0  __dczerorl2.o(.text)
    i.ACS_712                                0x08000444   Section        0  acs712.o(i.ACS_712)
    i.ADC1_IRQHandler                        0x0800051c   Section        0  stm32l1xx_it.o(i.ADC1_IRQHandler)
    i.ADC_Enable                             0x0800052c   Section        0  stm32l1xx_hal_adc.o(i.ADC_Enable)
    i.BT_Check_Up_Down                       0x080005b4   Section        0  user_check_button.o(i.BT_Check_Up_Down)
    i.BT_Esc_Exit_Setup                      0x08000624   Section        0  user_check_button.o(i.BT_Esc_Exit_Setup)
    i.BT_Press_Click_Down                    0x08000680   Section        0  check_button.o(i.BT_Press_Click_Down)
    i.BT_Press_Click_Up                      0x08000698   Section        0  check_button.o(i.BT_Press_Click_Up)
    i.BT_Press_Hold_Down                     0x080006b8   Section        0  check_button.o(i.BT_Press_Hold_Down)
    i.BT_Press_Hold_Esc                      0x08000704   Section        0  check_button.o(i.BT_Press_Hold_Esc)
    i.BT_Press_Hold_Up                       0x0800076c   Section        0  check_button.o(i.BT_Press_Hold_Up)
    i.BusFault_Handler                       0x080007b4   Section        0  stm32l1xx_it.o(i.BusFault_Handler)
    i.CLCD_4BIT_Init                         0x080007b8   Section        0  clcd.o(i.CLCD_4BIT_Init)
    i.CLCD_Delay                             0x0800089c   Section        0  clcd.o(i.CLCD_Delay)
    CLCD_Delay                               0x0800089d   Thumb Code    12  clcd.o(i.CLCD_Delay)
    i.CLCD_SetCursor                         0x080008a8   Section        0  clcd.o(i.CLCD_SetCursor)
    i.CLCD_Write4                            0x08000904   Section        0  clcd.o(i.CLCD_Write4)
    CLCD_Write4                              0x08000905   Thumb Code   252  clcd.o(i.CLCD_Write4)
    i.CLCD_Write8                            0x08000a00   Section        0  clcd.o(i.CLCD_Write8)
    CLCD_Write8                              0x08000a01   Thumb Code   186  clcd.o(i.CLCD_Write8)
    i.CLCD_WriteChar                         0x08000aba   Section        0  clcd.o(i.CLCD_WriteChar)
    i.CLCD_WriteString                       0x08000ae2   Section        0  clcd.o(i.CLCD_WriteString)
    i.Check_BT_Callback                      0x08000afc   Section        0  main.o(i.Check_BT_Callback)
    i.Check_BT_DOWN                          0x08000b48   Section        0  user_check_button.o(i.Check_BT_DOWN)
    i.Check_BT_ENTER                         0x08000b84   Section        0  user_check_button.o(i.Check_BT_ENTER)
    i.Check_BT_ESC                           0x08000c54   Section        0  user_check_button.o(i.Check_BT_ESC)
    i.Check_BT_UP                            0x08000cf8   Section        0  user_check_button.o(i.Check_BT_UP)
    i.Check_Test                             0x08000d34   Section        0  main.o(i.Check_Test)
    i.DebugMon_Handler                       0x08000d80   Section        0  stm32l1xx_it.o(i.DebugMon_Handler)
    i.Display_Time                           0x08000d84   Section        0  main.o(i.Display_Time)
    i.Error_Handler                          0x08000dc8   Section        0  main.o(i.Error_Handler)
    i.FLASH_PageErase                        0x08000dcc   Section        0  stm32l1xx_hal_flash_ex.o(i.FLASH_PageErase)
    i.FLASH_ReadData32                       0x08000dfc   Section        0  user_check_button.o(i.FLASH_ReadData32)
    i.FLASH_SetErrorCode                     0x08000e04   Section        0  stm32l1xx_hal_flash.o(i.FLASH_SetErrorCode)
    FLASH_SetErrorCode                       0x08000e05   Thumb Code   158  stm32l1xx_hal_flash.o(i.FLASH_SetErrorCode)
    i.FLASH_WaitForLastOperation             0x08000eac   Section        0  stm32l1xx_hal_flash.o(i.FLASH_WaitForLastOperation)
    i.FLASH_WritePage                        0x08000f40   Section        0  user_check_button.o(i.FLASH_WritePage)
    i.Float_To_Char                          0x08000fa0   Section        0  convert_variable.o(i.Float_To_Char)
    i.Float_To_Char_ACS                      0x080010e0   Section        0  user_lcd_object.o(i.Float_To_Char_ACS)
    i.GET_SYSTICK_MS                         0x080010f4   Section        0  check_button.o(i.GET_SYSTICK_MS)
    i.HAL_ADCEx_InjectedConvCpltCallback     0x08001114   Section        0  stm32l1xx_hal_adc_ex.o(i.HAL_ADCEx_InjectedConvCpltCallback)
    i.HAL_ADC_ConfigChannel                  0x08001118   Section        0  stm32l1xx_hal_adc.o(i.HAL_ADC_ConfigChannel)
    i.HAL_ADC_ConvCpltCallback               0x080012f0   Section        0  main.o(i.HAL_ADC_ConvCpltCallback)
    i.HAL_ADC_ErrorCallback                  0x080012f2   Section        0  stm32l1xx_hal_adc.o(i.HAL_ADC_ErrorCallback)
    i.HAL_ADC_GetValue                       0x080012f4   Section        0  stm32l1xx_hal_adc.o(i.HAL_ADC_GetValue)
    i.HAL_ADC_IRQHandler                     0x080012fc   Section        0  stm32l1xx_hal_adc.o(i.HAL_ADC_IRQHandler)
    i.HAL_ADC_Init                           0x08001478   Section        0  stm32l1xx_hal_adc.o(i.HAL_ADC_Init)
    i.HAL_ADC_LevelOutOfWindowCallback       0x08001650   Section        0  stm32l1xx_hal_adc.o(i.HAL_ADC_LevelOutOfWindowCallback)
    i.HAL_ADC_MspInit                        0x08001654   Section        0  stm32l1xx_hal_msp.o(i.HAL_ADC_MspInit)
    i.HAL_ADC_Start                          0x080016d8   Section        0  stm32l1xx_hal_adc.o(i.HAL_ADC_Start)
    i.HAL_DMA_Abort_IT                       0x08001768   Section        0  stm32l1xx_hal_dma.o(i.HAL_DMA_Abort_IT)
    i.HAL_Delay                              0x080017c4   Section        0  stm32l1xx_hal.o(i.HAL_Delay)
    i.HAL_FLASHEx_Erase                      0x080017ec   Section        0  stm32l1xx_hal_flash_ex.o(i.HAL_FLASHEx_Erase)
    i.HAL_FLASH_Lock                         0x0800187c   Section        0  stm32l1xx_hal_flash.o(i.HAL_FLASH_Lock)
    i.HAL_FLASH_Program                      0x08001890   Section        0  stm32l1xx_hal_flash.o(i.HAL_FLASH_Program)
    i.HAL_FLASH_Unlock                       0x080018e4   Section        0  stm32l1xx_hal_flash.o(i.HAL_FLASH_Unlock)
    i.HAL_GPIO_Init                          0x08001948   Section        0  stm32l1xx_hal_gpio.o(i.HAL_GPIO_Init)
    i.HAL_GPIO_ReadPin                       0x08001b18   Section        0  stm32l1xx_hal_gpio.o(i.HAL_GPIO_ReadPin)
    i.HAL_GPIO_WritePin                      0x08001b28   Section        0  stm32l1xx_hal_gpio.o(i.HAL_GPIO_WritePin)
    i.HAL_GetTick                            0x08001b34   Section        0  stm32l1xx_hal.o(i.HAL_GetTick)
    i.HAL_IncTick                            0x08001b40   Section        0  stm32l1xx_hal.o(i.HAL_IncTick)
    i.HAL_Init                               0x08001b58   Section        0  stm32l1xx_hal.o(i.HAL_Init)
    i.HAL_InitTick                           0x08001b78   Section        0  stm32l1xx_hal.o(i.HAL_InitTick)
    i.HAL_MspInit                            0x08001bd0   Section        0  stm32l1xx_hal_msp.o(i.HAL_MspInit)
    i.HAL_NVIC_EnableIRQ                     0x08001c2c   Section        0  stm32l1xx_hal_cortex.o(i.HAL_NVIC_EnableIRQ)
    i.HAL_NVIC_SetPriority                   0x08001c4c   Section        0  stm32l1xx_hal_cortex.o(i.HAL_NVIC_SetPriority)
    i.HAL_NVIC_SetPriorityGrouping           0x08001cc8   Section        0  stm32l1xx_hal_cortex.o(i.HAL_NVIC_SetPriorityGrouping)
    i.HAL_RCC_ClockConfig                    0x08001cf0   Section        0  stm32l1xx_hal_rcc.o(i.HAL_RCC_ClockConfig)
    i.HAL_RCC_GetHCLKFreq                    0x08001f10   Section        0  stm32l1xx_hal_rcc.o(i.HAL_RCC_GetHCLKFreq)
    i.HAL_RCC_GetPCLK1Freq                   0x08001f1c   Section        0  stm32l1xx_hal_rcc.o(i.HAL_RCC_GetPCLK1Freq)
    i.HAL_RCC_GetPCLK2Freq                   0x08001f3c   Section        0  stm32l1xx_hal_rcc.o(i.HAL_RCC_GetPCLK2Freq)
    i.HAL_RCC_GetSysClockFreq                0x08001f5c   Section        0  stm32l1xx_hal_rcc.o(i.HAL_RCC_GetSysClockFreq)
    i.HAL_RCC_OscConfig                      0x08001fd8   Section        0  stm32l1xx_hal_rcc.o(i.HAL_RCC_OscConfig)
    i.HAL_SYSTICK_Callback                   0x080025a8   Section        0  check_button.o(i.HAL_SYSTICK_Callback)
    i.HAL_SYSTICK_Config                     0x0800261c   Section        0  stm32l1xx_hal_cortex.o(i.HAL_SYSTICK_Config)
    i.HAL_SYSTICK_IRQHandler                 0x08002650   Section        0  stm32l1xx_hal_cortex.o(i.HAL_SYSTICK_IRQHandler)
    i.HAL_TIMEx_MasterConfigSynchronization  0x08002658   Section        0  stm32l1xx_hal_tim_ex.o(i.HAL_TIMEx_MasterConfigSynchronization)
    i.HAL_TIM_Base_Init                      0x080026ac   Section        0  stm32l1xx_hal_tim.o(i.HAL_TIM_Base_Init)
    i.HAL_TIM_Base_MspInit                   0x080026e0   Section        0  stm32l1xx_hal_msp.o(i.HAL_TIM_Base_MspInit)
    i.HAL_TIM_Base_Start_IT                  0x08002720   Section        0  stm32l1xx_hal_tim.o(i.HAL_TIM_Base_Start_IT)
    i.HAL_TIM_ConfigClockSource              0x0800274a   Section        0  stm32l1xx_hal_tim.o(i.HAL_TIM_ConfigClockSource)
    i.HAL_TIM_IC_CaptureCallback             0x08002852   Section        0  stm32l1xx_hal_tim.o(i.HAL_TIM_IC_CaptureCallback)
    i.HAL_TIM_IRQHandler                     0x08002854   Section        0  stm32l1xx_hal_tim.o(i.HAL_TIM_IRQHandler)
    i.HAL_TIM_OC_DelayElapsedCallback        0x080029a6   Section        0  stm32l1xx_hal_tim.o(i.HAL_TIM_OC_DelayElapsedCallback)
    i.HAL_TIM_PWM_PulseFinishedCallback      0x080029a8   Section        0  stm32l1xx_hal_tim.o(i.HAL_TIM_PWM_PulseFinishedCallback)
    i.HAL_TIM_PeriodElapsedCallback          0x080029ac   Section        0  main.o(i.HAL_TIM_PeriodElapsedCallback)
    i.HAL_TIM_TriggerCallback                0x080029bc   Section        0  stm32l1xx_hal_tim.o(i.HAL_TIM_TriggerCallback)
    i.HAL_UART_ErrorCallback                 0x080029be   Section        0  stm32l1xx_hal_uart.o(i.HAL_UART_ErrorCallback)
    i.HAL_UART_IRQHandler                    0x080029c0   Section        0  stm32l1xx_hal_uart.o(i.HAL_UART_IRQHandler)
    i.HAL_UART_Init                          0x08002b0c   Section        0  stm32l1xx_hal_uart.o(i.HAL_UART_Init)
    i.HAL_UART_MspInit                       0x08002b80   Section        0  stm32l1xx_hal_msp.o(i.HAL_UART_MspInit)
    i.HAL_UART_Receive_IT                    0x08002c10   Section        0  stm32l1xx_hal_uart.o(i.HAL_UART_Receive_IT)
    i.HAL_UART_RxCpltCallback                0x08002c80   Section        0  main.o(i.HAL_UART_RxCpltCallback)
    i.HAL_UART_TxCpltCallback                0x08002cb8   Section        0  stm32l1xx_hal_uart.o(i.HAL_UART_TxCpltCallback)
    i.HardFault_Handler                      0x08002cba   Section        0  stm32l1xx_it.o(i.HardFault_Handler)
    i.LCD_Change_State_ACS                   0x08002cc0   Section        0  user_lcd_object.o(i.LCD_Change_State_ACS)
    i.LCD_Change_State_Setup_T1_T2_T3        0x08002cf0   Section        0  user_lcd_object.o(i.LCD_Change_State_Setup_T1_T2_T3)
    i.LCD_Change_State_Time_HH_MM_SS         0x08002d44   Section        0  user_lcd_object.o(i.LCD_Change_State_Time_HH_MM_SS)
    i.LCD_Display_ACS_Time1_Time2_Time3      0x08002dbc   Section        0  lcd_object.o(i.LCD_Display_ACS_Time1_Time2_Time3)
    i.LCD_Display_Esc                        0x08002e2c   Section        0  lcd_object.o(i.LCD_Display_Esc)
    i.LCD_Display_Running_OR_Setup           0x08002e9c   Section        0  lcd_object.o(i.LCD_Display_Running_OR_Setup)
    i.LCD_Display_Time                       0x08002ebc   Section        0  lcd_object.o(i.LCD_Display_Time)
    i.LCD_Send_Data                          0x08002f02   Section        0  lcd_object.o(i.LCD_Send_Data)
    i.MX_ADC_Init                            0x08002f1c   Section        0  main.o(i.MX_ADC_Init)
    MX_ADC_Init                              0x08002f1d   Thumb Code   106  main.o(i.MX_ADC_Init)
    i.MX_GPIO_Init                           0x08002f90   Section        0  main.o(i.MX_GPIO_Init)
    MX_GPIO_Init                             0x08002f91   Thumb Code   306  main.o(i.MX_GPIO_Init)
    i.MX_TIM2_Init                           0x080030d8   Section        0  main.o(i.MX_TIM2_Init)
    MX_TIM2_Init                             0x080030d9   Thumb Code   104  main.o(i.MX_TIM2_Init)
    i.MX_USART2_UART_Init                    0x08003144   Section        0  main.o(i.MX_USART2_UART_Init)
    MX_USART2_UART_Init                      0x08003145   Thumb Code    46  main.o(i.MX_USART2_UART_Init)
    i.MemManage_Handler                      0x0800317c   Section        0  stm32l1xx_it.o(i.MemManage_Handler)
    i.NMI_Handler                            0x08003180   Section        0  stm32l1xx_it.o(i.NMI_Handler)
    i.PendSV_Handler                         0x08003182   Section        0  stm32l1xx_it.o(i.PendSV_Handler)
    i.RCC_SetFlashLatencyFromMSIRange        0x08003184   Section        0  stm32l1xx_hal_rcc.o(i.RCC_SetFlashLatencyFromMSIRange)
    RCC_SetFlashLatencyFromMSIRange          0x08003185   Thumb Code   156  stm32l1xx_hal_rcc.o(i.RCC_SetFlashLatencyFromMSIRange)
    i.Read_Flash                             0x0800322c   Section        0  main.o(i.Read_Flash)
    i.Reset_Relay1                           0x0800327c   Section        0  user_relay_led.o(i.Reset_Relay1)
    i.Reset_Relay2                           0x08003290   Section        0  user_relay_led.o(i.Reset_Relay2)
    i.Run_Begin                              0x080032a4   Section        0  user_check_button.o(i.Run_Begin)
    i.Run_Feed_Shrimp                        0x08003308   Section        0  main.o(i.Run_Feed_Shrimp)
    i.SVC_Handler                            0x080033d0   Section        0  stm32l1xx_it.o(i.SVC_Handler)
    i.Set_Relay1                             0x080033d4   Section        0  user_relay_led.o(i.Set_Relay1)
    i.Set_Relay2                             0x080033e8   Section        0  user_relay_led.o(i.Set_Relay2)
    i.Set_Time                               0x080033fc   Section        0  main.o(i.Set_Time)
    i.SysTick_Handler                        0x08003470   Section        0  stm32l1xx_it.o(i.SysTick_Handler)
    i.SystemClock_Config                     0x0800347c   Section        0  main.o(i.SystemClock_Config)
    i.SystemInit                             0x080034e4   Section        0  system_stm32l1xx.o(i.SystemInit)
    i.TIM2_IRQHandler                        0x08003548   Section        0  stm32l1xx_it.o(i.TIM2_IRQHandler)
    i.TIM_Base_SetConfig                     0x08003558   Section        0  stm32l1xx_hal_tim.o(i.TIM_Base_SetConfig)
    TIM_Base_SetConfig                       0x08003559   Thumb Code   118  stm32l1xx_hal_tim.o(i.TIM_Base_SetConfig)
    i.TIM_ETR_SetConfig                      0x080035e8   Section        0  stm32l1xx_hal_tim.o(i.TIM_ETR_SetConfig)
    TIM_ETR_SetConfig                        0x080035e9   Thumb Code    22  stm32l1xx_hal_tim.o(i.TIM_ETR_SetConfig)
    i.TIM_ITRx_SetConfig                     0x080035fe   Section        0  stm32l1xx_hal_tim.o(i.TIM_ITRx_SetConfig)
    TIM_ITRx_SetConfig                       0x080035ff   Thumb Code    18  stm32l1xx_hal_tim.o(i.TIM_ITRx_SetConfig)
    i.TIM_TI1_ConfigInputStage               0x08003610   Section        0  stm32l1xx_hal_tim.o(i.TIM_TI1_ConfigInputStage)
    TIM_TI1_ConfigInputStage                 0x08003611   Thumb Code    38  stm32l1xx_hal_tim.o(i.TIM_TI1_ConfigInputStage)
    i.TIM_TI2_ConfigInputStage               0x08003636   Section        0  stm32l1xx_hal_tim.o(i.TIM_TI2_ConfigInputStage)
    TIM_TI2_ConfigInputStage                 0x08003637   Thumb Code    40  stm32l1xx_hal_tim.o(i.TIM_TI2_ConfigInputStage)
    i.UART_DMAAbortOnError                   0x0800365e   Section        0  stm32l1xx_hal_uart.o(i.UART_DMAAbortOnError)
    UART_DMAAbortOnError                     0x0800365f   Thumb Code    20  stm32l1xx_hal_uart.o(i.UART_DMAAbortOnError)
    i.UART_EndRxTransfer                     0x08003672   Section        0  stm32l1xx_hal_uart.o(i.UART_EndRxTransfer)
    UART_EndRxTransfer                       0x08003673   Thumb Code    32  stm32l1xx_hal_uart.o(i.UART_EndRxTransfer)
    i.UART_EndTransmit_IT                    0x08003692   Section        0  stm32l1xx_hal_uart.o(i.UART_EndTransmit_IT)
    UART_EndTransmit_IT                      0x08003693   Thumb Code    32  stm32l1xx_hal_uart.o(i.UART_EndTransmit_IT)
    i.UART_Receive_IT                        0x080036b2   Section        0  stm32l1xx_hal_uart.o(i.UART_Receive_IT)
    UART_Receive_IT                          0x080036b3   Thumb Code   166  stm32l1xx_hal_uart.o(i.UART_Receive_IT)
    i.UART_SetConfig                         0x08003758   Section        0  stm32l1xx_hal_uart.o(i.UART_SetConfig)
    UART_SetConfig                           0x08003759   Thumb Code   780  stm32l1xx_hal_uart.o(i.UART_SetConfig)
    i.UART_Transmit_IT                       0x08003a68   Section        0  stm32l1xx_hal_uart.o(i.UART_Transmit_IT)
    UART_Transmit_IT                         0x08003a69   Thumb Code   104  stm32l1xx_hal_uart.o(i.UART_Transmit_IT)
    i.USART2_IRQHandler                      0x08003ad0   Section        0  stm32l1xx_it.o(i.USART2_IRQHandler)
    i.USER_LCD_Change_Setup                  0x08003ae0   Section        0  user_lcd_object.o(i.USER_LCD_Change_Setup)
    i.USER_LCD_Display_Running               0x08003b24   Section        0  user_lcd_object.o(i.USER_LCD_Display_Running)
    i.USER_LCD_Display_Running_OR_Setup      0x08003b94   Section        0  user_lcd_object.o(i.USER_LCD_Display_Running_OR_Setup)
    i.USER_LCD_Display_Setup                 0x08003bbc   Section        0  user_lcd_object.o(i.USER_LCD_Display_Setup)
    i.USER_LCD_Display_Time                  0x08003c20   Section        0  user_lcd_object.o(i.USER_LCD_Display_Time)
    i.UintTime_To_CharTime_HH_MM_SS          0x08003c40   Section        0  user_lcd_object.o(i.UintTime_To_CharTime_HH_MM_SS)
    i.UintTime_To_CharTime_T1_T2_T3          0x08003c70   Section        0  user_lcd_object.o(i.UintTime_To_CharTime_T1_T2_T3)
    i.Uint_To_Char                           0x08003ca0   Section        0  convert_variable.o(i.Uint_To_Char)
    i.Uint_To_Char_Time                      0x08003ce8   Section        0  convert_variable.o(i.Uint_To_Char_Time)
    i.UsageFault_Handler                     0x08003d16   Section        0  stm32l1xx_it.o(i.UsageFault_Handler)
    i.__NVIC_GetPriorityGrouping             0x08003d1c   Section        0  stm32l1xx_hal_cortex.o(i.__NVIC_GetPriorityGrouping)
    __NVIC_GetPriorityGrouping               0x08003d1d   Thumb Code    10  stm32l1xx_hal_cortex.o(i.__NVIC_GetPriorityGrouping)
    i.__NVIC_SetPriority                     0x08003d2c   Section        0  stm32l1xx_hal_cortex.o(i.__NVIC_SetPriority)
    __NVIC_SetPriority                       0x08003d2d   Thumb Code    32  stm32l1xx_hal_cortex.o(i.__NVIC_SetPriority)
    i.__scatterload_copy                     0x08003d54   Section       14  handlers.o(i.__scatterload_copy)
    i.__scatterload_null                     0x08003d62   Section        2  handlers.o(i.__scatterload_null)
    i.__scatterload_zeroinit                 0x08003d64   Section       14  handlers.o(i.__scatterload_zeroinit)
    i.main                                   0x08003d74   Section        0  main.o(i.main)
    .constdata                               0x08003ed0   Section       33  system_stm32l1xx.o(.constdata)
    .conststring                             0x08003ef4   Section       97  user_lcd_object.o(.conststring)
    .data                                    0x20000000   Section       16  check_button.o(.data)
    .data                                    0x20000010   Section       12  acs712.o(.data)
    .data                                    0x2000001c   Section       34  user_check_button.o(.data)
    .data                                    0x20000040   Section      192  user_lcd_object.o(.data)
    .data                                    0x20000100   Section       36  main.o(.data)
    .data                                    0x20000124   Section       12  stm32l1xx_hal.o(.data)
    .data                                    0x20000130   Section        4  system_stm32l1xx.o(.data)
    .bss                                     0x20000134   Section       36  user_lcd_object.o(.bss)
    .bss                                     0x20000158   Section     5304  main.o(.bss)
    .bss                                     0x20001610   Section       24  stm32l1xx_hal_flash.o(.bss)
    STACK                                    0x20001628   Section     1024  startup_stm32l151xc.o(STACK)

    Global Symbols

    Symbol Name                              Value     Ov Type        Size  Object(Section)

    BuildAttributes$$THM_ISAv4$P$D$K$B$S$PE$A:L22UL41UL21$X:L11$S22US41US21$IEEE1$IW$USESV6$~STKCKD$USESV7$~SHL$OTIME$ROPI$IEEEX$EBA8$MICROLIB$REQ8$PRES8$EABIv2 0x00000000   Number         0  anon$$obj.o ABSOLUTE
    __ARM_use_no_argv                        0x00000000   Number         0  main.o ABSOLUTE
    __cpp_initialize__aeabi_                  - Undefined Weak Reference
    __cxa_finalize                            - Undefined Weak Reference
    _clock_init                               - Undefined Weak Reference
    _microlib_exit                            - Undefined Weak Reference
    __Vectors_Size                           0x00000124   Number         0  startup_stm32l151xc.o ABSOLUTE
    __Vectors                                0x08000000   Data           4  startup_stm32l151xc.o(RESET)
    __Vectors_End                            0x08000124   Data           0  startup_stm32l151xc.o(RESET)
    __main                                   0x08000125   Thumb Code     0  entry.o(.ARM.Collect$$$$00000000)
    _main_stk                                0x08000125   Thumb Code     0  entry2.o(.ARM.Collect$$$$00000001)
    _main_scatterload                        0x08000129   Thumb Code     0  entry5.o(.ARM.Collect$$$$00000004)
    __main_after_scatterload                 0x0800012d   Thumb Code     0  entry5.o(.ARM.Collect$$$$00000004)
    _main_clock                              0x0800012d   Thumb Code     0  entry7b.o(.ARM.Collect$$$$00000008)
    _main_cpp_init                           0x0800012d   Thumb Code     0  entry8b.o(.ARM.Collect$$$$0000000A)
    _main_init                               0x0800012d   Thumb Code     0  entry9a.o(.ARM.Collect$$$$0000000B)
    __rt_final_cpp                           0x08000135   Thumb Code     0  entry10a.o(.ARM.Collect$$$$0000000D)
    __rt_final_exit                          0x08000135   Thumb Code     0  entry11a.o(.ARM.Collect$$$$0000000F)
    Reset_Handler                            0x08000139   Thumb Code     8  startup_stm32l151xc.o(.text)
    COMP_ACQ_IRQHandler                      0x08000153   Thumb Code     0  startup_stm32l151xc.o(.text)
    COMP_IRQHandler                          0x08000153   Thumb Code     0  startup_stm32l151xc.o(.text)
    DAC_IRQHandler                           0x08000153   Thumb Code     0  startup_stm32l151xc.o(.text)
    DMA1_Channel1_IRQHandler                 0x08000153   Thumb Code     0  startup_stm32l151xc.o(.text)
    DMA1_Channel2_IRQHandler                 0x08000153   Thumb Code     0  startup_stm32l151xc.o(.text)
    DMA1_Channel3_IRQHandler                 0x08000153   Thumb Code     0  startup_stm32l151xc.o(.text)
    DMA1_Channel4_IRQHandler                 0x08000153   Thumb Code     0  startup_stm32l151xc.o(.text)
    DMA1_Channel5_IRQHandler                 0x08000153   Thumb Code     0  startup_stm32l151xc.o(.text)
    DMA1_Channel6_IRQHandler                 0x08000153   Thumb Code     0  startup_stm32l151xc.o(.text)
    DMA1_Channel7_IRQHandler                 0x08000153   Thumb Code     0  startup_stm32l151xc.o(.text)
    DMA2_Channel1_IRQHandler                 0x08000153   Thumb Code     0  startup_stm32l151xc.o(.text)
    DMA2_Channel2_IRQHandler                 0x08000153   Thumb Code     0  startup_stm32l151xc.o(.text)
    DMA2_Channel3_IRQHandler                 0x08000153   Thumb Code     0  startup_stm32l151xc.o(.text)
    DMA2_Channel4_IRQHandler                 0x08000153   Thumb Code     0  startup_stm32l151xc.o(.text)
    DMA2_Channel5_IRQHandler                 0x08000153   Thumb Code     0  startup_stm32l151xc.o(.text)
    EXTI0_IRQHandler                         0x08000153   Thumb Code     0  startup_stm32l151xc.o(.text)
    EXTI15_10_IRQHandler                     0x08000153   Thumb Code     0  startup_stm32l151xc.o(.text)
    EXTI1_IRQHandler                         0x08000153   Thumb Code     0  startup_stm32l151xc.o(.text)
    EXTI2_IRQHandler                         0x08000153   Thumb Code     0  startup_stm32l151xc.o(.text)
    EXTI3_IRQHandler                         0x08000153   Thumb Code     0  startup_stm32l151xc.o(.text)
    EXTI4_IRQHandler                         0x08000153   Thumb Code     0  startup_stm32l151xc.o(.text)
    EXTI9_5_IRQHandler                       0x08000153   Thumb Code     0  startup_stm32l151xc.o(.text)
    FLASH_IRQHandler                         0x08000153   Thumb Code     0  startup_stm32l151xc.o(.text)
    I2C1_ER_IRQHandler                       0x08000153   Thumb Code     0  startup_stm32l151xc.o(.text)
    I2C1_EV_IRQHandler                       0x08000153   Thumb Code     0  startup_stm32l151xc.o(.text)
    I2C2_ER_IRQHandler                       0x08000153   Thumb Code     0  startup_stm32l151xc.o(.text)
    I2C2_EV_IRQHandler                       0x08000153   Thumb Code     0  startup_stm32l151xc.o(.text)
    PVD_IRQHandler                           0x08000153   Thumb Code     0  startup_stm32l151xc.o(.text)
    RCC_IRQHandler                           0x08000153   Thumb Code     0  startup_stm32l151xc.o(.text)
    RTC_Alarm_IRQHandler                     0x08000153   Thumb Code     0  startup_stm32l151xc.o(.text)
    RTC_WKUP_IRQHandler                      0x08000153   Thumb Code     0  startup_stm32l151xc.o(.text)
    SPI1_IRQHandler                          0x08000153   Thumb Code     0  startup_stm32l151xc.o(.text)
    SPI2_IRQHandler                          0x08000153   Thumb Code     0  startup_stm32l151xc.o(.text)
    SPI3_IRQHandler                          0x08000153   Thumb Code     0  startup_stm32l151xc.o(.text)
    TAMPER_STAMP_IRQHandler                  0x08000153   Thumb Code     0  startup_stm32l151xc.o(.text)
    TIM10_IRQHandler                         0x08000153   Thumb Code     0  startup_stm32l151xc.o(.text)
    TIM11_IRQHandler                         0x08000153   Thumb Code     0  startup_stm32l151xc.o(.text)
    TIM3_IRQHandler                          0x08000153   Thumb Code     0  startup_stm32l151xc.o(.text)
    TIM4_IRQHandler                          0x08000153   Thumb Code     0  startup_stm32l151xc.o(.text)
    TIM5_IRQHandler                          0x08000153   Thumb Code     0  startup_stm32l151xc.o(.text)
    TIM6_IRQHandler                          0x08000153   Thumb Code     0  startup_stm32l151xc.o(.text)
    TIM7_IRQHandler                          0x08000153   Thumb Code     0  startup_stm32l151xc.o(.text)
    TIM9_IRQHandler                          0x08000153   Thumb Code     0  startup_stm32l151xc.o(.text)
    USART1_IRQHandler                        0x08000153   Thumb Code     0  startup_stm32l151xc.o(.text)
    USART3_IRQHandler                        0x08000153   Thumb Code     0  startup_stm32l151xc.o(.text)
    USB_FS_WKUP_IRQHandler                   0x08000153   Thumb Code     0  startup_stm32l151xc.o(.text)
    USB_HP_IRQHandler                        0x08000153   Thumb Code     0  startup_stm32l151xc.o(.text)
    USB_LP_IRQHandler                        0x08000153   Thumb Code     0  startup_stm32l151xc.o(.text)
    WWDG_IRQHandler                          0x08000153   Thumb Code     0  startup_stm32l151xc.o(.text)
    __aeabi_memset                           0x0800015d   Thumb Code    14  memseta.o(.text)
    __aeabi_memset4                          0x0800015d   Thumb Code     0  memseta.o(.text)
    __aeabi_memset8                          0x0800015d   Thumb Code     0  memseta.o(.text)
    __aeabi_memclr                           0x0800016b   Thumb Code     4  memseta.o(.text)
    __aeabi_memclr4                          0x0800016b   Thumb Code     0  memseta.o(.text)
    __aeabi_memclr8                          0x0800016b   Thumb Code     0  memseta.o(.text)
    _memset$wrapper                          0x0800016f   Thumb Code    18  memseta.o(.text)
    __aeabi_fadd                             0x08000181   Thumb Code   164  fadd.o(.text)
    __aeabi_fsub                             0x08000225   Thumb Code     6  fadd.o(.text)
    __aeabi_frsub                            0x0800022b   Thumb Code     6  fadd.o(.text)
    __aeabi_fmul                             0x08000231   Thumb Code   100  fmul.o(.text)
    __aeabi_fdiv                             0x08000295   Thumb Code   124  fdiv.o(.text)
    __aeabi_ui2f                             0x08000311   Thumb Code    10  ffltui.o(.text)
    __aeabi_f2uiz                            0x0800031b   Thumb Code    40  ffixui.o(.text)
    __aeabi_cfcmpeq                          0x08000345   Thumb Code     0  cfcmple.o(.text)
    __aeabi_cfcmple                          0x08000345   Thumb Code    20  cfcmple.o(.text)
    __I$use$fp                               0x08000359   Thumb Code     0  iusefp.o(.text)
    _float_round                             0x08000359   Thumb Code    18  fepilogue.o(.text)
    _float_epilogue                          0x0800036b   Thumb Code    92  fepilogue.o(.text)
    __scatterload                            0x080003c9   Thumb Code    28  init.o(.text)
    __scatterload_rt2                        0x080003c9   Thumb Code     0  init.o(.text)
    __decompress                             0x080003ed   Thumb Code     0  __dczerorl2.o(.text)
    __decompress1                            0x080003ed   Thumb Code    86  __dczerorl2.o(.text)
    ACS_712                                  0x08000445   Thumb Code   188  acs712.o(i.ACS_712)
    ADC1_IRQHandler                          0x0800051d   Thumb Code    10  stm32l1xx_it.o(i.ADC1_IRQHandler)
    ADC_Enable                               0x0800052d   Thumb Code   126  stm32l1xx_hal_adc.o(i.ADC_Enable)
    BT_Check_Up_Down                         0x080005b5   Thumb Code    84  user_check_button.o(i.BT_Check_Up_Down)
    BT_Esc_Exit_Setup                        0x08000625   Thumb Code    74  user_check_button.o(i.BT_Esc_Exit_Setup)
    BT_Press_Click_Down                      0x08000681   Thumb Code    22  check_button.o(i.BT_Press_Click_Down)
    BT_Press_Click_Up                        0x08000699   Thumb Code    26  check_button.o(i.BT_Press_Click_Up)
    BT_Press_Hold_Down                       0x080006b9   Thumb Code    68  check_button.o(i.BT_Press_Hold_Down)
    BT_Press_Hold_Esc                        0x08000705   Thumb Code    96  check_button.o(i.BT_Press_Hold_Esc)
    BT_Press_Hold_Up                         0x0800076d   Thumb Code    64  check_button.o(i.BT_Press_Hold_Up)
    BusFault_Handler                         0x080007b5   Thumb Code     4  stm32l1xx_it.o(i.BusFault_Handler)
    CLCD_4BIT_Init                           0x080007b9   Thumb Code   228  clcd.o(i.CLCD_4BIT_Init)
    CLCD_SetCursor                           0x080008a9   Thumb Code    86  clcd.o(i.CLCD_SetCursor)
    CLCD_WriteChar                           0x08000abb   Thumb Code    40  clcd.o(i.CLCD_WriteChar)
    CLCD_WriteString                         0x08000ae3   Thumb Code    26  clcd.o(i.CLCD_WriteString)
    Check_BT_Callback                        0x08000afd   Thumb Code    50  main.o(i.Check_BT_Callback)
    Check_BT_DOWN                            0x08000b49   Thumb Code    52  user_check_button.o(i.Check_BT_DOWN)
    Check_BT_ENTER                           0x08000b85   Thumb Code   172  user_check_button.o(i.Check_BT_ENTER)
    Check_BT_ESC                             0x08000c55   Thumb Code   136  user_check_button.o(i.Check_BT_ESC)
    Check_BT_UP                              0x08000cf9   Thumb Code    52  user_check_button.o(i.Check_BT_UP)
    Check_Test                               0x08000d35   Thumb Code    58  main.o(i.Check_Test)
    DebugMon_Handler                         0x08000d81   Thumb Code     2  stm32l1xx_it.o(i.DebugMon_Handler)
    Display_Time                             0x08000d85   Thumb Code    52  main.o(i.Display_Time)
    Error_Handler                            0x08000dc9   Thumb Code     2  main.o(i.Error_Handler)
    FLASH_PageErase                          0x08000dcd   Thumb Code    38  stm32l1xx_hal_flash_ex.o(i.FLASH_PageErase)
    FLASH_ReadData32                         0x08000dfd   Thumb Code     6  user_check_button.o(i.FLASH_ReadData32)
    FLASH_WaitForLastOperation               0x08000ead   Thumb Code   142  stm32l1xx_hal_flash.o(i.FLASH_WaitForLastOperation)
    FLASH_WritePage                          0x08000f41   Thumb Code    96  user_check_button.o(i.FLASH_WritePage)
    Float_To_Char                            0x08000fa1   Thumb Code   318  convert_variable.o(i.Float_To_Char)
    Float_To_Char_ACS                        0x080010e1   Thumb Code    16  user_lcd_object.o(i.Float_To_Char_ACS)
    GET_SYSTICK_MS                           0x080010f5   Thumb Code    22  check_button.o(i.GET_SYSTICK_MS)
    HAL_ADCEx_InjectedConvCpltCallback       0x08001115   Thumb Code     2  stm32l1xx_hal_adc_ex.o(i.HAL_ADCEx_InjectedConvCpltCallback)
    HAL_ADC_ConfigChannel                    0x08001119   Thumb Code   460  stm32l1xx_hal_adc.o(i.HAL_ADC_ConfigChannel)
    HAL_ADC_ConvCpltCallback                 0x080012f1   Thumb Code     2  main.o(i.HAL_ADC_ConvCpltCallback)
    HAL_ADC_ErrorCallback                    0x080012f3   Thumb Code     2  stm32l1xx_hal_adc.o(i.HAL_ADC_ErrorCallback)
    HAL_ADC_GetValue                         0x080012f5   Thumb Code     8  stm32l1xx_hal_adc.o(i.HAL_ADC_GetValue)
    HAL_ADC_IRQHandler                       0x080012fd   Thumb Code   378  stm32l1xx_hal_adc.o(i.HAL_ADC_IRQHandler)
    HAL_ADC_Init                             0x08001479   Thumb Code   450  stm32l1xx_hal_adc.o(i.HAL_ADC_Init)
    HAL_ADC_LevelOutOfWindowCallback         0x08001651   Thumb Code     2  stm32l1xx_hal_adc.o(i.HAL_ADC_LevelOutOfWindowCallback)
    HAL_ADC_MspInit                          0x08001655   Thumb Code   118  stm32l1xx_hal_msp.o(i.HAL_ADC_MspInit)
    HAL_ADC_Start                            0x080016d9   Thumb Code   144  stm32l1xx_hal_adc.o(i.HAL_ADC_Start)
    HAL_DMA_Abort_IT                         0x08001769   Thumb Code    92  stm32l1xx_hal_dma.o(i.HAL_DMA_Abort_IT)
    HAL_Delay                                0x080017c5   Thumb Code    36  stm32l1xx_hal.o(i.HAL_Delay)
    HAL_FLASHEx_Erase                        0x080017ed   Thumb Code   134  stm32l1xx_hal_flash_ex.o(i.HAL_FLASHEx_Erase)
    HAL_FLASH_Lock                           0x0800187d   Thumb Code    16  stm32l1xx_hal_flash.o(i.HAL_FLASH_Lock)
    HAL_FLASH_Program                        0x08001891   Thumb Code    80  stm32l1xx_hal_flash.o(i.HAL_FLASH_Program)
    HAL_FLASH_Unlock                         0x080018e5   Thumb Code    80  stm32l1xx_hal_flash.o(i.HAL_FLASH_Unlock)
    HAL_GPIO_Init                            0x08001949   Thumb Code   430  stm32l1xx_hal_gpio.o(i.HAL_GPIO_Init)
    HAL_GPIO_ReadPin                         0x08001b19   Thumb Code    16  stm32l1xx_hal_gpio.o(i.HAL_GPIO_ReadPin)
    HAL_GPIO_WritePin                        0x08001b29   Thumb Code    12  stm32l1xx_hal_gpio.o(i.HAL_GPIO_WritePin)
    HAL_GetTick                              0x08001b35   Thumb Code     6  stm32l1xx_hal.o(i.HAL_GetTick)
    HAL_IncTick                              0x08001b41   Thumb Code    16  stm32l1xx_hal.o(i.HAL_IncTick)
    HAL_Init                                 0x08001b59   Thumb Code    30  stm32l1xx_hal.o(i.HAL_Init)
    HAL_InitTick                             0x08001b79   Thumb Code    74  stm32l1xx_hal.o(i.HAL_InitTick)
    HAL_MspInit                              0x08001bd1   Thumb Code    88  stm32l1xx_hal_msp.o(i.HAL_MspInit)
    HAL_NVIC_EnableIRQ                       0x08001c2d   Thumb Code    32  stm32l1xx_hal_cortex.o(i.HAL_NVIC_EnableIRQ)
    HAL_NVIC_SetPriority                     0x08001c4d   Thumb Code   124  stm32l1xx_hal_cortex.o(i.HAL_NVIC_SetPriority)
    HAL_NVIC_SetPriorityGrouping             0x08001cc9   Thumb Code    32  stm32l1xx_hal_cortex.o(i.HAL_NVIC_SetPriorityGrouping)
    HAL_RCC_ClockConfig                      0x08001cf1   Thumb Code   522  stm32l1xx_hal_rcc.o(i.HAL_RCC_ClockConfig)
    HAL_RCC_GetHCLKFreq                      0x08001f11   Thumb Code     6  stm32l1xx_hal_rcc.o(i.HAL_RCC_GetHCLKFreq)
    HAL_RCC_GetPCLK1Freq                     0x08001f1d   Thumb Code    22  stm32l1xx_hal_rcc.o(i.HAL_RCC_GetPCLK1Freq)
    HAL_RCC_GetPCLK2Freq                     0x08001f3d   Thumb Code    22  stm32l1xx_hal_rcc.o(i.HAL_RCC_GetPCLK2Freq)
    HAL_RCC_GetSysClockFreq                  0x08001f5d   Thumb Code   106  stm32l1xx_hal_rcc.o(i.HAL_RCC_GetSysClockFreq)
    HAL_RCC_OscConfig                        0x08001fd9   Thumb Code  1480  stm32l1xx_hal_rcc.o(i.HAL_RCC_OscConfig)
    HAL_SYSTICK_Callback                     0x080025a9   Thumb Code    88  check_button.o(i.HAL_SYSTICK_Callback)
    HAL_SYSTICK_Config                       0x0800261d   Thumb Code    52  stm32l1xx_hal_cortex.o(i.HAL_SYSTICK_Config)
    HAL_SYSTICK_IRQHandler                   0x08002651   Thumb Code     8  stm32l1xx_hal_cortex.o(i.HAL_SYSTICK_IRQHandler)
    HAL_TIMEx_MasterConfigSynchronization    0x08002659   Thumb Code    84  stm32l1xx_hal_tim_ex.o(i.HAL_TIMEx_MasterConfigSynchronization)
    HAL_TIM_Base_Init                        0x080026ad   Thumb Code    52  stm32l1xx_hal_tim.o(i.HAL_TIM_Base_Init)
    HAL_TIM_Base_MspInit                     0x080026e1   Thumb Code    58  stm32l1xx_hal_msp.o(i.HAL_TIM_Base_MspInit)
    HAL_TIM_Base_Start_IT                    0x08002721   Thumb Code    42  stm32l1xx_hal_tim.o(i.HAL_TIM_Base_Start_IT)
    HAL_TIM_ConfigClockSource                0x0800274b   Thumb Code   264  stm32l1xx_hal_tim.o(i.HAL_TIM_ConfigClockSource)
    HAL_TIM_IC_CaptureCallback               0x08002853   Thumb Code     2  stm32l1xx_hal_tim.o(i.HAL_TIM_IC_CaptureCallback)
    HAL_TIM_IRQHandler                       0x08002855   Thumb Code   338  stm32l1xx_hal_tim.o(i.HAL_TIM_IRQHandler)
    HAL_TIM_OC_DelayElapsedCallback          0x080029a7   Thumb Code     2  stm32l1xx_hal_tim.o(i.HAL_TIM_OC_DelayElapsedCallback)
    HAL_TIM_PWM_PulseFinishedCallback        0x080029a9   Thumb Code     2  stm32l1xx_hal_tim.o(i.HAL_TIM_PWM_PulseFinishedCallback)
    HAL_TIM_PeriodElapsedCallback            0x080029ad   Thumb Code    12  main.o(i.HAL_TIM_PeriodElapsedCallback)
    HAL_TIM_TriggerCallback                  0x080029bd   Thumb Code     2  stm32l1xx_hal_tim.o(i.HAL_TIM_TriggerCallback)
    HAL_UART_ErrorCallback                   0x080029bf   Thumb Code     2  stm32l1xx_hal_uart.o(i.HAL_UART_ErrorCallback)
    HAL_UART_IRQHandler                      0x080029c1   Thumb Code   328  stm32l1xx_hal_uart.o(i.HAL_UART_IRQHandler)
    HAL_UART_Init                            0x08002b0d   Thumb Code   114  stm32l1xx_hal_uart.o(i.HAL_UART_Init)
    HAL_UART_MspInit                         0x08002b81   Thumb Code   130  stm32l1xx_hal_msp.o(i.HAL_UART_MspInit)
    HAL_UART_Receive_IT                      0x08002c11   Thumb Code   112  stm32l1xx_hal_uart.o(i.HAL_UART_Receive_IT)
    HAL_UART_RxCpltCallback                  0x08002c81   Thumb Code    46  main.o(i.HAL_UART_RxCpltCallback)
    HAL_UART_TxCpltCallback                  0x08002cb9   Thumb Code     2  stm32l1xx_hal_uart.o(i.HAL_UART_TxCpltCallback)
    HardFault_Handler                        0x08002cbb   Thumb Code     4  stm32l1xx_it.o(i.HardFault_Handler)
    LCD_Change_State_ACS                     0x08002cc1   Thumb Code    40  user_lcd_object.o(i.LCD_Change_State_ACS)
    LCD_Change_State_Setup_T1_T2_T3          0x08002cf1   Thumb Code    58  user_lcd_object.o(i.LCD_Change_State_Setup_T1_T2_T3)
    LCD_Change_State_Time_HH_MM_SS           0x08002d45   Thumb Code    94  user_lcd_object.o(i.LCD_Change_State_Time_HH_MM_SS)
    LCD_Display_ACS_Time1_Time2_Time3        0x08002dbd   Thumb Code   112  lcd_object.o(i.LCD_Display_ACS_Time1_Time2_Time3)
    LCD_Display_Esc                          0x08002e2d   Thumb Code   112  lcd_object.o(i.LCD_Display_Esc)
    LCD_Display_Running_OR_Setup             0x08002e9d   Thumb Code    32  lcd_object.o(i.LCD_Display_Running_OR_Setup)
    LCD_Display_Time                         0x08002ebd   Thumb Code    70  lcd_object.o(i.LCD_Display_Time)
    LCD_Send_Data                            0x08002f03   Thumb Code    26  lcd_object.o(i.LCD_Send_Data)
    MemManage_Handler                        0x0800317d   Thumb Code     4  stm32l1xx_it.o(i.MemManage_Handler)
    NMI_Handler                              0x08003181   Thumb Code     2  stm32l1xx_it.o(i.NMI_Handler)
    PendSV_Handler                           0x08003183   Thumb Code     2  stm32l1xx_it.o(i.PendSV_Handler)
    Read_Flash                               0x0800322d   Thumb Code    58  main.o(i.Read_Flash)
    Reset_Relay1                             0x0800327d   Thumb Code    14  user_relay_led.o(i.Reset_Relay1)
    Reset_Relay2                             0x08003291   Thumb Code    14  user_relay_led.o(i.Reset_Relay2)
    Run_Begin                                0x080032a5   Thumb Code    82  user_check_button.o(i.Run_Begin)
    Run_Feed_Shrimp                          0x08003309   Thumb Code   180  main.o(i.Run_Feed_Shrimp)
    SVC_Handler                              0x080033d1   Thumb Code     2  stm32l1xx_it.o(i.SVC_Handler)
    Set_Relay1                               0x080033d5   Thumb Code    14  user_relay_led.o(i.Set_Relay1)
    Set_Relay2                               0x080033e9   Thumb Code    14  user_relay_led.o(i.Set_Relay2)
    Set_Time                                 0x080033fd   Thumb Code   106  main.o(i.Set_Time)
    SysTick_Handler                          0x08003471   Thumb Code    12  stm32l1xx_it.o(i.SysTick_Handler)
    SystemClock_Config                       0x0800347d   Thumb Code    98  main.o(i.SystemClock_Config)
    SystemInit                               0x080034e5   Thumb Code    82  system_stm32l1xx.o(i.SystemInit)
    TIM2_IRQHandler                          0x08003549   Thumb Code    10  stm32l1xx_it.o(i.TIM2_IRQHandler)
    USART2_IRQHandler                        0x08003ad1   Thumb Code    10  stm32l1xx_it.o(i.USART2_IRQHandler)
    USER_LCD_Change_Setup                    0x08003ae1   Thumb Code    36  user_lcd_object.o(i.USER_LCD_Change_Setup)
    USER_LCD_Display_Running                 0x08003b25   Thumb Code    72  user_lcd_object.o(i.USER_LCD_Display_Running)
    USER_LCD_Display_Running_OR_Setup        0x08003b95   Thumb Code    32  user_lcd_object.o(i.USER_LCD_Display_Running_OR_Setup)
    USER_LCD_Display_Setup                   0x08003bbd   Thumb Code    58  user_lcd_object.o(i.USER_LCD_Display_Setup)
    USER_LCD_Display_Time                    0x08003c21   Thumb Code    18  user_lcd_object.o(i.USER_LCD_Display_Time)
    UintTime_To_CharTime_HH_MM_SS            0x08003c41   Thumb Code    34  user_lcd_object.o(i.UintTime_To_CharTime_HH_MM_SS)
    UintTime_To_CharTime_T1_T2_T3            0x08003c71   Thumb Code    34  user_lcd_object.o(i.UintTime_To_CharTime_T1_T2_T3)
    Uint_To_Char                             0x08003ca1   Thumb Code    72  convert_variable.o(i.Uint_To_Char)
    Uint_To_Char_Time                        0x08003ce9   Thumb Code    46  convert_variable.o(i.Uint_To_Char_Time)
    UsageFault_Handler                       0x08003d17   Thumb Code     4  stm32l1xx_it.o(i.UsageFault_Handler)
    __scatterload_copy                       0x08003d55   Thumb Code    14  handlers.o(i.__scatterload_copy)
    __scatterload_null                       0x08003d63   Thumb Code     2  handlers.o(i.__scatterload_null)
    __scatterload_zeroinit                   0x08003d65   Thumb Code    14  handlers.o(i.__scatterload_zeroinit)
    main                                     0x08003d75   Thumb Code   272  main.o(i.main)
    PLLMulTable                              0x08003ed0   Data           9  system_stm32l1xx.o(.constdata)
    AHBPrescTable                            0x08003ed9   Data          16  system_stm32l1xx.o(.constdata)
    APBPrescTable                            0x08003ee9   Data           8  system_stm32l1xx.o(.constdata)
    Region$$Table$$Base                      0x08003f58   Number         0  anon$$obj.o(Region$$Table)
    Region$$Table$$Limit                     0x08003f78   Number         0  anon$$obj.o(Region$$Table)
    check_BT_run_up                          0x20000000   Data           2  check_button.o(.data)
    check_BT_run_down                        0x20000002   Data           2  check_button.o(.data)
    check_BT_run_esc                         0x20000004   Data           2  check_button.o(.data)
    run_BT_time                              0x20000006   Data           2  check_button.o(.data)
    run_BT_begin                             0x20000008   Data           2  check_button.o(.data)
    run_BT_Esc_time                          0x2000000a   Data           2  check_button.o(.data)
    SYSTICK_count_ms                         0x2000000c   Data           4  check_button.o(.data)
    countAvg                                 0x20000010   Data           1  acs712.o(.data)
    ADC_stamp                                0x20000014   Data           4  acs712.o(.data)
    check                                    0x20000018   Data           4  acs712.o(.data)
    BT_enter                                 0x2000001c   Data           2  user_check_button.o(.data)
    BT_esc                                   0x2000001e   Data           2  user_check_button.o(.data)
    BT_up                                    0x20000020   Data           2  user_check_button.o(.data)
    BT_down                                  0x20000022   Data           2  user_check_button.o(.data)
    stampTime1                               0x20000024   Data           4  user_check_button.o(.data)
    stampTime2                               0x20000028   Data           4  user_check_button.o(.data)
    stampTime3                               0x2000002c   Data           4  user_check_button.o(.data)
    ptrStamp                                 0x20000030   Data           4  user_check_button.o(.data)
    startpage                                0x20000034   Data           4  user_check_button.o(.data)
    load_flash                               0x20000038   Data           4  user_check_button.o(.data)
    check_hold_esc                           0x2000003c   Data           2  user_check_button.o(.data)
    check_time1                              0x20000040   Data           4  user_lcd_object.o(.data)
    check_time2                              0x20000044   Data           4  user_lcd_object.o(.data)
    check_time3                              0x20000048   Data           4  user_lcd_object.o(.data)
    check_ACS                                0x2000004c   Data           4  user_lcd_object.o(.data)
    check_SS                                 0x20000050   Data           4  user_lcd_object.o(.data)
    check_MM                                 0x20000054   Data           2  user_lcd_object.o(.data)
    check_HH                                 0x20000056   Data           2  user_lcd_object.o(.data)
    HH                                       0x20000058   Data           3  user_lcd_object.o(.data)
    MM                                       0x2000005b   Data           3  user_lcd_object.o(.data)
    SS                                       0x2000005e   Data           3  user_lcd_object.o(.data)
    LCD_Running                              0x20000064   Data          12  user_lcd_object.o(.data)
    LCD_Setup                                0x20000070   Data          12  user_lcd_object.o(.data)
    LCD_SetupT1                              0x2000007c   Data          12  user_lcd_object.o(.data)
    LCD_SetupT2                              0x20000088   Data          12  user_lcd_object.o(.data)
    LCD_SetupT3                              0x20000094   Data          12  user_lcd_object.o(.data)
    LCD_Time_HH                              0x200000a0   Data          12  user_lcd_object.o(.data)
    LCD_Time_MM                              0x200000ac   Data          12  user_lcd_object.o(.data)
    LCD_Time_SS                              0x200000b8   Data          12  user_lcd_object.o(.data)
    LCD_Time1                                0x200000c4   Data          12  user_lcd_object.o(.data)
    LCD_Time2                                0x200000d0   Data          12  user_lcd_object.o(.data)
    LCD_Time3                                0x200000dc   Data          12  user_lcd_object.o(.data)
    LCD_ACS_Value                            0x200000e8   Data          12  user_lcd_object.o(.data)
    LCD_ACS_Uint                             0x200000f4   Data          12  user_lcd_object.o(.data)
    runTime                                  0x20000100   Data           4  main.o(.data)
    time1                                    0x20000104   Data           4  main.o(.data)
    time2                                    0x20000108   Data           4  main.o(.data)
    time3                                    0x2000010c   Data           4  main.o(.data)
    State                                    0x20000110   Data           2  main.o(.data)
    checkState                               0x20000112   Data           2  main.o(.data)
    countState                               0x20000114   Data           2  main.o(.data)
    setupCount                               0x20000116   Data           2  main.o(.data)
    check_Power_OFF                          0x20000118   Data           2  main.o(.data)
    hh                                       0x2000011a   Data           2  main.o(.data)
    mm                                       0x2000011c   Data           2  main.o(.data)
    ss                                       0x2000011e   Data           2  main.o(.data)
    ACS_Value                                0x20000120   Data           4  main.o(.data)
    uwTick                                   0x20000124   Data           4  stm32l1xx_hal.o(.data)
    uwTickPrio                               0x20000128   Data           4  stm32l1xx_hal.o(.data)
    uwTickFreq                               0x2000012c   Data           4  stm32l1xx_hal.o(.data)
    SystemCoreClock                          0x20000130   Data           4  system_stm32l1xx.o(.data)
    stamp_time1                              0x20000134   Data           9  user_lcd_object.o(.bss)
    stamp_time2                              0x2000013d   Data           9  user_lcd_object.o(.bss)
    stamp_time3                              0x20000146   Data           9  user_lcd_object.o(.bss)
    char_ACS                                 0x2000014f   Data           9  user_lcd_object.o(.bss)
    hadc                                     0x20000158   Data          84  main.o(.bss)
    htim2                                    0x200001ac   Data          60  main.o(.bss)
    huart2                                   0x200001e8   Data          64  main.o(.bss)
    LCD                                      0x20000228   Data          88  main.o(.bss)
    rx_uart2                                 0x20000280   Data        5008  main.o(.bss)
    pFlash                                   0x20001610   Data          24  stm32l1xx_hal_flash.o(.bss)
    __initial_sp                             0x20001a28   Data           0  startup_stm32l151xc.o(STACK)



==============================================================================

Memory Map of the image

  Image Entry point : 0x08000125

  Load Region LR_IROM1 (Base: 0x08000000, Size: 0x000040ac, Max: 0x00040000, ABSOLUTE, COMPRESSED[0x00003fd4])

    Execution Region ER_IROM1 (Exec base: 0x08000000, Load base: 0x08000000, Size: 0x00003f78, Max: 0x00040000, ABSOLUTE)

    Exec Addr    Load Addr    Size         Type   Attr      Idx    E Section Name        Object

    0x08000000   0x08000000   0x00000124   Data   RO            3    RESET               startup_stm32l151xc.o
    0x08000124   0x08000124   0x00000000   Code   RO         3723  * .ARM.Collect$$$$00000000  mc_w.l(entry.o)
    0x08000124   0x08000124   0x00000004   Code   RO         3785    .ARM.Collect$$$$00000001  mc_w.l(entry2.o)
    0x08000128   0x08000128   0x00000004   Code   RO         3788    .ARM.Collect$$$$00000004  mc_w.l(entry5.o)
    0x0800012c   0x0800012c   0x00000000   Code   RO         3790    .ARM.Collect$$$$00000008  mc_w.l(entry7b.o)
    0x0800012c   0x0800012c   0x00000000   Code   RO         3792    .ARM.Collect$$$$0000000A  mc_w.l(entry8b.o)
    0x0800012c   0x0800012c   0x00000008   Code   RO         3793    .ARM.Collect$$$$0000000B  mc_w.l(entry9a.o)
    0x08000134   0x08000134   0x00000000   Code   RO         3795    .ARM.Collect$$$$0000000D  mc_w.l(entry10a.o)
    0x08000134   0x08000134   0x00000000   Code   RO         3797    .ARM.Collect$$$$0000000F  mc_w.l(entry11a.o)
    0x08000134   0x08000134   0x00000004   Code   RO         3786    .ARM.Collect$$$$00002712  mc_w.l(entry2.o)
    0x08000138   0x08000138   0x00000024   Code   RO            4    .text               startup_stm32l151xc.o
    0x0800015c   0x0800015c   0x00000024   Code   RO         3728    .text               mc_w.l(memseta.o)
    0x08000180   0x08000180   0x000000b0   Code   RO         3736    .text               mf_w.l(fadd.o)
    0x08000230   0x08000230   0x00000064   Code   RO         3738    .text               mf_w.l(fmul.o)
    0x08000294   0x08000294   0x0000007c   Code   RO         3740    .text               mf_w.l(fdiv.o)
    0x08000310   0x08000310   0x0000000a   Code   RO         3746    .text               mf_w.l(ffltui.o)
    0x0800031a   0x0800031a   0x00000028   Code   RO         3752    .text               mf_w.l(ffixui.o)
    0x08000342   0x08000342   0x00000002   PAD
    0x08000344   0x08000344   0x00000014   Code   RO         3756    .text               mf_w.l(cfcmple.o)
    0x08000358   0x08000358   0x00000000   Code   RO         3812    .text               mc_w.l(iusefp.o)
    0x08000358   0x08000358   0x0000006e   Code   RO         3813    .text               mf_w.l(fepilogue.o)
    0x080003c6   0x080003c6   0x00000002   PAD
    0x080003c8   0x080003c8   0x00000024   Code   RO         3823    .text               mc_w.l(init.o)
    0x080003ec   0x080003ec   0x00000056   Code   RO         3837    .text               mc_w.l(__dczerorl2.o)
    0x08000442   0x08000442   0x00000002   PAD
    0x08000444   0x08000444   0x000000d8   Code   RO          538    i.ACS_712           acs712.o
    0x0800051c   0x0800051c   0x00000010   Code   RO         1058    i.ADC1_IRQHandler   stm32l1xx_it.o
    0x0800052c   0x0800052c   0x00000088   Code   RO         1213    i.ADC_Enable        stm32l1xx_hal_adc.o
    0x080005b4   0x080005b4   0x00000070   Code   RO          613    i.BT_Check_Up_Down  user_check_button.o
    0x08000624   0x08000624   0x0000005c   Code   RO          614    i.BT_Esc_Exit_Setup  user_check_button.o
    0x08000680   0x08000680   0x00000016   Code   RO           13    i.BT_Press_Click_Down  check_button.o
    0x08000696   0x08000696   0x00000002   PAD
    0x08000698   0x08000698   0x00000020   Code   RO           14    i.BT_Press_Click_Up  check_button.o
    0x080006b8   0x080006b8   0x0000004c   Code   RO           15    i.BT_Press_Hold_Down  check_button.o
    0x08000704   0x08000704   0x00000068   Code   RO           16    i.BT_Press_Hold_Esc  check_button.o
    0x0800076c   0x0800076c   0x00000048   Code   RO           17    i.BT_Press_Hold_Up  check_button.o
    0x080007b4   0x080007b4   0x00000004   Code   RO         1059    i.BusFault_Handler  stm32l1xx_it.o
    0x080007b8   0x080007b8   0x000000e4   Code   RO          177    i.CLCD_4BIT_Init    clcd.o
    0x0800089c   0x0800089c   0x0000000c   Code   RO          184    i.CLCD_Delay        clcd.o
    0x080008a8   0x080008a8   0x0000005c   Code   RO          186    i.CLCD_SetCursor    clcd.o
    0x08000904   0x08000904   0x000000fc   Code   RO          187    i.CLCD_Write4       clcd.o
    0x08000a00   0x08000a00   0x000000ba   Code   RO          188    i.CLCD_Write8       clcd.o
    0x08000aba   0x08000aba   0x00000028   Code   RO          189    i.CLCD_WriteChar    clcd.o
    0x08000ae2   0x08000ae2   0x0000001a   Code   RO          190    i.CLCD_WriteString  clcd.o
    0x08000afc   0x08000afc   0x0000004c   Code   RO          932    i.Check_BT_Callback  main.o
    0x08000b48   0x08000b48   0x0000003c   Code   RO          615    i.Check_BT_DOWN     user_check_button.o
    0x08000b84   0x08000b84   0x000000d0   Code   RO          616    i.Check_BT_ENTER    user_check_button.o
    0x08000c54   0x08000c54   0x000000a4   Code   RO          617    i.Check_BT_ESC      user_check_button.o
    0x08000cf8   0x08000cf8   0x0000003c   Code   RO          618    i.Check_BT_UP       user_check_button.o
    0x08000d34   0x08000d34   0x0000004c   Code   RO          933    i.Check_Test        main.o
    0x08000d80   0x08000d80   0x00000002   Code   RO         1060    i.DebugMon_Handler  stm32l1xx_it.o
    0x08000d82   0x08000d82   0x00000002   PAD
    0x08000d84   0x08000d84   0x00000044   Code   RO          936    i.Display_Time      main.o
    0x08000dc8   0x08000dc8   0x00000002   Code   RO          937    i.Error_Handler     main.o
    0x08000dca   0x08000dca   0x00000002   PAD
    0x08000dcc   0x08000dcc   0x00000030   Code   RO         2957    i.FLASH_PageErase   stm32l1xx_hal_flash_ex.o
    0x08000dfc   0x08000dfc   0x00000006   Code   RO          619    i.FLASH_ReadData32  user_check_button.o
    0x08000e02   0x08000e02   0x00000002   PAD
    0x08000e04   0x08000e04   0x000000a8   Code   RO         2843    i.FLASH_SetErrorCode  stm32l1xx_hal_flash.o
    0x08000eac   0x08000eac   0x00000094   Code   RO         2844    i.FLASH_WaitForLastOperation  stm32l1xx_hal_flash.o
    0x08000f40   0x08000f40   0x00000060   Code   RO          620    i.FLASH_WritePage   user_check_button.o
    0x08000fa0   0x08000fa0   0x0000013e   Code   RO          568    i.Float_To_Char     convert_variable.o
    0x080010de   0x080010de   0x00000002   PAD
    0x080010e0   0x080010e0   0x00000014   Code   RO          698    i.Float_To_Char_ACS  user_lcd_object.o
    0x080010f4   0x080010f4   0x00000020   Code   RO           18    i.GET_SYSTICK_MS    check_button.o
    0x08001114   0x08001114   0x00000002   Code   RO         1387    i.HAL_ADCEx_InjectedConvCpltCallback  stm32l1xx_hal_adc_ex.o
    0x08001116   0x08001116   0x00000002   PAD
    0x08001118   0x08001118   0x000001d8   Code   RO         1215    i.HAL_ADC_ConfigChannel  stm32l1xx_hal_adc.o
    0x080012f0   0x080012f0   0x00000002   Code   RO          938    i.HAL_ADC_ConvCpltCallback  main.o
    0x080012f2   0x080012f2   0x00000002   Code   RO         1219    i.HAL_ADC_ErrorCallback  stm32l1xx_hal_adc.o
    0x080012f4   0x080012f4   0x00000008   Code   RO         1222    i.HAL_ADC_GetValue  stm32l1xx_hal_adc.o
    0x080012fc   0x080012fc   0x0000017a   Code   RO         1223    i.HAL_ADC_IRQHandler  stm32l1xx_hal_adc.o
    0x08001476   0x08001476   0x00000002   PAD
    0x08001478   0x08001478   0x000001d8   Code   RO         1224    i.HAL_ADC_Init      stm32l1xx_hal_adc.o
    0x08001650   0x08001650   0x00000002   Code   RO         1225    i.HAL_ADC_LevelOutOfWindowCallback  stm32l1xx_hal_adc.o
    0x08001652   0x08001652   0x00000002   PAD
    0x08001654   0x08001654   0x00000084   Code   RO         1150    i.HAL_ADC_MspInit   stm32l1xx_hal_msp.o
    0x080016d8   0x080016d8   0x00000090   Code   RO         1230    i.HAL_ADC_Start     stm32l1xx_hal_adc.o
    0x08001768   0x08001768   0x0000005c   Code   RO         3266    i.HAL_DMA_Abort_IT  stm32l1xx_hal_dma.o
    0x080017c4   0x080017c4   0x00000028   Code   RO         2503    i.HAL_Delay         stm32l1xx_hal.o
    0x080017ec   0x080017ec   0x00000090   Code   RO         2966    i.HAL_FLASHEx_Erase  stm32l1xx_hal_flash_ex.o
    0x0800187c   0x0800187c   0x00000014   Code   RO         2848    i.HAL_FLASH_Lock    stm32l1xx_hal_flash.o
    0x08001890   0x08001890   0x00000054   Code   RO         2853    i.HAL_FLASH_Program  stm32l1xx_hal_flash.o
    0x080018e4   0x080018e4   0x00000064   Code   RO         2855    i.HAL_FLASH_Unlock  stm32l1xx_hal_flash.o
    0x08001948   0x08001948   0x000001d0   Code   RO         3201    i.HAL_GPIO_Init     stm32l1xx_hal_gpio.o
    0x08001b18   0x08001b18   0x00000010   Code   RO         3203    i.HAL_GPIO_ReadPin  stm32l1xx_hal_gpio.o
    0x08001b28   0x08001b28   0x0000000c   Code   RO         3205    i.HAL_GPIO_WritePin  stm32l1xx_hal_gpio.o
    0x08001b34   0x08001b34   0x0000000c   Code   RO         2507    i.HAL_GetTick       stm32l1xx_hal.o
    0x08001b40   0x08001b40   0x00000018   Code   RO         2513    i.HAL_IncTick       stm32l1xx_hal.o
    0x08001b58   0x08001b58   0x0000001e   Code   RO         2514    i.HAL_Init          stm32l1xx_hal.o
    0x08001b76   0x08001b76   0x00000002   PAD
    0x08001b78   0x08001b78   0x00000058   Code   RO         2515    i.HAL_InitTick      stm32l1xx_hal.o
    0x08001bd0   0x08001bd0   0x0000005c   Code   RO         1151    i.HAL_MspInit       stm32l1xx_hal_msp.o
    0x08001c2c   0x08001c2c   0x00000020   Code   RO         3544    i.HAL_NVIC_EnableIRQ  stm32l1xx_hal_cortex.o
    0x08001c4c   0x08001c4c   0x0000007c   Code   RO         3550    i.HAL_NVIC_SetPriority  stm32l1xx_hal_cortex.o
    0x08001cc8   0x08001cc8   0x00000028   Code   RO         3551    i.HAL_NVIC_SetPriorityGrouping  stm32l1xx_hal_cortex.o
    0x08001cf0   0x08001cf0   0x00000220   Code   RO         2671    i.HAL_RCC_ClockConfig  stm32l1xx_hal_rcc.o
    0x08001f10   0x08001f10   0x0000000c   Code   RO         2676    i.HAL_RCC_GetHCLKFreq  stm32l1xx_hal_rcc.o
    0x08001f1c   0x08001f1c   0x00000020   Code   RO         2678    i.HAL_RCC_GetPCLK1Freq  stm32l1xx_hal_rcc.o
    0x08001f3c   0x08001f3c   0x00000020   Code   RO         2679    i.HAL_RCC_GetPCLK2Freq  stm32l1xx_hal_rcc.o
    0x08001f5c   0x08001f5c   0x0000007c   Code   RO         2680    i.HAL_RCC_GetSysClockFreq  stm32l1xx_hal_rcc.o
    0x08001fd8   0x08001fd8   0x000005d0   Code   RO         2683    i.HAL_RCC_OscConfig  stm32l1xx_hal_rcc.o
    0x080025a8   0x080025a8   0x00000074   Code   RO           19    i.HAL_SYSTICK_Callback  check_button.o
    0x0800261c   0x0800261c   0x00000034   Code   RO         3555    i.HAL_SYSTICK_Config  stm32l1xx_hal_cortex.o
    0x08002650   0x08002650   0x00000008   Code   RO         3556    i.HAL_SYSTICK_IRQHandler  stm32l1xx_hal_cortex.o
    0x08002658   0x08002658   0x00000054   Code   RO         2135    i.HAL_TIMEx_MasterConfigSynchronization  stm32l1xx_hal_tim_ex.o
    0x080026ac   0x080026ac   0x00000034   Code   RO         1454    i.HAL_TIM_Base_Init  stm32l1xx_hal_tim.o
    0x080026e0   0x080026e0   0x00000040   Code   RO         1153    i.HAL_TIM_Base_MspInit  stm32l1xx_hal_msp.o
    0x08002720   0x08002720   0x0000002a   Code   RO         1459    i.HAL_TIM_Base_Start_IT  stm32l1xx_hal_tim.o
    0x0800274a   0x0800274a   0x00000108   Code   RO         1463    i.HAL_TIM_ConfigClockSource  stm32l1xx_hal_tim.o
    0x08002852   0x08002852   0x00000002   Code   RO         1483    i.HAL_TIM_IC_CaptureCallback  stm32l1xx_hal_tim.o
    0x08002854   0x08002854   0x00000152   Code   RO         1497    i.HAL_TIM_IRQHandler  stm32l1xx_hal_tim.o
    0x080029a6   0x080029a6   0x00000002   Code   RO         1500    i.HAL_TIM_OC_DelayElapsedCallback  stm32l1xx_hal_tim.o
    0x080029a8   0x080029a8   0x00000002   Code   RO         1527    i.HAL_TIM_PWM_PulseFinishedCallback  stm32l1xx_hal_tim.o
    0x080029aa   0x080029aa   0x00000002   PAD
    0x080029ac   0x080029ac   0x00000010   Code   RO          939    i.HAL_TIM_PeriodElapsedCallback  main.o
    0x080029bc   0x080029bc   0x00000002   Code   RO         1540    i.HAL_TIM_TriggerCallback  stm32l1xx_hal_tim.o
    0x080029be   0x080029be   0x00000002   Code   RO         2186    i.HAL_UART_ErrorCallback  stm32l1xx_hal_uart.o
    0x080029c0   0x080029c0   0x0000014c   Code   RO         2189    i.HAL_UART_IRQHandler  stm32l1xx_hal_uart.o
    0x08002b0c   0x08002b0c   0x00000072   Code   RO         2190    i.HAL_UART_Init     stm32l1xx_hal_uart.o
    0x08002b7e   0x08002b7e   0x00000002   PAD
    0x08002b80   0x08002b80   0x00000090   Code   RO         1155    i.HAL_UART_MspInit  stm32l1xx_hal_msp.o
    0x08002c10   0x08002c10   0x00000070   Code   RO         2195    i.HAL_UART_Receive_IT  stm32l1xx_hal_uart.o
    0x08002c80   0x08002c80   0x00000038   Code   RO          940    i.HAL_UART_RxCpltCallback  main.o
    0x08002cb8   0x08002cb8   0x00000002   Code   RO         2201    i.HAL_UART_TxCpltCallback  stm32l1xx_hal_uart.o
    0x08002cba   0x08002cba   0x00000004   Code   RO         1061    i.HardFault_Handler  stm32l1xx_it.o
    0x08002cbe   0x08002cbe   0x00000002   PAD
    0x08002cc0   0x08002cc0   0x00000030   Code   RO          699    i.LCD_Change_State_ACS  user_lcd_object.o
    0x08002cf0   0x08002cf0   0x00000054   Code   RO          700    i.LCD_Change_State_Setup_T1_T2_T3  user_lcd_object.o
    0x08002d44   0x08002d44   0x00000078   Code   RO          701    i.LCD_Change_State_Time_HH_MM_SS  user_lcd_object.o
    0x08002dbc   0x08002dbc   0x00000070   Code   RO          279    i.LCD_Display_ACS_Time1_Time2_Time3  lcd_object.o
    0x08002e2c   0x08002e2c   0x00000070   Code   RO          280    i.LCD_Display_Esc   lcd_object.o
    0x08002e9c   0x08002e9c   0x00000020   Code   RO          281    i.LCD_Display_Running_OR_Setup  lcd_object.o
    0x08002ebc   0x08002ebc   0x00000046   Code   RO          282    i.LCD_Display_Time  lcd_object.o
    0x08002f02   0x08002f02   0x0000001a   Code   RO          283    i.LCD_Send_Data     lcd_object.o
    0x08002f1c   0x08002f1c   0x00000074   Code   RO          941    i.MX_ADC_Init       main.o
    0x08002f90   0x08002f90   0x00000148   Code   RO          942    i.MX_GPIO_Init      main.o
    0x080030d8   0x080030d8   0x0000006c   Code   RO          943    i.MX_TIM2_Init      main.o
    0x08003144   0x08003144   0x00000038   Code   RO          944    i.MX_USART2_UART_Init  main.o
    0x0800317c   0x0800317c   0x00000004   Code   RO         1062    i.MemManage_Handler  stm32l1xx_it.o
    0x08003180   0x08003180   0x00000002   Code   RO         1063    i.NMI_Handler       stm32l1xx_it.o
    0x08003182   0x08003182   0x00000002   Code   RO         1064    i.PendSV_Handler    stm32l1xx_it.o
    0x08003184   0x08003184   0x000000a8   Code   RO         2684    i.RCC_SetFlashLatencyFromMSIRange  stm32l1xx_hal_rcc.o
    0x0800322c   0x0800322c   0x00000050   Code   RO          945    i.Read_Flash        main.o
    0x0800327c   0x0800327c   0x00000014   Code   RO          831    i.Reset_Relay1      user_relay_led.o
    0x08003290   0x08003290   0x00000014   Code   RO          832    i.Reset_Relay2      user_relay_led.o
    0x080032a4   0x080032a4   0x00000064   Code   RO          621    i.Run_Begin         user_check_button.o
    0x08003308   0x08003308   0x000000c8   Code   RO          946    i.Run_Feed_Shrimp   main.o
    0x080033d0   0x080033d0   0x00000002   Code   RO         1065    i.SVC_Handler       stm32l1xx_it.o
    0x080033d2   0x080033d2   0x00000002   PAD
    0x080033d4   0x080033d4   0x00000014   Code   RO          838    i.Set_Relay1        user_relay_led.o
    0x080033e8   0x080033e8   0x00000014   Code   RO          839    i.Set_Relay2        user_relay_led.o
    0x080033fc   0x080033fc   0x00000074   Code   RO          947    i.Set_Time          main.o
    0x08003470   0x08003470   0x0000000c   Code   RO         1066    i.SysTick_Handler   stm32l1xx_it.o
    0x0800347c   0x0800347c   0x00000068   Code   RO          948    i.SystemClock_Config  main.o
    0x080034e4   0x080034e4   0x00000064   Code   RO         3680    i.SystemInit        system_stm32l1xx.o
    0x08003548   0x08003548   0x00000010   Code   RO         1067    i.TIM2_IRQHandler   stm32l1xx_it.o
    0x08003558   0x08003558   0x00000090   Code   RO         1542    i.TIM_Base_SetConfig  stm32l1xx_hal_tim.o
    0x080035e8   0x080035e8   0x00000016   Code   RO         1553    i.TIM_ETR_SetConfig  stm32l1xx_hal_tim.o
    0x080035fe   0x080035fe   0x00000012   Code   RO         1554    i.TIM_ITRx_SetConfig  stm32l1xx_hal_tim.o
    0x08003610   0x08003610   0x00000026   Code   RO         1560    i.TIM_TI1_ConfigInputStage  stm32l1xx_hal_tim.o
    0x08003636   0x08003636   0x00000028   Code   RO         1562    i.TIM_TI2_ConfigInputStage  stm32l1xx_hal_tim.o
    0x0800365e   0x0800365e   0x00000014   Code   RO         2203    i.UART_DMAAbortOnError  stm32l1xx_hal_uart.o
    0x08003672   0x08003672   0x00000020   Code   RO         2213    i.UART_EndRxTransfer  stm32l1xx_hal_uart.o
    0x08003692   0x08003692   0x00000020   Code   RO         2214    i.UART_EndTransmit_IT  stm32l1xx_hal_uart.o
    0x080036b2   0x080036b2   0x000000a6   Code   RO         2216    i.UART_Receive_IT   stm32l1xx_hal_uart.o
    0x08003758   0x08003758   0x00000310   Code   RO         2217    i.UART_SetConfig    stm32l1xx_hal_uart.o
    0x08003a68   0x08003a68   0x00000068   Code   RO         2218    i.UART_Transmit_IT  stm32l1xx_hal_uart.o
    0x08003ad0   0x08003ad0   0x00000010   Code   RO         1068    i.USART2_IRQHandler  stm32l1xx_it.o
    0x08003ae0   0x08003ae0   0x00000044   Code   RO          702    i.USER_LCD_Change_Setup  user_lcd_object.o
    0x08003b24   0x08003b24   0x00000070   Code   RO          703    i.USER_LCD_Display_Running  user_lcd_object.o
    0x08003b94   0x08003b94   0x00000028   Code   RO          704    i.USER_LCD_Display_Running_OR_Setup  user_lcd_object.o
    0x08003bbc   0x08003bbc   0x00000064   Code   RO          705    i.USER_LCD_Display_Setup  user_lcd_object.o
    0x08003c20   0x08003c20   0x00000020   Code   RO          706    i.USER_LCD_Display_Time  user_lcd_object.o
    0x08003c40   0x08003c40   0x00000030   Code   RO          707    i.UintTime_To_CharTime_HH_MM_SS  user_lcd_object.o
    0x08003c70   0x08003c70   0x00000030   Code   RO          708    i.UintTime_To_CharTime_T1_T2_T3  user_lcd_object.o
    0x08003ca0   0x08003ca0   0x00000048   Code   RO          569    i.Uint_To_Char      convert_variable.o
    0x08003ce8   0x08003ce8   0x0000002e   Code   RO          571    i.Uint_To_Char_Time  convert_variable.o
    0x08003d16   0x08003d16   0x00000004   Code   RO         1069    i.UsageFault_Handler  stm32l1xx_it.o
    0x08003d1a   0x08003d1a   0x00000002   PAD
    0x08003d1c   0x08003d1c   0x00000010   Code   RO         3557    i.__NVIC_GetPriorityGrouping  stm32l1xx_hal_cortex.o
    0x08003d2c   0x08003d2c   0x00000028   Code   RO         3558    i.__NVIC_SetPriority  stm32l1xx_hal_cortex.o
    0x08003d54   0x08003d54   0x0000000e   Code   RO         3831    i.__scatterload_copy  mc_w.l(handlers.o)
    0x08003d62   0x08003d62   0x00000002   Code   RO         3832    i.__scatterload_null  mc_w.l(handlers.o)
    0x08003d64   0x08003d64   0x0000000e   Code   RO         3833    i.__scatterload_zeroinit  mc_w.l(handlers.o)
    0x08003d72   0x08003d72   0x00000002   PAD
    0x08003d74   0x08003d74   0x0000015c   Code   RO          949    i.main              main.o
    0x08003ed0   0x08003ed0   0x00000021   Data   RO         3681    .constdata          system_stm32l1xx.o
    0x08003ef1   0x08003ef1   0x00000003   PAD
    0x08003ef4   0x08003ef4   0x00000061   Data   RO          710    .conststring        user_lcd_object.o
    0x08003f55   0x08003f55   0x00000003   PAD
    0x08003f58   0x08003f58   0x00000020   Data   RO         3829    Region$$Table       anon$$obj.o


    Execution Region RW_IRAM1 (Exec base: 0x20000000, Load base: 0x08003f78, Size: 0x00001a28, Max: 0x00008000, ABSOLUTE, COMPRESSED[0x0000005c])

    Exec Addr    Load Addr    Size         Type   Attr      Idx    E Section Name        Object

    0x20000000   COMPRESSED   0x00000010   Data   RW           21    .data               check_button.o
    0x20000010   COMPRESSED   0x0000000c   Data   RW          539    .data               acs712.o
    0x2000001c   COMPRESSED   0x00000022   Data   RW          622    .data               user_check_button.o
    0x2000003e   COMPRESSED   0x00000002   PAD
    0x20000040   COMPRESSED   0x000000c0   Data   RW          711    .data               user_lcd_object.o
    0x20000100   COMPRESSED   0x00000024   Data   RW          951    .data               main.o
    0x20000124   COMPRESSED   0x0000000c   Data   RW         2521    .data               stm32l1xx_hal.o
    0x20000130   COMPRESSED   0x00000004   Data   RW         3682    .data               system_stm32l1xx.o
    0x20000134        -       0x00000024   Zero   RW          709    .bss                user_lcd_object.o
    0x20000158        -       0x000014b8   Zero   RW          950    .bss                main.o
    0x20001610        -       0x00000018   Zero   RW         2856    .bss                stm32l1xx_hal_flash.o
    0x20001628        -       0x00000400   Zero   RW            1    STACK               startup_stm32l151xc.o


==============================================================================

Image component sizes


      Code (inc. data)   RO Data    RW Data    ZI Data      Debug   Object Name

       216         28          0         12          0       1297   acs712.o
       454         68          0         16          0     439269   check_button.o
       836          6          0          0          0       6402   clcd.o
       436          0          0          0          0       2595   convert_variable.o
       352          0          0          0          0       4324   lcd_object.o
      1752        254          0         36       5304       9020   main.o
        36          8        292          0       1024        776   startup_stm32l151xc.o
       194         32          0         12          0       3657   stm32l1xx_hal.o
      1614         44          0          0          0       6159   stm32l1xx_hal_adc.o
         2          0          0          0          0       1385   stm32l1xx_hal_adc_ex.o
       312         22          0          0          0      31424   stm32l1xx_hal_cortex.o
        92          0          0          0          0        987   stm32l1xx_hal_dma.o
       520         44          0          0         24       3350   stm32l1xx_hal_flash.o
       192         20          0          0          0       1779   stm32l1xx_hal_flash_ex.o
       492         34          0          0          0       2739   stm32l1xx_hal_gpio.o
       432         38          0          0          0       2662   stm32l1xx_hal_msp.o
      2400        114          0          0          0       6436   stm32l1xx_hal_rcc.o
       966         26          0          0          0       8534   stm32l1xx_hal_tim.o
        84          0          0          0          0       1172   stm32l1xx_hal_tim_ex.o
      1700          8          0          0          0       7371   stm32l1xx_hal_uart.o
        84         18          0          0          0       4846   stm32l1xx_it.o
       100         18         33          4          0       1119   system_stm32l1xx.o
         0          0          0          0          0        504   uart_sim.o
       898        144          0         34          0       6464   user_check_button.o
       720        228         97        192         36       7630   user_lcd_object.o
        80         24          0          0          0       1664   user_relay_led.o

    ----------------------------------------------------------------------
     14992       1178        460        308       6388     563565   Object Totals
         0          0         32          0          0          0   (incl. Generated)
        28          0          6          2          0          0   (incl. Padding)

    ----------------------------------------------------------------------

      Code (inc. data)   RO Data    RW Data    ZI Data      Debug   Library Member Name

        86          0          0          0          0          0   __dczerorl2.o
         0          0          0          0          0          0   entry.o
         0          0          0          0          0          0   entry10a.o
         0          0          0          0          0          0   entry11a.o
         8          4          0          0          0          0   entry2.o
         4          0          0          0          0          0   entry5.o
         0          0          0          0          0          0   entry7b.o
         0          0          0          0          0          0   entry8b.o
         8          4          0          0          0          0   entry9a.o
        30          0          0          0          0          0   handlers.o
        36          8          0          0          0         68   init.o
         0          0          0          0          0          0   iusefp.o
        36          0          0          0          0        108   memseta.o
        20          0          0          0          0         68   cfcmple.o
       176          0          0          0          0        140   fadd.o
       124          0          0          0          0         88   fdiv.o
       110          0          0          0          0        168   fepilogue.o
        40          0          0          0          0         68   ffixui.o
        10          0          0          0          0         68   ffltui.o
       100          0          0          0          0         76   fmul.o

    ----------------------------------------------------------------------
       796         16          0          0          0        852   Library Totals
         8          0          0          0          0          0   (incl. Padding)

    ----------------------------------------------------------------------

      Code (inc. data)   RO Data    RW Data    ZI Data      Debug   Library Name

       208         16          0          0          0        176   mc_w.l
       580          0          0          0          0        676   mf_w.l

    ----------------------------------------------------------------------
       796         16          0          0          0        852   Library Totals

    ----------------------------------------------------------------------

==============================================================================


      Code (inc. data)   RO Data    RW Data    ZI Data      Debug   

     15788       1194        460        308       6388     557109   Grand Totals
     15788       1194        460         92       6388     557109   ELF Image Totals (compressed)
     15788       1194        460         92          0          0   ROM Totals

==============================================================================

    Total RO  Size (Code + RO Data)                16248 (  15.87kB)
    Total RW  Size (RW Data + ZI Data)              6696 (   6.54kB)
    Total ROM Size (Code + RO Data + RW Data)      16340 (  15.96kB)

==============================================================================

