###############################################################################
#
# IAR ELF Linker V8.40.2.214/W32 for ARM                  19/Apr/2025  12:03:02
# Copyright 2007-2019 IAR Systems AB.
#
#    Output file  =
#        D:\Project_STM32\Saoviet_Datalogger_Kalman_Filter\wm_gsm_ethernet_v3\EWARM\wm_gsm_ethernet_v3\Exe\wm_gsm_ethernet_v3.out
#    Map file     =
#        D:\Project_STM32\Saoviet_Datalogger_Kalman_Filter\wm_gsm_ethernet_v3\EWARM\wm_gsm_ethernet_v3\List\wm_gsm_ethernet_v3.map
#    Command line =
#        -f C:\Users\PC\AppData\Local\Temp\EW3606.tmp
#        (D:\Project_STM32\Saoviet_Datalogger_Kalman_Filter\wm_gsm_ethernet_v3\EWARM\wm_gsm_ethernet_v3\Obj\adc.o
#        D:\Project_STM32\Saoviet_Datalogger_Kalman_Filter\wm_gsm_ethernet_v3\EWARM\wm_gsm_ethernet_v3\Obj\button.o
#        D:\Project_STM32\Saoviet_Datalogger_Kalman_Filter\wm_gsm_ethernet_v3\EWARM\wm_gsm_ethernet_v3\Obj\cat24mxx.o
#        D:\Project_STM32\Saoviet_Datalogger_Kalman_Filter\wm_gsm_ethernet_v3\EWARM\wm_gsm_ethernet_v3\Obj\dhcp.o
#        D:\Project_STM32\Saoviet_Datalogger_Kalman_Filter\wm_gsm_ethernet_v3\EWARM\wm_gsm_ethernet_v3\Obj\dma.o
#        D:\Project_STM32\Saoviet_Datalogger_Kalman_Filter\wm_gsm_ethernet_v3\EWARM\wm_gsm_ethernet_v3\Obj\dns.o
#        D:\Project_STM32\Saoviet_Datalogger_Kalman_Filter\wm_gsm_ethernet_v3\EWARM\wm_gsm_ethernet_v3\Obj\event_driven.o
#        D:\Project_STM32\Saoviet_Datalogger_Kalman_Filter\wm_gsm_ethernet_v3\EWARM\wm_gsm_ethernet_v3\Obj\glcd.o
#        D:\Project_STM32\Saoviet_Datalogger_Kalman_Filter\wm_gsm_ethernet_v3\EWARM\wm_gsm_ethernet_v3\Obj\gpio.o
#        D:\Project_STM32\Saoviet_Datalogger_Kalman_Filter\wm_gsm_ethernet_v3\EWARM\wm_gsm_ethernet_v3\Obj\graphics.o
#        D:\Project_STM32\Saoviet_Datalogger_Kalman_Filter\wm_gsm_ethernet_v3\EWARM\wm_gsm_ethernet_v3\Obj\graphs.o
#        D:\Project_STM32\Saoviet_Datalogger_Kalman_Filter\wm_gsm_ethernet_v3\EWARM\wm_gsm_ethernet_v3\Obj\i2c.o
#        D:\Project_STM32\Saoviet_Datalogger_Kalman_Filter\wm_gsm_ethernet_v3\EWARM\wm_gsm_ethernet_v3\Obj\lcd_display.o
#        D:\Project_STM32\Saoviet_Datalogger_Kalman_Filter\wm_gsm_ethernet_v3\EWARM\wm_gsm_ethernet_v3\Obj\level_S_YW_01B.o
#        D:\Project_STM32\Saoviet_Datalogger_Kalman_Filter\wm_gsm_ethernet_v3\EWARM\wm_gsm_ethernet_v3\Obj\level_SUP_PX261_B.o
#        D:\Project_STM32\Saoviet_Datalogger_Kalman_Filter\wm_gsm_ethernet_v3\EWARM\wm_gsm_ethernet_v3\Obj\level_ultrasonic.o
#        D:\Project_STM32\Saoviet_Datalogger_Kalman_Filter\wm_gsm_ethernet_v3\EWARM\wm_gsm_ethernet_v3\Obj\lptim.o
#        D:\Project_STM32\Saoviet_Datalogger_Kalman_Filter\wm_gsm_ethernet_v3\EWARM\wm_gsm_ethernet_v3\Obj\main.o
#        D:\Project_STM32\Saoviet_Datalogger_Kalman_Filter\wm_gsm_ethernet_v3\EWARM\wm_gsm_ethernet_v3\Obj\MQTTConnectClient.o
#        D:\Project_STM32\Saoviet_Datalogger_Kalman_Filter\wm_gsm_ethernet_v3\EWARM\wm_gsm_ethernet_v3\Obj\MQTTConnectServer.o
#        D:\Project_STM32\Saoviet_Datalogger_Kalman_Filter\wm_gsm_ethernet_v3\EWARM\wm_gsm_ethernet_v3\Obj\MQTTDeserializePublish.o
#        D:\Project_STM32\Saoviet_Datalogger_Kalman_Filter\wm_gsm_ethernet_v3\EWARM\wm_gsm_ethernet_v3\Obj\MQTTFormat.o
#        D:\Project_STM32\Saoviet_Datalogger_Kalman_Filter\wm_gsm_ethernet_v3\EWARM\wm_gsm_ethernet_v3\Obj\MQTTPacket.o
#        D:\Project_STM32\Saoviet_Datalogger_Kalman_Filter\wm_gsm_ethernet_v3\EWARM\wm_gsm_ethernet_v3\Obj\MQTTSerializePublish.o
#        D:\Project_STM32\Saoviet_Datalogger_Kalman_Filter\wm_gsm_ethernet_v3\EWARM\wm_gsm_ethernet_v3\Obj\MQTTSubscribeClient.o
#        D:\Project_STM32\Saoviet_Datalogger_Kalman_Filter\wm_gsm_ethernet_v3\EWARM\wm_gsm_ethernet_v3\Obj\MQTTSubscribeServer.o
#        D:\Project_STM32\Saoviet_Datalogger_Kalman_Filter\wm_gsm_ethernet_v3\EWARM\wm_gsm_ethernet_v3\Obj\MQTTUnsubscribeClient.o
#        D:\Project_STM32\Saoviet_Datalogger_Kalman_Filter\wm_gsm_ethernet_v3\EWARM\wm_gsm_ethernet_v3\Obj\MQTTUnsubscribeServer.o
#        D:\Project_STM32\Saoviet_Datalogger_Kalman_Filter\wm_gsm_ethernet_v3\EWARM\wm_gsm_ethernet_v3\Obj\NT75451.o
#        D:\Project_STM32\Saoviet_Datalogger_Kalman_Filter\wm_gsm_ethernet_v3\EWARM\wm_gsm_ethernet_v3\Obj\onchipflash.o
#        D:\Project_STM32\Saoviet_Datalogger_Kalman_Filter\wm_gsm_ethernet_v3\EWARM\wm_gsm_ethernet_v3\Obj\PCD8544.o
#        D:\Project_STM32\Saoviet_Datalogger_Kalman_Filter\wm_gsm_ethernet_v3\EWARM\wm_gsm_ethernet_v3\Obj\queue_p.o
#        D:\Project_STM32\Saoviet_Datalogger_Kalman_Filter\wm_gsm_ethernet_v3\EWARM\wm_gsm_ethernet_v3\Obj\rtc.o
#        D:\Project_STM32\Saoviet_Datalogger_Kalman_Filter\wm_gsm_ethernet_v3\EWARM\wm_gsm_ethernet_v3\Obj\S25FL216K.o
#        D:\Project_STM32\Saoviet_Datalogger_Kalman_Filter\wm_gsm_ethernet_v3\EWARM\wm_gsm_ethernet_v3\Obj\socket.o
#        D:\Project_STM32\Saoviet_Datalogger_Kalman_Filter\wm_gsm_ethernet_v3\EWARM\wm_gsm_ethernet_v3\Obj\spi.o
#        D:\Project_STM32\Saoviet_Datalogger_Kalman_Filter\wm_gsm_ethernet_v3\EWARM\wm_gsm_ethernet_v3\Obj\ST7565R.o
#        D:\Project_STM32\Saoviet_Datalogger_Kalman_Filter\wm_gsm_ethernet_v3\EWARM\wm_gsm_ethernet_v3\Obj\startup_stm32l496xx.o
#        D:\Project_STM32\Saoviet_Datalogger_Kalman_Filter\wm_gsm_ethernet_v3\EWARM\wm_gsm_ethernet_v3\Obj\STM32F0xx.o
#        D:\Project_STM32\Saoviet_Datalogger_Kalman_Filter\wm_gsm_ethernet_v3\EWARM\wm_gsm_ethernet_v3\Obj\STM32F10x.o
#        D:\Project_STM32\Saoviet_Datalogger_Kalman_Filter\wm_gsm_ethernet_v3\EWARM\wm_gsm_ethernet_v3\Obj\STM32F4.o
#        D:\Project_STM32\Saoviet_Datalogger_Kalman_Filter\wm_gsm_ethernet_v3\EWARM\wm_gsm_ethernet_v3\Obj\STM32L4.o
#        D:\Project_STM32\Saoviet_Datalogger_Kalman_Filter\wm_gsm_ethernet_v3\EWARM\wm_gsm_ethernet_v3\Obj\stm32l4xx_hal.o
#        D:\Project_STM32\Saoviet_Datalogger_Kalman_Filter\wm_gsm_ethernet_v3\EWARM\wm_gsm_ethernet_v3\Obj\stm32l4xx_hal_adc.o
#        D:\Project_STM32\Saoviet_Datalogger_Kalman_Filter\wm_gsm_ethernet_v3\EWARM\wm_gsm_ethernet_v3\Obj\stm32l4xx_hal_adc_ex.o
#        D:\Project_STM32\Saoviet_Datalogger_Kalman_Filter\wm_gsm_ethernet_v3\EWARM\wm_gsm_ethernet_v3\Obj\stm32l4xx_hal_cortex.o
#        D:\Project_STM32\Saoviet_Datalogger_Kalman_Filter\wm_gsm_ethernet_v3\EWARM\wm_gsm_ethernet_v3\Obj\stm32l4xx_hal_dma.o
#        D:\Project_STM32\Saoviet_Datalogger_Kalman_Filter\wm_gsm_ethernet_v3\EWARM\wm_gsm_ethernet_v3\Obj\stm32l4xx_hal_dma_ex.o
#        D:\Project_STM32\Saoviet_Datalogger_Kalman_Filter\wm_gsm_ethernet_v3\EWARM\wm_gsm_ethernet_v3\Obj\stm32l4xx_hal_exti.o
#        D:\Project_STM32\Saoviet_Datalogger_Kalman_Filter\wm_gsm_ethernet_v3\EWARM\wm_gsm_ethernet_v3\Obj\stm32l4xx_hal_flash.o
#        D:\Project_STM32\Saoviet_Datalogger_Kalman_Filter\wm_gsm_ethernet_v3\EWARM\wm_gsm_ethernet_v3\Obj\stm32l4xx_hal_flash_ex.o
#        D:\Project_STM32\Saoviet_Datalogger_Kalman_Filter\wm_gsm_ethernet_v3\EWARM\wm_gsm_ethernet_v3\Obj\stm32l4xx_hal_flash_ramfunc.o
#        D:\Project_STM32\Saoviet_Datalogger_Kalman_Filter\wm_gsm_ethernet_v3\EWARM\wm_gsm_ethernet_v3\Obj\stm32l4xx_hal_gpio.o
#        D:\Project_STM32\Saoviet_Datalogger_Kalman_Filter\wm_gsm_ethernet_v3\EWARM\wm_gsm_ethernet_v3\Obj\stm32l4xx_hal_i2c.o
#        D:\Project_STM32\Saoviet_Datalogger_Kalman_Filter\wm_gsm_ethernet_v3\EWARM\wm_gsm_ethernet_v3\Obj\stm32l4xx_hal_i2c_ex.o
#        D:\Project_STM32\Saoviet_Datalogger_Kalman_Filter\wm_gsm_ethernet_v3\EWARM\wm_gsm_ethernet_v3\Obj\stm32l4xx_hal_lptim.o
#        D:\Project_STM32\Saoviet_Datalogger_Kalman_Filter\wm_gsm_ethernet_v3\EWARM\wm_gsm_ethernet_v3\Obj\stm32l4xx_hal_msp.o
#        D:\Project_STM32\Saoviet_Datalogger_Kalman_Filter\wm_gsm_ethernet_v3\EWARM\wm_gsm_ethernet_v3\Obj\stm32l4xx_hal_pwr.o
#        D:\Project_STM32\Saoviet_Datalogger_Kalman_Filter\wm_gsm_ethernet_v3\EWARM\wm_gsm_ethernet_v3\Obj\stm32l4xx_hal_pwr_ex.o
#        D:\Project_STM32\Saoviet_Datalogger_Kalman_Filter\wm_gsm_ethernet_v3\EWARM\wm_gsm_ethernet_v3\Obj\stm32l4xx_hal_rcc.o
#        D:\Project_STM32\Saoviet_Datalogger_Kalman_Filter\wm_gsm_ethernet_v3\EWARM\wm_gsm_ethernet_v3\Obj\stm32l4xx_hal_rcc_ex.o
#        D:\Project_STM32\Saoviet_Datalogger_Kalman_Filter\wm_gsm_ethernet_v3\EWARM\wm_gsm_ethernet_v3\Obj\stm32l4xx_hal_rtc.o
#        D:\Project_STM32\Saoviet_Datalogger_Kalman_Filter\wm_gsm_ethernet_v3\EWARM\wm_gsm_ethernet_v3\Obj\stm32l4xx_hal_rtc_ex.o
#        D:\Project_STM32\Saoviet_Datalogger_Kalman_Filter\wm_gsm_ethernet_v3\EWARM\wm_gsm_ethernet_v3\Obj\stm32l4xx_hal_spi.o
#        D:\Project_STM32\Saoviet_Datalogger_Kalman_Filter\wm_gsm_ethernet_v3\EWARM\wm_gsm_ethernet_v3\Obj\stm32l4xx_hal_spi_ex.o
#        D:\Project_STM32\Saoviet_Datalogger_Kalman_Filter\wm_gsm_ethernet_v3\EWARM\wm_gsm_ethernet_v3\Obj\stm32l4xx_hal_tim.o
#        D:\Project_STM32\Saoviet_Datalogger_Kalman_Filter\wm_gsm_ethernet_v3\EWARM\wm_gsm_ethernet_v3\Obj\stm32l4xx_hal_tim_ex.o
#        D:\Project_STM32\Saoviet_Datalogger_Kalman_Filter\wm_gsm_ethernet_v3\EWARM\wm_gsm_ethernet_v3\Obj\stm32l4xx_hal_uart.o
#        D:\Project_STM32\Saoviet_Datalogger_Kalman_Filter\wm_gsm_ethernet_v3\EWARM\wm_gsm_ethernet_v3\Obj\stm32l4xx_hal_uart_ex.o
#        D:\Project_STM32\Saoviet_Datalogger_Kalman_Filter\wm_gsm_ethernet_v3\EWARM\wm_gsm_ethernet_v3\Obj\stm32l4xx_it.o
#        D:\Project_STM32\Saoviet_Datalogger_Kalman_Filter\wm_gsm_ethernet_v3\EWARM\wm_gsm_ethernet_v3\Obj\system_stm32l4xx.o
#        D:\Project_STM32\Saoviet_Datalogger_Kalman_Filter\wm_gsm_ethernet_v3\EWARM\wm_gsm_ethernet_v3\Obj\text.o
#        D:\Project_STM32\Saoviet_Datalogger_Kalman_Filter\wm_gsm_ethernet_v3\EWARM\wm_gsm_ethernet_v3\Obj\text_tiny.o
#        D:\Project_STM32\Saoviet_Datalogger_Kalman_Filter\wm_gsm_ethernet_v3\EWARM\wm_gsm_ethernet_v3\Obj\tim.o
#        D:\Project_STM32\Saoviet_Datalogger_Kalman_Filter\wm_gsm_ethernet_v3\EWARM\wm_gsm_ethernet_v3\Obj\unit_tests.o
#        D:\Project_STM32\Saoviet_Datalogger_Kalman_Filter\wm_gsm_ethernet_v3\EWARM\wm_gsm_ethernet_v3\Obj\usart.o
#        D:\Project_STM32\Saoviet_Datalogger_Kalman_Filter\wm_gsm_ethernet_v3\EWARM\wm_gsm_ethernet_v3\Obj\user_adc.o
#        D:\Project_STM32\Saoviet_Datalogger_Kalman_Filter\wm_gsm_ethernet_v3\EWARM\wm_gsm_ethernet_v3\Obj\user_adv_trace.o
#        D:\Project_STM32\Saoviet_Datalogger_Kalman_Filter\wm_gsm_ethernet_v3\EWARM\wm_gsm_ethernet_v3\Obj\user_app_comm.o
#        D:\Project_STM32\Saoviet_Datalogger_Kalman_Filter\wm_gsm_ethernet_v3\EWARM\wm_gsm_ethernet_v3\Obj\user_app_ethernet.o
#        D:\Project_STM32\Saoviet_Datalogger_Kalman_Filter\wm_gsm_ethernet_v3\EWARM\wm_gsm_ethernet_v3\Obj\user_app_mem.o
#        D:\Project_STM32\Saoviet_Datalogger_Kalman_Filter\wm_gsm_ethernet_v3\EWARM\wm_gsm_ethernet_v3\Obj\user_app_rs485.o
#        D:\Project_STM32\Saoviet_Datalogger_Kalman_Filter\wm_gsm_ethernet_v3\EWARM\wm_gsm_ethernet_v3\Obj\user_app_sensor.o
#        D:\Project_STM32\Saoviet_Datalogger_Kalman_Filter\wm_gsm_ethernet_v3\EWARM\wm_gsm_ethernet_v3\Obj\user_app_sim.o
#        D:\Project_STM32\Saoviet_Datalogger_Kalman_Filter\wm_gsm_ethernet_v3\EWARM\wm_gsm_ethernet_v3\Obj\user_app_sms_call.o
#        D:\Project_STM32\Saoviet_Datalogger_Kalman_Filter\wm_gsm_ethernet_v3\EWARM\wm_gsm_ethernet_v3\Obj\user_app_wm.o
#        D:\Project_STM32\Saoviet_Datalogger_Kalman_Filter\wm_gsm_ethernet_v3\EWARM\wm_gsm_ethernet_v3\Obj\user_at_serial.o
#        D:\Project_STM32\Saoviet_Datalogger_Kalman_Filter\wm_gsm_ethernet_v3\EWARM\wm_gsm_ethernet_v3\Obj\user_convert_variable.o
#        D:\Project_STM32\Saoviet_Datalogger_Kalman_Filter\wm_gsm_ethernet_v3\EWARM\wm_gsm_ethernet_v3\Obj\user_ec200u.o
#        D:\Project_STM32\Saoviet_Datalogger_Kalman_Filter\wm_gsm_ethernet_v3\EWARM\wm_gsm_ethernet_v3\Obj\user_internal_mem.o
#        D:\Project_STM32\Saoviet_Datalogger_Kalman_Filter\wm_gsm_ethernet_v3\EWARM\wm_gsm_ethernet_v3\Obj\user_json.o
#        D:\Project_STM32\Saoviet_Datalogger_Kalman_Filter\wm_gsm_ethernet_v3\EWARM\wm_gsm_ethernet_v3\Obj\user_l506.o
#        D:\Project_STM32\Saoviet_Datalogger_Kalman_Filter\wm_gsm_ethernet_v3\EWARM\wm_gsm_ethernet_v3\Obj\user_l511.o
#        D:\Project_STM32\Saoviet_Datalogger_Kalman_Filter\wm_gsm_ethernet_v3\EWARM\wm_gsm_ethernet_v3\Obj\user_log.o
#        D:\Project_STM32\Saoviet_Datalogger_Kalman_Filter\wm_gsm_ethernet_v3\EWARM\wm_gsm_ethernet_v3\Obj\user_lpm.o
#        D:\Project_STM32\Saoviet_Datalogger_Kalman_Filter\wm_gsm_ethernet_v3\EWARM\wm_gsm_ethernet_v3\Obj\user_lptim.o
#        D:\Project_STM32\Saoviet_Datalogger_Kalman_Filter\wm_gsm_ethernet_v3\EWARM\wm_gsm_ethernet_v3\Obj\user_mem_comm.o
#        D:\Project_STM32\Saoviet_Datalogger_Kalman_Filter\wm_gsm_ethernet_v3\EWARM\wm_gsm_ethernet_v3\Obj\user_modbus_rtu.o
#        D:\Project_STM32\Saoviet_Datalogger_Kalman_Filter\wm_gsm_ethernet_v3\EWARM\wm_gsm_ethernet_v3\Obj\user_modem.o
#        D:\Project_STM32\Saoviet_Datalogger_Kalman_Filter\wm_gsm_ethernet_v3\EWARM\wm_gsm_ethernet_v3\Obj\user_mqtt.o
#        D:\Project_STM32\Saoviet_Datalogger_Kalman_Filter\wm_gsm_ethernet_v3\EWARM\wm_gsm_ethernet_v3\Obj\user_obis_sv.o
#        D:\Project_STM32\Saoviet_Datalogger_Kalman_Filter\wm_gsm_ethernet_v3\EWARM\wm_gsm_ethernet_v3\Obj\user_rs485.o
#        D:\Project_STM32\Saoviet_Datalogger_Kalman_Filter\wm_gsm_ethernet_v3\EWARM\wm_gsm_ethernet_v3\Obj\user_rtc.o
#        D:\Project_STM32\Saoviet_Datalogger_Kalman_Filter\wm_gsm_ethernet_v3\EWARM\wm_gsm_ethernet_v3\Obj\user_sim.o
#        D:\Project_STM32\Saoviet_Datalogger_Kalman_Filter\wm_gsm_ethernet_v3\EWARM\wm_gsm_ethernet_v3\Obj\user_sim_common.o
#        D:\Project_STM32\Saoviet_Datalogger_Kalman_Filter\wm_gsm_ethernet_v3\EWARM\wm_gsm_ethernet_v3\Obj\user_string.o
#        D:\Project_STM32\Saoviet_Datalogger_Kalman_Filter\wm_gsm_ethernet_v3\EWARM\wm_gsm_ethernet_v3\Obj\user_time.o
#        D:\Project_STM32\Saoviet_Datalogger_Kalman_Filter\wm_gsm_ethernet_v3\EWARM\wm_gsm_ethernet_v3\Obj\user_timer.o
#        D:\Project_STM32\Saoviet_Datalogger_Kalman_Filter\wm_gsm_ethernet_v3\EWARM\wm_gsm_ethernet_v3\Obj\user_tiny_vsnprintf.o
#        D:\Project_STM32\Saoviet_Datalogger_Kalman_Filter\wm_gsm_ethernet_v3\EWARM\wm_gsm_ethernet_v3\Obj\user_uart.o
#        D:\Project_STM32\Saoviet_Datalogger_Kalman_Filter\wm_gsm_ethernet_v3\EWARM\wm_gsm_ethernet_v3\Obj\user_util.o
#        D:\Project_STM32\Saoviet_Datalogger_Kalman_Filter\wm_gsm_ethernet_v3\EWARM\wm_gsm_ethernet_v3\Obj\user_wm_digital.o
#        D:\Project_STM32\Saoviet_Datalogger_Kalman_Filter\wm_gsm_ethernet_v3\EWARM\wm_gsm_ethernet_v3\Obj\w5500.o
#        D:\Project_STM32\Saoviet_Datalogger_Kalman_Filter\wm_gsm_ethernet_v3\EWARM\wm_gsm_ethernet_v3\Obj\wizchip_conf.o
#        D:\Project_STM32\Saoviet_Datalogger_Kalman_Filter\wm_gsm_ethernet_v3\EWARM\wm_gsm_ethernet_v3\Obj\wm_mt100.o
#        D:\Project_STM32\Saoviet_Datalogger_Kalman_Filter\wm_gsm_ethernet_v3\EWARM\wm_gsm_ethernet_v3\Obj\woteck_wm.o
#        --no_out_extension -o
#        D:\Project_STM32\Saoviet_Datalogger_Kalman_Filter\wm_gsm_ethernet_v3\EWARM\wm_gsm_ethernet_v3\Exe\wm_gsm_ethernet_v3.out
#        --redirect _Printf=_PrintfFullNoMb --redirect _Scanf=_ScanfFullNoMb
#        --map
#        D:\Project_STM32\Saoviet_Datalogger_Kalman_Filter\wm_gsm_ethernet_v3\EWARM\wm_gsm_ethernet_v3\List\wm_gsm_ethernet_v3.map
#        --config
#        D:\Project_STM32\Saoviet_Datalogger_Kalman_Filter\wm_gsm_ethernet_v3\EWARM/stm32l496xx_flash.icf
#        --semihosting --entry __iar_program_start --vfe --text_out locale)
#
###############################################################################

*******************************************************************************
*** RUNTIME MODEL ATTRIBUTES
***

CppFlavor       = *
__Heap_Handler  = DLMalloc
__SystemLibrary = DLib
__dlib_version  = 6


*******************************************************************************
*** HEAP SELECTION
***

The advanced heap was selected because the application calls memory
allocation functions outside of system library functions, and there
are calls to deallocation functions in the application.


*******************************************************************************
*** PLACEMENT SUMMARY
***

"A0":  place at address 0x800'4000 { ro section .intvec };
"P1":  place in [from 0x800'0000 to 0x80f'ffff] { ro };
define block CSTACK with size = 2K, alignment = 8 { };
define block HEAP with size = 512, alignment = 8 { };
"P2":  place in [from 0x2000'0000 to 0x2004'ffff] {
          rw, block CSTACK, block HEAP };
initialize by copy { rw };

  Section            Kind         Address      Size  Object
  -------            ----         -------      ----  ------
"A0":                                         0x1ac
  .intvec            ro code   0x800'4000     0x1ac  startup_stm32l496xx.o [1]
                             - 0x800'41ac     0x1ac

"P1":                                      0x2'c93e
  .text              ro code   0x800'41ac    0x38bc  user_app_wm.o [1]
  .text              ro code   0x800'7a68     0x32c  user_timer.o [1]
  .text              ro code   0x800'7d94       0xc  stm32l4xx_hal.o [1]
  .text              ro code   0x800'7da0      0x4a  event_driven.o [1]
  .text              ro code   0x800'7dea      0x3a  zero_init3.o [4]
  .text              ro code   0x800'7e24     0x64a  user_util.o [1]
  .text              ro code   0x800'846e       0xa  xsprout.o [2]
  .text              ro code   0x800'8478     0x29c  user_time.o [1]
  .text              ro code   0x800'8714     0x2da  user_adv_trace.o [1]
  .rodata            const     0x800'89ee       0x2  user_app_wm.o [1]
  .text              ro code   0x800'89f0     0x158  user_lptim.o [1]
  .text              ro code   0x800'8b48    0x2034  user_app_ethernet.o [1]
  .text              ro code   0x800'ab7c     0xf80  user_app_sim.o [1]
  .text              ro code   0x800'bafc      0x66  ABImemset.o [4]
  .rodata            const     0x800'bb62       0x2  user_ec200u.o [1]
  .text              ro code   0x800'bb64      0x40  sprintf.o [2]
  .text              ro code   0x800'bba4      0x48  FltToDbl.o [3]
  .text              ro code   0x800'bbec      0x3a  DblToS32.o [3]
  .rodata            const     0x800'bc26       0x2  user_ec200u.o [1]
  .text              ro code   0x800'bc28     0x3c8  stm32l4xx_hal_gpio.o [1]
  .text              ro code   0x800'bff0     0x564  user_rs485.o [1]
  .text              ro code   0x800'c554     0x380  user_wm_digital.o [1]
  .text              ro code   0x800'c8d4     0x14c  user_adc.o [1]
  .text              ro code   0x800'ca20     0x998  user_app_comm.o [1]
  .text              ro code   0x800'd3b8      0x2e  DblCmpLe.o [3]
  .rodata            const     0x800'd3e6       0x2  xlocale_c.o [2]
  .text              ro code   0x800'd3e8      0xe2  DblSub.o [3]
  .rodata            const     0x800'd4ca       0x2  xlocale_c.o [2]
  .text              ro code   0x800'd4cc     0x1a2  DblMul.o [3]
  .rodata            const     0x800'd66e       0x1  xlocale_c.o [2]
  .text              ro code   0x800'd670     0x246  DblDiv.o [3]
  .text              ro code   0x800'd8b8     0x17a  DblAdd.o [3]
  .text              ro code   0x800'da34     0x1f8  onchipflash.o [1]
  .text              ro code   0x800'dc2c    0x1284  user_app_mem.o [1]
  .text              ro code   0x800'eeb0      0x36  strlen.o [4]
  .text              ro code   0x800'eee8      0xa6  ABImemcpy.o [4]
  .text              ro code   0x800'ef90      0x22  S32ToDbl.o [3]
  .text              ro code   0x800'efb2     0x28a  user_obis_sv.o [1]
  .text              ro code   0x800'f23c     0x3c4  user_convert_variable.o [1]
  .text              ro code   0x800'f600      0x68  DblToFlt.o [3]
  .text              ro code   0x800'f668      0x1e  math_wrappers64.o [3]
  .text              ro code   0x800'f688      0x1a  U32ToDbl.o [3]
  .text              ro code   0x800'f6a4     0x14c  iar_Stoulx.o [2]
  .text              ro code   0x800'f7f0    0x14dc  dlmalloc.o [2]
  .text              ro code   0x801'0ccc       0x4  heaptramp0.o [2]
  .text              ro code   0x801'0cd0     0x230  I64DivMod.o [4]
  .text              ro code   0x801'0f00     0x736  stm32l4xx_hal_rtc.o [1]
  .text              ro code   0x801'1638     0x2d8  user_tiny_vsnprintf.o [1]
  .text              ro code   0x801'1910       0x2  user_adv_trace.o [1]
  .text              ro code   0x801'1914     0x18c  stm32l4xx_hal_lptim.o [1]
  .text              ro code   0x801'1aa0     0x37c  stm32l4xx_hal_tim.o [1]
  .text              ro code   0x801'1e1c       0x8  abs.o [2]
  .text              ro code   0x801'1e24     0x424  w5500.o [1]
  .text              ro code   0x801'2248    0x2d20  user_modem.o [1]
  .text              ro code   0x801'4f68    0x10f4  dhcp.o [1]
  .text              ro code   0x801'605c     0x4d0  dns.o [1]
  .text              ro code   0x801'652c     0x16a  queue_p.o [1]
  .text              ro code   0x801'6698     0xc8c  socket.o [1]
  .text              ro code   0x801'7324     0xc92  user_mqtt.o [1]
  .text              ro code   0x801'7fb6     0x2a6  user_string.o [1]
  .text              ro code   0x801'825c     0x7e2  stm32l4xx_hal_spi.o [1]
  .text              ro code   0x801'8a40     0x6be  wizchip_conf.o [1]
  .text              ro code   0x801'9100      0x4c  strtok.o [2]
  .text              ro code   0x801'914c     0x1b0  stm32l4xx_hal_flash.o [1]
  .text              ro code   0x801'92fc      0x28  stm32l4xx_hal.o [1]
  .text              ro code   0x801'9324     0x96e  user_sim_common.o [1]
  .text              ro code   0x801'9c94     0x828  user_sim.o [1]
  .text              ro code   0x801'a4bc     0x982  user_ec200u.o [1]
  .text              ro code   0x801'ae40     0xd64  stm32l4xx_hal_uart.o [1]
  .text              ro code   0x801'bba4     0xfc6  xprintffull_nomb.o [2]
  .text              ro code   0x801'cb6a      0x66  stm32l4xx_hal_uart_ex.o [1]
  .text              ro code   0x801'cbd0     0x15c  stm32l4xx_hal_cortex.o [1]
  .text              ro code   0x801'cd2c     0x180  user_modbus_rtu.o [1]
  .text              ro code   0x801'ceac      0xf0  main.o [1]
  .text              ro code   0x801'cf9c     0x20c  wm_mt100.o [1]
  .text              ro code   0x801'd1a8     0xe6a  stm32l4xx_hal_adc.o [1]
  .text              ro code   0x801'e014     0x1ec  stm32l4xx_hal_adc_ex.o [1]
  .text              ro code   0x801'e200     0x168  user_uart.o [1]
  .text              ro code   0x801'e368     0x154  user_lpm.o [1]
  .text              ro code   0x801'e4bc    0x19ec  user_app_rs485.o [1]
  .text              ro code   0x801'fea8    0x1268  user_app_sensor.o [1]
  .text              ro code   0x802'1110    0x12f8  lcd_display.o [1]
  .text              ro code   0x802'2408     0x978  stm32l4xx_hal_rcc.o [1]
  .text              ro code   0x802'2d80     0x520  usart.o [1]
  .text              ro code   0x802'32a0      0xb4  stm32l4xx_hal_flash_ex.o [1]
  .text              ro code   0x802'3354     0x110  user_internal_mem.o [1]
  .text              ro code   0x802'3464     0x328  cat24mxx.o [1]
  .text              ro code   0x802'378c     0x4f8  strto64.o [3]
  .text              ro code   0x802'3c84     0x6ec  pow64.o [3]
  .text              ro code   0x802'4370      0x14  isspace.o [2]
  .text              ro code   0x802'4384      0x14  tolower.o [2]
  .text              ro code   0x802'4398      0x58  memchr.o [4]
  .text              ro code   0x802'43f0       0x6  abort.o [2]
  .text              ro code   0x802'43f8      0x2c  xgetmemchunk.o [2]
  .text              ro code   0x802'4424       0x6  ABImemclr.o [4]
  .text              ro code   0x802'442c       0x2  I64DivZer.o [4]
  .text              ro code   0x802'4430      0x58  rtc.o [1]
  .text              ro code   0x802'4488     0x358  user_rtc.o [1]
  .text              ro code   0x802'47e0       0x2  stm32l4xx_hal_rtc_ex.o [1]
  .text              ro code   0x802'47e4     0x194  lptim.o [1]
  .text              ro code   0x802'4978     0x1dc  tim.o [1]
  .text              ro code   0x802'4b54      0x14  memset.o [4]
  .text              ro code   0x802'4b68      0x18  strcpy.o [4]
  .text              ro code   0x802'4b80      0x70  strncpy.o [4]
  .text              ro code   0x802'4bf0      0x16  strchr.o [4]
  .text              ro code   0x802'4c08      0xc8  MQTTSerializePublish.o [1]
  .text              ro code   0x802'4cd0       0x6  ABImemclr4.o [4]
  .text              ro code   0x802'4cd8      0xe0  MQTTSubscribeClient.o [1]
  .text              ro code   0x802'4db8     0x1f0  MQTTConnectClient.o [1]
  .text              ro code   0x802'4fa8     0x16c  spi.o [1]
  .text              ro code   0x802'5114      0x22  strspn.o [2]
  .text              ro code   0x802'5136      0x22  strcspn.o [2]
  .text              ro code   0x802'5158      0x2c  strstr.o [2]
  .text              ro code   0x802'5184     0x3fe  stm32l4xx_hal_dma.o [1]
  .text              ro code   0x802'5582       0x2  stm32l4xx_hal_uart.o [1]
  .text              ro code   0x802'5584       0x2  stm32l4xx_hal_uart.o [1]
  .text              ro code   0x802'5588      0x40  xfail_s.o [2]
  .text              ro code   0x802'55c8      0x70  frexp.o [3]
  .text              ro code   0x802'5638      0x2e  DblCmpGe.o [3]
  .text              ro code   0x802'5668     0x13a  ldexp.o [3]
  .text              ro code   0x802'57a4      0x28  DblToU32.o [3]
  .text              ro code   0x802'57cc      0x4c  xlocale_c.o [2]
  .text              ro code   0x802'5818      0x4c  stm32l4xx_hal.o [1]
  .text              ro code   0x802'5864     0x370  gpio.o [1]
  .text              ro code   0x802'5bd4      0x70  dma.o [1]
  .text              ro code   0x802'5c44     0x1d8  adc.o [1]
  .text              ro code   0x802'5e1c      0xf4  i2c.o [1]
  .text              ro code   0x802'5f10     0x108  stm32l4xx_hal_pwr_ex.o [1]
  .text              ro code   0x802'6018      0x78  stm32l4xx_hal_pwr.o [1]
  .text              ro code   0x802'6090      0x10  stm32l4xx_hal.o [1]
  .text              ro code   0x802'60a0      0x10  stm32l4xx_hal.o [1]
  .text              ro code   0x802'60b0      0xac  STM32L4.o [1]
  .text              ro code   0x802'615c     0x270  text_tiny.o [1]
  .text              ro code   0x802'63cc      0x14  unit_tests.o [1]
  .text              ro code   0x802'63e0      0xdc  glcd.o [1]
  .text              ro code   0x802'64bc     0x378  text.o [1]
  .text              ro code   0x802'6834     0x28c  graphics.o [1]
  .text              ro code   0x802'6ac0     0x150  ST7565R.o [1]
  .text              ro code   0x802'6c10    0x2570  button.o [1]
  .text              ro code   0x802'9180      0x5c  stm32l4xx_hal.o [1]
  .text              ro code   0x802'91dc     0x704  stm32l4xx_hal_rcc_ex.o [1]
  .text              ro code   0x802'98e0     0x820  stm32l4xx_hal_i2c.o [1]
  .text              ro code   0x802'a100     0x122  iar_Stopfx.o [2]
  .text              ro code   0x802'a224     0x1b8  iar_Stoflt.o [2]
  .text              ro code   0x802'a3dc     0x208  iar_Stoxflt.o [2]
  .text              ro code   0x802'a5e4      0x20  DblCmpEq.o [3]
  .text              ro code   0x802'a604     0x3e8  iar_Exp64.o [3]
  .text              ro code   0x802'a9ec      0x14  exit.o [5]
  .text              ro code   0x802'aa00      0x46  stm32l4xx_hal_rtc_ex.o [1]
  .text              ro code   0x802'aa48      0xb4  stm32l4xx_hal_tim_ex.o [1]
  .text              ro code   0x802'aafc     0x108  MQTTPacket.o [1]
  .text              ro code   0x802'ac04      0x32  ABImemset48.o [4]
  .text              ro code   0x802'ac38      0x38  stm32l4xx_hal_msp.o [1]
  .text              ro code   0x802'ac70      0xbe  stm32l4xx_hal_i2c_ex.o [1]
  .text              ro code   0x802'ad2e      0x14  isalpha.o [2]
  .rodata            const     0x802'ad44     0x760  user_ec200u.o [1]
  .rodata            const     0x802'b4a4     0x548  lcd_display.o [1]
  .rodata            const     0x802'b9f0     0x420  pow64.o [3]
  .rodata            const     0x802'be10     0x400  unit_tests.o [1]
  .rodata            const     0x802'c210     0x214  lcd_display.o [1]
  .rodata            const     0x802'c424     0x1d0  user_mqtt.o [1]
  .text              ro code   0x802'c5f4     0x1b4  woteck_wm.o [1]
  .text              ro code   0x802'c7a8      0xe0  stm32l4xx_it.o [1]
  .text              ro code   0x802'c888      0x18  stm32l4xx_hal.o [1]
  .rodata            const     0x802'c8a0      0xd0  user_ec200u.o [1]
  .text              ro code   0x802'c970      0xcc  user_log.o [1]
  .rodata            const     0x802'ca3c      0xc8  user_modem.o [1]
  .rodata            const     0x802'cb04      0xc8  user_modem.o [1]
  .rodata            const     0x802'cbcc      0xb0  user_mqtt.o [1]
  .rodata            const     0x802'cc7c      0x78  user_modem.o [1]
  .text              ro code   0x802'ccf4      0x78  lz77_init_single.o [4]
  .text              ro code   0x802'cd6c      0x58  level_S_YW_01B.o [1]
  .rodata            const     0x802'cdc4      0x50  user_app_rs485.o [1]
  .rodata            const     0x802'ce14      0x50  iar_Stoulx.o [2]
  .rodata            const     0x802'ce64      0x3c  user_app_ethernet.o [1]
  .rodata            const     0x802'cea0      0x48  strto64.o [3]
  .text              ro code   0x802'cee8      0x48  level_SUP_PX261_B.o [1]
  .rodata            const     0x802'cf30      0x3c  user_app_rs485.o [1]
  .rodata            const     0x802'cf6c      0x38  user_app_wm.o [1]
  .rodata            const     0x802'cfa4      0x34  user_app_ethernet.o [1]
  .rodata            const     0x802'cfd8      0x34  user_app_sensor.o [1]
  .rodata            const     0x802'd00c      0x34  user_app_sensor.o [1]
  .rodata            const     0x802'd040      0x34  user_app_sensor.o [1]
  .rodata            const     0x802'd074      0x34  user_app_sensor.o [1]
  .rodata            const     0x802'd0a8      0x30  system_stm32l4xx.o [1]
  .rodata            const     0x802'd0d8      0x30  user_ec200u.o [1]
  .rodata            const     0x802'd108      0x30  user_ec200u.o [1]
  .rodata            const     0x802'd138      0x2c  user_app_comm.o [1]
  .rodata            const     0x802'd164      0x2c  user_rtc.o [1]
  .rodata            const     0x802'd190      0x28  user_app_ethernet.o [1]
  .rodata            const     0x802'd1b8      0x28  user_app_mem.o [1]
  .rodata            const     0x802'd1e0      0x28  user_app_mem.o [1]
  .rodata            const     0x802'd208      0x28  user_app_sim.o [1]
  .rodata            const     0x802'd230      0x28  user_app_wm.o [1]
  .rodata            const     0x802'd258      0x28  user_ec200u.o [1]
  .rodata            const     0x802'd280      0x28  user_ec200u.o [1]
  .rodata            const     0x802'd2a8      0x28  user_ec200u.o [1]
  .rodata            const     0x802'd2d0      0x28  user_modem.o [1]
  .rodata            const     0x802'd2f8      0x28  user_tiny_vsnprintf.o [1]
  .rodata            const     0x802'd320      0x28  user_tiny_vsnprintf.o [1]
  .text              ro code   0x802'd348      0x28  level_ultrasonic.o [1]
  .text              ro code   0x802'd370      0x28  data_init.o [4]
  .rodata            const     0x802'd398      0x24  cat24mxx.o [1]
  .rodata            const     0x802'd3bc      0x24  cat24mxx.o [1]
  .rodata            const     0x802'd3e0      0x24  user_app_comm.o [1]
  .rodata            const     0x802'd404      0x24  user_app_comm.o [1]
  .rodata            const     0x802'd428      0x24  user_app_comm.o [1]
  .rodata            const     0x802'd44c      0x24  user_app_comm.o [1]
  .rodata            const     0x802'd470      0x24  user_app_ethernet.o [1]
  .rodata            const     0x802'd494      0x24  user_app_ethernet.o [1]
  .rodata            const     0x802'd4b8      0x24  user_app_ethernet.o [1]
  .rodata            const     0x802'd4dc      0x24  user_app_ethernet.o [1]
  .rodata            const     0x802'd500      0x24  user_app_ethernet.o [1]
  .rodata            const     0x802'd524      0x24  user_app_ethernet.o [1]
  .rodata            const     0x802'd548      0x24  user_app_ethernet.o [1]
  .rodata            const     0x802'd56c      0x24  user_app_mem.o [1]
  .rodata            const     0x802'd590      0x24  user_app_mem.o [1]
  .rodata            const     0x802'd5b4      0x24  user_app_mem.o [1]
  .rodata            const     0x802'd5d8      0x24  user_app_mem.o [1]
  .rodata            const     0x802'd5fc      0x24  user_app_mem.o [1]
  .rodata            const     0x802'd620      0x24  user_app_mem.o [1]
  .rodata            const     0x802'd644      0x24  user_app_mem.o [1]
  .rodata            const     0x802'd668      0x24  user_app_mem.o [1]
  .rodata            const     0x802'd68c      0x24  user_app_mem.o [1]
  .rodata            const     0x802'd6b0      0x24  user_app_mem.o [1]
  .rodata            const     0x802'd6d4      0x24  user_app_mem.o [1]
  .rodata            const     0x802'd6f8      0x24  user_app_mem.o [1]
  .rodata            const     0x802'd71c      0x24  user_app_mem.o [1]
  .rodata            const     0x802'd740      0x24  user_app_sim.o [1]
  .rodata            const     0x802'd764      0x24  user_app_wm.o [1]
  .rodata            const     0x802'd788      0x24  user_app_wm.o [1]
  .rodata            const     0x802'd7ac      0x24  user_ec200u.o [1]
  .text              ro code   0x802'd7d0      0x22  fpinit_M.o [3]
  .iar.init_table    const     0x802'd7f4      0x20  - Linker created -
  .rodata            const     0x802'd814      0x20  user_app_comm.o [1]
  .rodata            const     0x802'd834      0x20  user_app_comm.o [1]
  .rodata            const     0x802'd854      0x20  user_app_comm.o [1]
  .rodata            const     0x802'd874      0x20  user_app_comm.o [1]
  .rodata            const     0x802'd894      0x20  user_app_comm.o [1]
  .rodata            const     0x802'd8b4      0x20  user_app_comm.o [1]
  .rodata            const     0x802'd8d4      0x20  user_app_comm.o [1]
  .rodata            const     0x802'd8f4      0x20  user_app_ethernet.o [1]
  .rodata            const     0x802'd914      0x20  user_app_ethernet.o [1]
  .rodata            const     0x802'd934      0x20  user_app_ethernet.o [1]
  .rodata            const     0x802'd954      0x20  user_app_ethernet.o [1]
  .rodata            const     0x802'd974      0x20  user_app_ethernet.o [1]
  .rodata            const     0x802'd994      0x20  user_app_ethernet.o [1]
  .rodata            const     0x802'd9b4      0x20  user_app_ethernet.o [1]
  .rodata            const     0x802'd9d4      0x20  user_app_mem.o [1]
  .rodata            const     0x802'd9f4      0x20  user_app_mem.o [1]
  .rodata            const     0x802'da14      0x20  user_app_sim.o [1]
  .rodata            const     0x802'da34      0x20  user_app_sim.o [1]
  .rodata            const     0x802'da54      0x20  user_app_wm.o [1]
  .rodata            const     0x802'da74      0x20  user_app_wm.o [1]
  .rodata            const     0x802'da94      0x20  user_app_wm.o [1]
  .rodata            const     0x802'dab4      0x20  user_app_wm.o [1]
  .rodata            const     0x802'dad4      0x20  user_app_wm.o [1]
  .rodata            const     0x802'daf4      0x20  user_app_wm.o [1]
  .rodata            const     0x802'db14      0x20  user_app_wm.o [1]
  .rodata            const     0x802'db34      0x20  user_ec200u.o [1]
  .rodata            const     0x802'db54      0x20  user_ec200u.o [1]
  .rodata            const     0x802'db74      0x20  user_ec200u.o [1]
  .rodata            const     0x802'db94      0x20  user_ec200u.o [1]
  .rodata            const     0x802'dbb4      0x20  user_ec200u.o [1]
  .rodata            const     0x802'dbd4      0x20  user_ec200u.o [1]
  .rodata            const     0x802'dbf4      0x20  user_modem.o [1]
  .rodata            const     0x802'dc14      0x20  user_modem.o [1]
  .rodata            const     0x802'dc34      0x20  user_mqtt.o [1]
  .rodata            const     0x802'dc54      0x20  user_rtc.o [1]
  .rodata            const     0x802'dc74      0x20  user_sim.o [1]
  .rodata            const     0x802'dc94      0x20  user_sim.o [1]
  .text              ro code   0x802'dcb4      0x20  system_stm32l4xx.o [1]
  .text              ro code   0x802'dcd4      0x1e  cmain.o [4]
  .text              ro code   0x802'dcf2       0x4  low_level_init.o [2]
  .text              ro code   0x802'dcf6       0x4  exit.o [2]
  .text              ro code   0x802'dcfc       0xa  cexit.o [4]
  .rodata            const     0x802'dd08      0x1c  user_app_comm.o [1]
  .rodata            const     0x802'dd24      0x1c  user_app_comm.o [1]
  .rodata            const     0x802'dd40      0x1c  user_app_comm.o [1]
  .rodata            const     0x802'dd5c      0x1c  user_app_comm.o [1]
  .rodata            const     0x802'dd78      0x1c  user_app_comm.o [1]
  .rodata            const     0x802'dd94      0x1c  user_app_ethernet.o [1]
  .rodata            const     0x802'ddb0      0x1c  user_app_ethernet.o [1]
  .rodata            const     0x802'ddcc      0x1c  user_app_ethernet.o [1]
  .rodata            const     0x802'dde8      0x1c  user_app_ethernet.o [1]
  .rodata            const     0x802'de04      0x1c  user_app_ethernet.o [1]
  .rodata            const     0x802'de20      0x1c  user_app_ethernet.o [1]
  .rodata            const     0x802'de3c      0x1c  user_app_ethernet.o [1]
  .rodata            const     0x802'de58      0x1c  user_app_ethernet.o [1]
  .rodata            const     0x802'de74      0x1c  user_app_ethernet.o [1]
  .rodata            const     0x802'de90      0x1c  user_app_ethernet.o [1]
  .rodata            const     0x802'deac      0x1c  user_app_ethernet.o [1]
  .rodata            const     0x802'dec8      0x1c  user_app_ethernet.o [1]
  .rodata            const     0x802'dee4      0x1c  user_app_ethernet.o [1]
  .rodata            const     0x802'df00      0x1c  user_app_ethernet.o [1]
  .rodata            const     0x802'df1c      0x1c  user_app_mem.o [1]
  .rodata            const     0x802'df38      0x1c  user_app_sim.o [1]
  .rodata            const     0x802'df54      0x1c  user_app_sim.o [1]
  .rodata            const     0x802'df70      0x1c  user_app_sim.o [1]
  .rodata            const     0x802'df8c      0x1c  user_app_sim.o [1]
  .rodata            const     0x802'dfa8      0x1c  user_app_sim.o [1]
  .rodata            const     0x802'dfc4      0x1c  user_app_wm.o [1]
  .rodata            const     0x802'dfe0      0x1c  user_app_wm.o [1]
  .rodata            const     0x802'dffc      0x1c  user_app_wm.o [1]
  .rodata            const     0x802'e018      0x1c  user_app_wm.o [1]
  .rodata            const     0x802'e034      0x1c  user_app_wm.o [1]
  .rodata            const     0x802'e050      0x1c  user_app_wm.o [1]
  .rodata            const     0x802'e06c      0x1c  user_app_wm.o [1]
  .rodata            const     0x802'e088      0x1c  user_app_wm.o [1]
  .rodata            const     0x802'e0a4      0x1c  user_app_wm.o [1]
  .rodata            const     0x802'e0c0      0x1c  user_app_wm.o [1]
  .rodata            const     0x802'e0dc      0x1c  user_app_wm.o [1]
  .rodata            const     0x802'e0f8      0x1c  user_ec200u.o [1]
  .rodata            const     0x802'e114      0x1c  user_ec200u.o [1]
  .rodata            const     0x802'e130      0x1c  user_ec200u.o [1]
  .rodata            const     0x802'e14c      0x1c  user_ec200u.o [1]
  .rodata            const     0x802'e168      0x1c  user_ec200u.o [1]
  .rodata            const     0x802'e184      0x1c  user_ec200u.o [1]
  .rodata            const     0x802'e1a0      0x1c  user_ec200u.o [1]
  .rodata            const     0x802'e1bc      0x1c  user_ec200u.o [1]
  .rodata            const     0x802'e1d8      0x1c  user_modem.o [1]
  .rodata            const     0x802'e1f4      0x1c  user_modem.o [1]
  .rodata            const     0x802'e210      0x1c  user_mqtt.o [1]
  .rodata            const     0x802'e22c      0x1c  user_sim.o [1]
  .rodata            const     0x802'e248      0x1c  user_uart.o [1]
  .rodata            const     0x802'e264      0x18  socket.o [1]
  .rodata            const     0x802'e27c      0x18  socket.o [1]
  .rodata            const     0x802'e294      0x18  user_app_comm.o [1]
  .rodata            const     0x802'e2ac      0x18  user_app_comm.o [1]
  .rodata            const     0x802'e2c4      0x18  user_app_comm.o [1]
  .rodata            const     0x802'e2dc      0x18  user_app_ethernet.o [1]
  .rodata            const     0x802'e2f4      0x18  user_app_ethernet.o [1]
  .rodata            const     0x802'e30c      0x18  user_app_ethernet.o [1]
  .rodata            const     0x802'e324      0x18  user_app_ethernet.o [1]
  .rodata            const     0x802'e33c      0x18  user_app_ethernet.o [1]
  .rodata            const     0x802'e354      0x18  user_app_sim.o [1]
  .rodata            const     0x802'e36c      0x18  user_app_wm.o [1]
  .rodata            const     0x802'e384      0x18  user_app_wm.o [1]
  .rodata            const     0x802'e39c      0x18  user_app_wm.o [1]
  .rodata            const     0x802'e3b4      0x18  user_app_wm.o [1]
  .rodata            const     0x802'e3cc      0x18  user_app_wm.o [1]
  .rodata            const     0x802'e3e4      0x18  user_app_wm.o [1]
  .rodata            const     0x802'e3fc      0x18  user_at_serial.o [1]
  .rodata            const     0x802'e414      0x18  user_at_serial.o [1]
  .rodata            const     0x802'e42c      0x18  user_ec200u.o [1]
  .rodata            const     0x802'e444      0x18  user_ec200u.o [1]
  .rodata            const     0x802'e45c      0x18  user_ec200u.o [1]
  .rodata            const     0x802'e474      0x18  user_ec200u.o [1]
  .rodata            const     0x802'e48c      0x18  user_lpm.o [1]
  .rodata            const     0x802'e4a4      0x18  user_modem.o [1]
  .rodata            const     0x802'e4bc      0x18  user_mqtt.o [1]
  .rodata            const     0x802'e4d4      0x18  user_mqtt.o [1]
  .rodata            const     0x802'e4ec      0x18  wm_mt100.o [1]
  .rodata            const     0x802'e504      0x18  woteck_wm.o [1]
  .rodata            const     0x802'e51c      0x14  dhcp.o [1]
  .rodata            const     0x802'e530      0x14  lcd_display.o [1]
  .rodata            const     0x802'e544      0x14  lcd_display.o [1]
  .rodata            const     0x802'e558      0x14  lcd_display.o [1]
  .rodata            const     0x802'e56c      0x14  lcd_display.o [1]
  .rodata            const     0x802'e580      0x14  user_app_comm.o [1]
  .rodata            const     0x802'e594      0x14  user_app_ethernet.o [1]
  .rodata            const     0x802'e5a8      0x14  user_app_ethernet.o [1]
  .rodata            const     0x802'e5bc      0x14  user_app_ethernet.o [1]
  .rodata            const     0x802'e5d0      0x14  user_app_ethernet.o [1]
  .rodata            const     0x802'e5e4      0x14  user_app_ethernet.o [1]
  .rodata            const     0x802'e5f8      0x14  user_app_ethernet.o [1]
  .rodata            const     0x802'e60c      0x14  user_app_ethernet.o [1]
  .rodata            const     0x802'e620      0x14  user_app_mem.o [1]
  .rodata            const     0x802'e634      0x14  user_app_mem.o [1]
  .rodata            const     0x802'e648      0x14  user_app_mem.o [1]
  .rodata            const     0x802'e65c      0x14  user_app_mem.o [1]
  .rodata            const     0x802'e670      0x14  user_app_wm.o [1]
  .rodata            const     0x802'e684      0x14  user_app_wm.o [1]
  .rodata            const     0x802'e698      0x14  user_app_wm.o [1]
  .rodata            const     0x802'e6ac      0x14  user_app_wm.o [1]
  .rodata            const     0x802'e6c0      0x14  user_app_wm.o [1]
  .rodata            const     0x802'e6d4      0x14  user_at_serial.o [1]
  .rodata            const     0x802'e6e8      0x14  user_at_serial.o [1]
  .rodata            const     0x802'e6fc      0x14  user_at_serial.o [1]
  .rodata            const     0x802'e710      0x14  user_at_serial.o [1]
  .rodata            const     0x802'e724      0x14  user_at_serial.o [1]
  .rodata            const     0x802'e738      0x14  user_ec200u.o [1]
  .rodata            const     0x802'e74c      0x14  user_ec200u.o [1]
  .rodata            const     0x802'e760      0x14  user_ec200u.o [1]
  .rodata            const     0x802'e774      0x14  user_ec200u.o [1]
  .rodata            const     0x802'e788      0x14  user_ec200u.o [1]
  .rodata            const     0x802'e79c      0x14  user_ec200u.o [1]
  .rodata            const     0x802'e7b0      0x14  user_log.o [1]
  .rodata            const     0x802'e7c4      0x14  user_modem.o [1]
  .rodata            const     0x802'e7d8      0x14  user_modem.o [1]
  .rodata            const     0x802'e7ec      0x14  user_modem.o [1]
  .rodata            const     0x802'e800      0x14  user_mqtt.o [1]
  .rodata            const     0x802'e814      0x14  user_mqtt.o [1]
  .rodata            const     0x802'e828      0x14  user_mqtt.o [1]
  .rodata            const     0x802'e83c      0x10  lcd_display.o [1]
  .rodata            const     0x802'e84c      0x10  lcd_display.o [1]
  .rodata            const     0x802'e85c      0x10  lcd_display.o [1]
  .rodata            const     0x802'e86c      0x10  lcd_display.o [1]
  .rodata            const     0x802'e87c      0x10  lcd_display.o [1]
  .rodata            const     0x802'e88c      0x10  lcd_display.o [1]
  .rodata            const     0x802'e89c      0x10  lcd_display.o [1]
  .rodata            const     0x802'e8ac      0x10  lcd_display.o [1]
  .rodata            const     0x802'e8bc      0x10  lcd_display.o [1]
  .rodata            const     0x802'e8cc      0x10  lcd_display.o [1]
  .rodata            const     0x802'e8dc      0x10  lcd_display.o [1]
  .rodata            const     0x802'e8ec      0x10  lcd_display.o [1]
  .rodata            const     0x802'e8fc      0x10  lcd_display.o [1]
  .rodata            const     0x802'e90c      0x10  lcd_display.o [1]
  .rodata            const     0x802'e91c      0x10  lcd_display.o [1]
  .rodata            const     0x802'e92c      0x10  lcd_display.o [1]
  .rodata            const     0x802'e93c      0x10  lcd_display.o [1]
  .rodata            const     0x802'e94c      0x10  lcd_display.o [1]
  .rodata            const     0x802'e95c      0x10  lcd_display.o [1]
  .rodata            const     0x802'e96c      0x10  lcd_display.o [1]
  .rodata            const     0x802'e97c      0x10  lcd_display.o [1]
  .rodata            const     0x802'e98c      0x10  lcd_display.o [1]
  .rodata            const     0x802'e99c      0x10  lcd_display.o [1]
  .rodata            const     0x802'e9ac      0x10  lcd_display.o [1]
  .rodata            const     0x802'e9bc      0x10  lcd_display.o [1]
  .rodata            const     0x802'e9cc      0x10  lcd_display.o [1]
  .rodata            const     0x802'e9dc      0x10  lcd_display.o [1]
  .rodata            const     0x802'e9ec      0x10  lcd_display.o [1]
  .rodata            const     0x802'e9fc      0x10  lcd_display.o [1]
  .rodata            const     0x802'ea0c      0x10  lcd_display.o [1]
  .rodata            const     0x802'ea1c      0x10  lcd_display.o [1]
  .rodata            const     0x802'ea2c      0x10  lcd_display.o [1]
  .rodata            const     0x802'ea3c      0x10  lcd_display.o [1]
  .rodata            const     0x802'ea4c      0x10  system_stm32l4xx.o [1]
  .rodata            const     0x802'ea5c      0x10  user_app_ethernet.o [1]
  .rodata            const     0x802'ea6c      0x10  user_app_ethernet.o [1]
  .rodata            const     0x802'ea7c      0x10  user_app_ethernet.o [1]
  .rodata            const     0x802'ea8c      0x10  user_app_ethernet.o [1]
  .rodata            const     0x802'ea9c      0x10  user_app_mem.o [1]
  .rodata            const     0x802'eaac      0x10  user_app_sim.o [1]
  .rodata            const     0x802'eabc      0x10  user_at_serial.o [1]
  .rodata            const     0x802'eacc      0x10  user_at_serial.o [1]
  .rodata            const     0x802'eadc      0x10  user_at_serial.o [1]
  .rodata            const     0x802'eaec      0x10  user_at_serial.o [1]
  .rodata            const     0x802'eafc      0x10  user_at_serial.o [1]
  .rodata            const     0x802'eb0c      0x10  user_at_serial.o [1]
  .rodata            const     0x802'eb1c      0x10  user_at_serial.o [1]
  .rodata            const     0x802'eb2c      0x10  user_at_serial.o [1]
  .rodata            const     0x802'eb3c      0x10  user_at_serial.o [1]
  .rodata            const     0x802'eb4c      0x10  user_at_serial.o [1]
  .rodata            const     0x802'eb5c      0x10  user_at_serial.o [1]
  .rodata            const     0x802'eb6c      0x10  user_at_serial.o [1]
  .rodata            const     0x802'eb7c      0x10  user_at_serial.o [1]
  .rodata            const     0x802'eb8c      0x10  user_at_serial.o [1]
  .rodata            const     0x802'eb9c      0x10  user_at_serial.o [1]
  .rodata            const     0x802'ebac      0x10  user_at_serial.o [1]
  .rodata            const     0x802'ebbc      0x10  user_at_serial.o [1]
  .rodata            const     0x802'ebcc      0x10  user_at_serial.o [1]
  .rodata            const     0x802'ebdc      0x10  user_at_serial.o [1]
  .rodata            const     0x802'ebec      0x10  user_at_serial.o [1]
  .rodata            const     0x802'ebfc      0x10  user_at_serial.o [1]
  .rodata            const     0x802'ec0c      0x10  user_at_serial.o [1]
  .rodata            const     0x802'ec1c      0x10  user_at_serial.o [1]
  .rodata            const     0x802'ec2c      0x10  user_at_serial.o [1]
  .rodata            const     0x802'ec3c      0x10  user_at_serial.o [1]
  .rodata            const     0x802'ec4c      0x10  user_at_serial.o [1]
  .rodata            const     0x802'ec5c      0x10  user_at_serial.o [1]
  .rodata            const     0x802'ec6c      0x10  user_at_serial.o [1]
  .rodata            const     0x802'ec7c      0x10  user_at_serial.o [1]
  .rodata            const     0x802'ec8c      0x10  user_at_serial.o [1]
  .rodata            const     0x802'ec9c      0x10  user_at_serial.o [1]
  .rodata            const     0x802'ecac      0x10  user_at_serial.o [1]
  .rodata            const     0x802'ecbc      0x10  user_at_serial.o [1]
  .rodata            const     0x802'eccc      0x10  user_at_serial.o [1]
  .rodata            const     0x802'ecdc      0x10  user_ec200u.o [1]
  .rodata            const     0x802'ecec      0x10  user_ec200u.o [1]
  .rodata            const     0x802'ecfc      0x10  user_ec200u.o [1]
  .rodata            const     0x802'ed0c      0x10  user_ec200u.o [1]
  .rodata            const     0x802'ed1c      0x10  user_ec200u.o [1]
  .rodata            const     0x802'ed2c      0x10  user_ec200u.o [1]
  .rodata            const     0x802'ed3c      0x10  user_ec200u.o [1]
  .rodata            const     0x802'ed4c      0x10  user_ec200u.o [1]
  .rodata            const     0x802'ed5c      0x10  user_ec200u.o [1]
  .rodata            const     0x802'ed6c      0x10  user_ec200u.o [1]
  .rodata            const     0x802'ed7c      0x10  user_ec200u.o [1]
  .rodata            const     0x802'ed8c      0x10  user_ec200u.o [1]
  .rodata            const     0x802'ed9c      0x10  user_ec200u.o [1]
  .rodata            const     0x802'edac      0x10  user_ec200u.o [1]
  .rodata            const     0x802'edbc      0x10  user_ec200u.o [1]
  .rodata            const     0x802'edcc      0x10  user_ec200u.o [1]
  .rodata            const     0x802'eddc      0x10  user_ec200u.o [1]
  .rodata            const     0x802'edec      0x10  user_ec200u.o [1]
  .rodata            const     0x802'edfc      0x10  user_ec200u.o [1]
  .rodata            const     0x802'ee0c      0x10  user_ec200u.o [1]
  .rodata            const     0x802'ee1c      0x10  user_ec200u.o [1]
  .rodata            const     0x802'ee2c      0x10  user_ec200u.o [1]
  .rodata            const     0x802'ee3c      0x10  user_ec200u.o [1]
  .rodata            const     0x802'ee4c      0x10  user_ec200u.o [1]
  .rodata            const     0x802'ee5c      0x10  user_ec200u.o [1]
  .rodata            const     0x802'ee6c      0x10  user_modem.o [1]
  .rodata            const     0x802'ee7c      0x10  user_modem.o [1]
  .rodata            const     0x802'ee8c      0x10  user_modem.o [1]
  .rodata            const     0x802'ee9c      0x10  user_modem.o [1]
  .rodata            const     0x802'eeac      0x10  user_modem.o [1]
  .rodata            const     0x802'eebc      0x10  user_modem.o [1]
  .rodata            const     0x802'eecc      0x10  user_modem.o [1]
  .rodata            const     0x802'eedc      0x10  user_modem.o [1]
  .rodata            const     0x802'eeec      0x10  user_modem.o [1]
  .rodata            const     0x802'eefc      0x10  user_modem.o [1]
  .rodata            const     0x802'ef0c      0x10  user_modem.o [1]
  .rodata            const     0x802'ef1c      0x10  user_modem.o [1]
  .rodata            const     0x802'ef2c      0x10  user_mqtt.o [1]
  .rodata            const     0x802'ef3c      0x10  user_mqtt.o [1]
  .rodata            const     0x802'ef4c      0x10  user_mqtt.o [1]
  .text              ro code   0x802'ef5c      0x10  startup_stm32l496xx.o [1]
  .rodata            const     0x802'ef6c       0xc  lcd_display.o [1]
  .rodata            const     0x802'ef78       0xc  lcd_display.o [1]
  .rodata            const     0x802'ef84       0xc  lcd_display.o [1]
  .rodata            const     0x802'ef90       0xc  lcd_display.o [1]
  .rodata            const     0x802'ef9c       0xc  lcd_display.o [1]
  .rodata            const     0x802'efa8       0xc  lcd_display.o [1]
  .rodata            const     0x802'efb4       0xc  lcd_display.o [1]
  .rodata            const     0x802'efc0       0xc  lcd_display.o [1]
  .rodata            const     0x802'efcc       0xc  lcd_display.o [1]
  .rodata            const     0x802'efd8       0xc  lcd_display.o [1]
  .rodata            const     0x802'efe4       0xc  lcd_display.o [1]
  .rodata            const     0x802'eff0       0xc  lcd_display.o [1]
  .rodata            const     0x802'effc       0xc  lcd_display.o [1]
  .rodata            const     0x802'f008       0xc  lcd_display.o [1]
  .rodata            const     0x802'f014       0xc  lcd_display.o [1]
  .rodata            const     0x802'f020       0xc  lcd_display.o [1]
  .rodata            const     0x802'f02c       0xc  lcd_display.o [1]
  .rodata            const     0x802'f038       0xc  lcd_display.o [1]
  .rodata            const     0x802'f044       0xc  lcd_display.o [1]
  .rodata            const     0x802'f050       0xc  lcd_display.o [1]
  .rodata            const     0x802'f05c       0xc  lcd_display.o [1]
  .rodata            const     0x802'f068       0xc  lcd_display.o [1]
  .rodata            const     0x802'f074       0xc  lcd_display.o [1]
  .rodata            const     0x802'f080       0xc  user_app_comm.o [1]
  .rodata            const     0x802'f08c       0xc  user_app_ethernet.o [1]
  .rodata            const     0x802'f098       0xc  user_app_ethernet.o [1]
  .rodata            const     0x802'f0a4       0xc  user_app_ethernet.o [1]
  .rodata            const     0x802'f0b0       0xc  user_app_ethernet.o [1]
  .rodata            const     0x802'f0bc       0xc  user_app_ethernet.o [1]
  .rodata            const     0x802'f0c8       0xc  user_app_ethernet.o [1]
  .rodata            const     0x802'f0d4       0xc  user_app_ethernet.o [1]
  .rodata            const     0x802'f0e0       0xc  user_app_mem.o [1]
  .rodata            const     0x802'f0ec       0xc  user_app_mem.o [1]
  .rodata            const     0x802'f0f8       0xc  user_app_rs485.o [1]
  .rodata            const     0x802'f104       0xc  user_app_rs485.o [1]
  .rodata            const     0x802'f110       0xc  user_app_rs485.o [1]
  .rodata            const     0x802'f11c       0xc  user_app_sim.o [1]
  .rodata            const     0x802'f128       0xc  user_app_sim.o [1]
  .rodata            const     0x802'f134       0xc  user_app_sim.o [1]
  .rodata            const     0x802'f140       0xc  user_at_serial.o [1]
  .rodata            const     0x802'f14c       0xc  user_at_serial.o [1]
  .rodata            const     0x802'f158       0xc  user_at_serial.o [1]
  .rodata            const     0x802'f164       0xc  user_at_serial.o [1]
  .rodata            const     0x802'f170       0xc  user_at_serial.o [1]
  .rodata            const     0x802'f17c       0xc  user_at_serial.o [1]
  .rodata            const     0x802'f188       0xc  user_at_serial.o [1]
  .rodata            const     0x802'f194       0xc  user_at_serial.o [1]
  .rodata            const     0x802'f1a0       0xc  user_at_serial.o [1]
  .rodata            const     0x802'f1ac       0xc  user_at_serial.o [1]
  .rodata            const     0x802'f1b8       0xc  user_at_serial.o [1]
  .rodata            const     0x802'f1c4       0xc  user_at_serial.o [1]
  .rodata            const     0x802'f1d0       0xc  user_at_serial.o [1]
  .rodata            const     0x802'f1dc       0xc  user_at_serial.o [1]
  .rodata            const     0x802'f1e8       0xc  user_at_serial.o [1]
  .rodata            const     0x802'f1f4       0xc  user_at_serial.o [1]
  .rodata            const     0x802'f200       0xc  user_at_serial.o [1]
  .rodata            const     0x802'f20c       0xc  user_at_serial.o [1]
  .rodata            const     0x802'f218       0xc  user_at_serial.o [1]
  .rodata            const     0x802'f224       0xc  user_at_serial.o [1]
  .rodata            const     0x802'f230       0xc  user_at_serial.o [1]
  .rodata            const     0x802'f23c       0xc  user_at_serial.o [1]
  .rodata            const     0x802'f248       0xc  user_at_serial.o [1]
  .rodata            const     0x802'f254       0xc  user_at_serial.o [1]
  .rodata            const     0x802'f260       0xc  user_ec200u.o [1]
  .rodata            const     0x802'f26c       0xc  user_ec200u.o [1]
  .rodata            const     0x802'f278       0xc  user_ec200u.o [1]
  .rodata            const     0x802'f284       0xc  user_ec200u.o [1]
  .rodata            const     0x802'f290       0xc  user_ec200u.o [1]
  .rodata            const     0x802'f29c       0xc  user_ec200u.o [1]
  .rodata            const     0x802'f2a8       0xc  user_ec200u.o [1]
  .rodata            const     0x802'f2b4       0xc  user_ec200u.o [1]
  .rodata            const     0x802'f2c0       0xc  user_ec200u.o [1]
  .rodata            const     0x802'f2cc       0xc  user_ec200u.o [1]
  .rodata            const     0x802'f2d8       0xc  user_ec200u.o [1]
  .rodata            const     0x802'f2e4       0xc  user_ec200u.o [1]
  .rodata            const     0x802'f2f0       0xc  user_ec200u.o [1]
  .rodata            const     0x802'f2fc       0xc  user_ec200u.o [1]
  .rodata            const     0x802'f308       0xc  user_ec200u.o [1]
  .rodata            const     0x802'f314       0xc  user_ec200u.o [1]
  .rodata            const     0x802'f320       0xc  user_ec200u.o [1]
  .rodata            const     0x802'f32c       0xc  user_ec200u.o [1]
  .rodata            const     0x802'f338       0xc  user_ec200u.o [1]
  .rodata            const     0x802'f344       0xc  user_ec200u.o [1]
  .rodata            const     0x802'f350       0xc  user_ec200u.o [1]
  .rodata            const     0x802'f35c       0xc  user_ec200u.o [1]
  .rodata            const     0x802'f368       0xc  user_ec200u.o [1]
  .rodata            const     0x802'f374       0xc  user_ec200u.o [1]
  .rodata            const     0x802'f380       0xc  user_ec200u.o [1]
  .rodata            const     0x802'f38c       0xc  user_ec200u.o [1]
  .rodata            const     0x802'f398       0xc  user_ec200u.o [1]
  .rodata            const     0x802'f3a4       0xc  user_ec200u.o [1]
  .rodata            const     0x802'f3b0       0xc  user_ec200u.o [1]
  .rodata            const     0x802'f3bc       0xc  user_ec200u.o [1]
  .rodata            const     0x802'f3c8       0xc  user_ec200u.o [1]
  .rodata            const     0x802'f3d4       0xc  user_ec200u.o [1]
  .rodata            const     0x802'f3e0       0xc  user_ec200u.o [1]
  .rodata            const     0x802'f3ec       0xc  user_ec200u.o [1]
  .rodata            const     0x802'f3f8       0xc  user_ec200u.o [1]
  .rodata            const     0x802'f404       0xc  user_ec200u.o [1]
  .rodata            const     0x802'f410       0xc  user_ec200u.o [1]
  .rodata            const     0x802'f41c       0xc  user_ec200u.o [1]
  .rodata            const     0x802'f428       0xc  user_mqtt.o [1]
  .rodata            const     0x802'f434       0xc  user_rtc.o [1]
  .rodata            const     0x802'f440       0xc  user_rtc.o [1]
  .rodata            const     0x802'f44c       0xc  user_sim_common.o [1]
  .rodata            const     0x802'f458       0xc  user_sim_common.o [1]
  .rodata            const     0x802'f464       0xc  user_sim_common.o [1]
  .text              ro code   0x802'f470       0xc  cstartup_M.o [4]
  .rodata            const     0x802'f47c       0x8  lcd_display.o [1]
  .rodata            const     0x802'f484       0x8  lcd_display.o [1]
  .rodata            const     0x802'f48c       0x8  lcd_display.o [1]
  .rodata            const     0x802'f494       0x8  lcd_display.o [1]
  .rodata            const     0x802'f49c       0x8  lcd_display.o [1]
  .rodata            const     0x802'f4a4       0x8  lcd_display.o [1]
  .rodata            const     0x802'f4ac       0x8  lcd_display.o [1]
  .rodata            const     0x802'f4b4       0x8  lcd_display.o [1]
  .rodata            const     0x802'f4bc       0x8  lcd_display.o [1]
  .rodata            const     0x802'f4c4       0x8  lcd_display.o [1]
  .rodata            const     0x802'f4cc       0x8  lcd_display.o [1]
  .rodata            const     0x802'f4d4       0x8  lcd_display.o [1]
  .rodata            const     0x802'f4dc       0x8  lcd_display.o [1]
  .rodata            const     0x802'f4e4       0x8  lcd_display.o [1]
  .rodata            const     0x802'f4ec       0x8  lcd_display.o [1]
  .rodata            const     0x802'f4f4       0x8  lcd_display.o [1]
  .rodata            const     0x802'f4fc       0x8  lcd_display.o [1]
  .rodata            const     0x802'f504       0x8  lcd_display.o [1]
  .rodata            const     0x802'f50c       0x8  lcd_display.o [1]
  .rodata            const     0x802'f514       0x8  lcd_display.o [1]
  .rodata            const     0x802'f51c       0x8  lcd_display.o [1]
  .rodata            const     0x802'f524       0x8  lcd_display.o [1]
  .rodata            const     0x802'f52c       0x8  lcd_display.o [1]
  .rodata            const     0x802'f534       0x8  lcd_display.o [1]
  .rodata            const     0x802'f53c       0x8  lcd_display.o [1]
  .rodata            const     0x802'f544       0x8  lcd_display.o [1]
  .rodata            const     0x802'f54c       0x8  lcd_display.o [1]
  .rodata            const     0x802'f554       0x8  lcd_display.o [1]
  .rodata            const     0x802'f55c       0x8  lcd_display.o [1]
  .rodata            const     0x802'f564       0x8  lcd_display.o [1]
  .rodata            const     0x802'f56c       0x8  lcd_display.o [1]
  .rodata            const     0x802'f574       0x8  lcd_display.o [1]
  .rodata            const     0x802'f57c       0x8  lcd_display.o [1]
  .rodata            const     0x802'f584       0x8  lcd_display.o [1]
  .rodata            const     0x802'f58c       0x8  lcd_display.o [1]
  .rodata            const     0x802'f594       0x8  lcd_display.o [1]
  .rodata            const     0x802'f59c       0x8  lcd_display.o [1]
  .rodata            const     0x802'f5a4       0x8  lcd_display.o [1]
  .rodata            const     0x802'f5ac       0x8  lcd_display.o [1]
  .rodata            const     0x802'f5b4       0x8  lcd_display.o [1]
  .rodata            const     0x802'f5bc       0x8  lcd_display.o [1]
  .rodata            const     0x802'f5c4       0x8  lcd_display.o [1]
  .rodata            const     0x802'f5cc       0x8  lcd_display.o [1]
  .rodata            const     0x802'f5d4       0x8  lcd_display.o [1]
  .rodata            const     0x802'f5dc       0x8  MQTTConnectClient.o [1]
  .rodata            const     0x802'f5e4       0x8  system_stm32l4xx.o [1]
  .rodata            const     0x802'f5ec       0x8  user_app_ethernet.o [1]
  .rodata            const     0x802'f5f4       0x8  user_app_ethernet.o [1]
  .rodata            const     0x802'f5fc       0x8  user_app_ethernet.o [1]
  .rodata            const     0x802'f604       0x8  user_app_ethernet.o [1]
  .rodata            const     0x802'f60c       0x8  user_app_ethernet.o [1]
  .rodata            const     0x802'f614       0x8  user_app_ethernet.o [1]
  .rodata            const     0x802'f61c       0x8  user_app_ethernet.o [1]
  .rodata            const     0x802'f624       0x8  user_app_ethernet.o [1]
  .rodata            const     0x802'f62c       0x8  user_app_mem.o [1]
  .rodata            const     0x802'f634       0x8  user_app_mem.o [1]
  .rodata            const     0x802'f63c       0x8  user_app_rs485.o [1]
  .rodata            const     0x802'f644       0x8  user_app_rs485.o [1]
  .rodata            const     0x802'f64c       0x8  user_app_rs485.o [1]
  .rodata            const     0x802'f654       0x8  user_app_rs485.o [1]
  .rodata            const     0x802'f65c       0x8  user_app_rs485.o [1]
  .rodata            const     0x802'f664       0x8  user_app_rs485.o [1]
  .rodata            const     0x802'f66c       0x8  user_app_sensor.o [1]
  .rodata            const     0x802'f674       0x8  user_app_sensor.o [1]
  .rodata            const     0x802'f67c       0x8  user_app_sensor.o [1]
  .rodata            const     0x802'f684       0x8  user_app_sensor.o [1]
  .rodata            const     0x802'f68c       0x8  user_app_sensor.o [1]
  .rodata            const     0x802'f694       0x8  user_app_sensor.o [1]
  .rodata            const     0x802'f69c       0x8  user_app_sensor.o [1]
  .rodata            const     0x802'f6a4       0x8  user_app_sensor.o [1]
  .rodata            const     0x802'f6ac       0x8  user_app_wm.o [1]
  .rodata            const     0x802'f6b4       0x8  user_app_wm.o [1]
  .rodata            const     0x802'f6bc       0x8  user_app_wm.o [1]
  .rodata            const     0x802'f6c4       0x8  user_app_wm.o [1]
  .rodata            const     0x802'f6cc       0x8  user_app_wm.o [1]
  .rodata            const     0x802'f6d4       0x8  user_at_serial.o [1]
  .rodata            const     0x802'f6dc       0x8  user_at_serial.o [1]
  .rodata            const     0x802'f6e4       0x8  user_at_serial.o [1]
  .rodata            const     0x802'f6ec       0x8  user_at_serial.o [1]
  .rodata            const     0x802'f6f4       0x8  user_ec200u.o [1]
  .rodata            const     0x802'f6fc       0x8  user_ec200u.o [1]
  .rodata            const     0x802'f704       0x8  user_ec200u.o [1]
  .rodata            const     0x802'f70c       0x8  user_ec200u.o [1]
  .rodata            const     0x802'f714       0x8  user_ec200u.o [1]
  .rodata            const     0x802'f71c       0x8  user_ec200u.o [1]
  .rodata            const     0x802'f724       0x8  user_ec200u.o [1]
  .rodata            const     0x802'f72c       0x8  user_ec200u.o [1]
  .rodata            const     0x802'f734       0x8  user_ec200u.o [1]
  .rodata            const     0x802'f73c       0x8  user_ec200u.o [1]
  .rodata            const     0x802'f744       0x8  user_ec200u.o [1]
  .rodata            const     0x802'f74c       0x8  user_ec200u.o [1]
  .rodata            const     0x802'f754       0x8  user_ec200u.o [1]
  .rodata            const     0x802'f75c       0x8  user_ec200u.o [1]
  .rodata            const     0x802'f764       0x8  user_ec200u.o [1]
  .rodata            const     0x802'f76c       0x8  user_ec200u.o [1]
  .rodata            const     0x802'f774       0x8  user_ec200u.o [1]
  .rodata            const     0x802'f77c       0x8  user_ec200u.o [1]
  .rodata            const     0x802'f784       0x8  user_ec200u.o [1]
  .rodata            const     0x802'f78c       0x8  user_ec200u.o [1]
  .rodata            const     0x802'f794       0x8  user_ec200u.o [1]
  .rodata            const     0x802'f79c       0x8  user_ec200u.o [1]
  .rodata            const     0x802'f7a4       0x8  user_ec200u.o [1]
  .rodata            const     0x802'f7ac       0x8  user_ec200u.o [1]
  .rodata            const     0x802'f7b4       0x8  user_ec200u.o [1]
  .rodata            const     0x802'f7bc       0x8  user_ec200u.o [1]
  .rodata            const     0x802'f7c4       0x8  user_ec200u.o [1]
  .rodata            const     0x802'f7cc       0x8  user_ec200u.o [1]
  .rodata            const     0x802'f7d4       0x8  user_ec200u.o [1]
  .rodata            const     0x802'f7dc       0x8  user_ec200u.o [1]
  .rodata            const     0x802'f7e4       0x8  user_modem.o [1]
  .rodata            const     0x802'f7ec       0x8  user_modem.o [1]
  .rodata            const     0x802'f7f4       0x8  user_modem.o [1]
  .rodata            const     0x802'f7fc       0x8  user_modem.o [1]
  .rodata            const     0x802'f804       0x8  user_modem.o [1]
  .rodata            const     0x802'f80c       0x8  user_modem.o [1]
  .rodata            const     0x802'f814       0x8  user_modem.o [1]
  .rodata            const     0x802'f81c       0x8  user_modem.o [1]
  .rodata            const     0x802'f824       0x8  user_modem.o [1]
  .rodata            const     0x802'f82c       0x8  user_modem.o [1]
  .rodata            const     0x802'f834       0x8  user_modem.o [1]
  .rodata            const     0x802'f83c       0x8  user_modem.o [1]
  .rodata            const     0x802'f844       0x8  user_modem.o [1]
  .rodata            const     0x802'f84c       0x8  user_modem.o [1]
  .rodata            const     0x802'f854       0x8  user_modem.o [1]
  .rodata            const     0x802'f85c       0x8  user_modem.o [1]
  .rodata            const     0x802'f864       0x8  user_modem.o [1]
  .rodata            const     0x802'f86c       0x8  user_modem.o [1]
  .rodata            const     0x802'f874       0x8  user_modem.o [1]
  .rodata            const     0x802'f87c       0x8  user_modem.o [1]
  .rodata            const     0x802'f884       0x8  user_modem.o [1]
  .rodata            const     0x802'f88c       0x8  user_modem.o [1]
  .rodata            const     0x802'f894       0x8  user_modem.o [1]
  .rodata            const     0x802'f89c       0x8  user_modem.o [1]
  .rodata            const     0x802'f8a4       0x8  user_modem.o [1]
  .rodata            const     0x802'f8ac       0x8  user_modem.o [1]
  .rodata            const     0x802'f8b4       0x8  user_modem.o [1]
  .rodata            const     0x802'f8bc       0x8  user_modem.o [1]
  .rodata            const     0x802'f8c4       0x8  user_modem.o [1]
  .rodata            const     0x802'f8cc       0x8  user_modem.o [1]
  .rodata            const     0x802'f8d4       0x8  user_modem.o [1]
  .rodata            const     0x802'f8dc       0x8  user_mqtt.o [1]
  .rodata            const     0x802'f8e4       0x8  user_mqtt.o [1]
  .rodata            const     0x802'f8ec       0x8  user_mqtt.o [1]
  .rodata            const     0x802'f8f4       0x8  user_mqtt.o [1]
  .rodata            const     0x802'f8fc       0x8  user_mqtt.o [1]
  .rodata            const     0x802'f904       0x8  user_mqtt.o [1]
  .rodata            const     0x802'f90c       0x8  user_mqtt.o [1]
  .rodata            const     0x802'f914       0x8  user_mqtt.o [1]
  .rodata            const     0x802'f91c       0x8  user_mqtt.o [1]
  .rodata            const     0x802'f924       0x8  user_mqtt.o [1]
  .rodata            const     0x802'f92c       0x8  user_mqtt.o [1]
  .rodata            const     0x802'f934       0x8  user_mqtt.o [1]
  .rodata            const     0x802'f93c       0x8  user_mqtt.o [1]
  .rodata            const     0x802'f944       0x8  user_mqtt.o [1]
  .rodata            const     0x802'f94c       0x8  user_mqtt.o [1]
  .rodata            const     0x802'f954       0x8  user_mqtt.o [1]
  .rodata            const     0x802'f95c       0x8  user_mqtt.o [1]
  .rodata            const     0x802'f964       0x8  user_mqtt.o [1]
  .rodata            const     0x802'f96c       0x8  user_mqtt.o [1]
  .rodata            const     0x802'f974       0x8  user_mqtt.o [1]
  .rodata            const     0x802'f97c       0x8  user_mqtt.o [1]
  .rodata            const     0x802'f984       0x8  user_mqtt.o [1]
  .rodata            const     0x802'f98c       0x8  user_mqtt.o [1]
  .rodata            const     0x802'f994       0x8  user_mqtt.o [1]
  .rodata            const     0x802'f99c       0x8  user_mqtt.o [1]
  .rodata            const     0x802'f9a4       0x8  user_mqtt.o [1]
  .rodata            const     0x802'f9ac       0x8  user_mqtt.o [1]
  .rodata            const     0x802'f9b4       0x8  user_mqtt.o [1]
  .rodata            const     0x802'f9bc       0x8  user_mqtt.o [1]
  .rodata            const     0x802'f9c4       0x8  user_mqtt.o [1]
  .rodata            const     0x802'f9cc       0x8  user_mqtt.o [1]
  .rodata            const     0x802'f9d4       0x8  user_mqtt.o [1]
  .rodata            const     0x802'f9dc       0x8  user_mqtt.o [1]
  .rodata            const     0x802'f9e4       0x8  user_mqtt.o [1]
  .rodata            const     0x802'f9ec       0x8  user_mqtt.o [1]
  .rodata            const     0x802'f9f4       0x8  user_mqtt.o [1]
  .rodata            const     0x802'f9fc       0x8  user_mqtt.o [1]
  .rodata            const     0x802'fa04       0x8  user_mqtt.o [1]
  .rodata            const     0x802'fa0c       0x8  user_mqtt.o [1]
  .rodata            const     0x802'fa14       0x8  user_mqtt.o [1]
  .rodata            const     0x802'fa1c       0x8  user_mqtt.o [1]
  .rodata            const     0x802'fa24       0x8  user_mqtt.o [1]
  .rodata            const     0x802'fa2c       0x8  user_mqtt.o [1]
  .rodata            const     0x802'fa34       0x8  user_mqtt.o [1]
  .rodata            const     0x802'fa3c       0x8  user_mqtt.o [1]
  .rodata            const     0x802'fa44       0x8  user_mqtt.o [1]
  .rodata            const     0x802'fa4c       0x8  user_mqtt.o [1]
  .rodata            const     0x802'fa54       0x8  user_mqtt.o [1]
  .rodata            const     0x802'fa5c       0x8  user_mqtt.o [1]
  .rodata            const     0x802'fa64       0x8  user_mqtt.o [1]
  .rodata            const     0x802'fa6c       0x8  user_mqtt.o [1]
  .rodata            const     0x802'fa74       0x8  user_mqtt.o [1]
  .rodata            const     0x802'fa7c       0x8  user_mqtt.o [1]
  .rodata            const     0x802'fa84       0x8  user_mqtt.o [1]
  .rodata            const     0x802'fa8c       0x8  user_mqtt.o [1]
  .rodata            const     0x802'fa94       0x8  user_rs485.o [1]
  .rodata            const     0x802'fa9c       0x8  user_rs485.o [1]
  .rodata            const     0x802'faa4       0x8  user_sim_common.o [1]
  .rodata            const     0x802'faac       0x8  user_sim_common.o [1]
  .rodata            const     0x802'fab4       0x8  user_sim_common.o [1]
  .rodata            const     0x802'fabc       0x8  user_tiny_vsnprintf.o [1]
  .rodata            const     0x802'fac4       0x8  user_util.o [1]
  .rodata            const     0x802'facc       0x8  user_util.o [1]
  .rodata            const     0x802'fad4       0x8  user_util.o [1]
  .rodata            const     0x802'fadc       0x8  user_wm_digital.o [1]
  .rodata            const     0x802'fae4       0x8  user_wm_digital.o [1]
  .rodata            const     0x802'faec       0x8  user_wm_digital.o [1]
  .rodata            const     0x802'faf4       0x8  wm_mt100.o [1]
  .rodata            const     0x802'fafc       0x8  wm_mt100.o [1]
  .rodata            const     0x802'fb04       0x8  wm_mt100.o [1]
  .rodata            const     0x802'fb0c       0x8  wm_mt100.o [1]
  .rodata            const     0x802'fb14       0x8  wm_mt100.o [1]
  .rodata            const     0x802'fb1c       0x8  wm_mt100.o [1]
  .rodata            const     0x802'fb24       0x8  wm_mt100.o [1]
  .rodata            const     0x802'fb2c       0x8  wm_mt100.o [1]
  .rodata            const     0x802'fb34       0x8  xprintffull_nomb.o [2]
  .rodata            const     0x802'fb3c       0x4  lcd_display.o [1]
  .rodata            const     0x802'fb40       0x4  lcd_display.o [1]
  .rodata            const     0x802'fb44       0x4  MQTTConnectClient.o [1]
  .rodata            const     0x802'fb48       0x4  MQTTConnectClient.o [1]
  .rodata            const     0x802'fb4c       0x4  MQTTSerializePublish.o [1]
  .rodata            const     0x802'fb50       0x4  MQTTSubscribeClient.o [1]
  .rodata            const     0x802'fb54       0x4  user_app_ethernet.o [1]
  .rodata            const     0x802'fb58       0x4  user_app_ethernet.o [1]
  .rodata            const     0x802'fb5c       0x4  user_app_ethernet.o [1]
  .rodata            const     0x802'fb60       0x4  user_app_ethernet.o [1]
  .rodata            const     0x802'fb64       0x4  user_app_ethernet.o [1]
  .rodata            const     0x802'fb68       0x4  user_app_ethernet.o [1]
  .rodata            const     0x802'fb6c       0x4  user_app_ethernet.o [1]
  .rodata            const     0x802'fb70       0x4  user_app_ethernet.o [1]
  .rodata            const     0x802'fb74       0x4  user_app_ethernet.o [1]
  .rodata            const     0x802'fb78       0x4  user_app_ethernet.o [1]
  .rodata            const     0x802'fb7c       0x4  user_ec200u.o [1]
  .rodata            const     0x802'fb80       0x4  user_ec200u.o [1]
  .rodata            const     0x802'fb84       0x4  user_ec200u.o [1]
  .rodata            const     0x802'fb88       0x4  user_ec200u.o [1]
  .rodata            const     0x802'fb8c       0x4  user_ec200u.o [1]
  .rodata            const     0x802'fb90       0x4  user_ec200u.o [1]
  .rodata            const     0x802'fb94       0x4  user_mqtt.o [1]
  .rodata            const     0x802'fb98       0x4  user_sim_common.o [1]
  .text              ro code   0x802'fb9c       0x4  startup_stm32l496xx.o [1]
  .text              ro code   0x802'fba0       0x4  startup_stm32l496xx.o [1]
  .text              ro code   0x802'fba4       0x4  startup_stm32l496xx.o [1]
  .text              ro code   0x802'fba8       0x4  startup_stm32l496xx.o [1]
  .text              ro code   0x802'fbac       0x4  startup_stm32l496xx.o [1]
  .text              ro code   0x802'fbb0       0x4  startup_stm32l496xx.o [1]
  .text              ro code   0x802'fbb4       0x4  startup_stm32l496xx.o [1]
  .text              ro code   0x802'fbb8       0x4  startup_stm32l496xx.o [1]
  .text              ro code   0x802'fbbc       0x4  startup_stm32l496xx.o [1]
  .text              ro code   0x802'fbc0       0x4  startup_stm32l496xx.o [1]
  .text              ro code   0x802'fbc4       0x4  startup_stm32l496xx.o [1]
  .text              ro code   0x802'fbc8       0x4  startup_stm32l496xx.o [1]
  .text              ro code   0x802'fbcc       0x4  startup_stm32l496xx.o [1]
  .text              ro code   0x802'fbd0       0x4  startup_stm32l496xx.o [1]
  .text              ro code   0x802'fbd4       0x4  startup_stm32l496xx.o [1]
  .text              ro code   0x802'fbd8       0x4  startup_stm32l496xx.o [1]
  .text              ro code   0x802'fbdc       0x4  startup_stm32l496xx.o [1]
  .text              ro code   0x802'fbe0       0x4  startup_stm32l496xx.o [1]
  .text              ro code   0x802'fbe4       0x4  startup_stm32l496xx.o [1]
  .text              ro code   0x802'fbe8       0x4  startup_stm32l496xx.o [1]
  .text              ro code   0x802'fbec       0x4  startup_stm32l496xx.o [1]
  .text              ro code   0x802'fbf0       0x4  startup_stm32l496xx.o [1]
[...]
glcd_bbox               0x2000'916c     0x4  Data  Gb  glcd.o [1]
glcd_bbox_refresh        0x802'646d    0x1c  Code  Gb  glcd.o [1]
glcd_bbox_selected      0x2000'9174     0x4  Data  Gb  glcd.o [1]
glcd_buffer             0x2000'5a8c   0x400  Data  Gb  glcd.o [1]
glcd_buffer_selected    0x2000'9170     0x4  Data  Gb  glcd.o [1]
glcd_clear_buffer        0x802'6489    0x20  Code  Gb  glcd.o [1]
glcd_command             0x802'6ac1    0x1a  Code  Gb  ST7565R.o [1]
glcd_data                0x802'6adb    0x1a  Code  Gb  ST7565R.o [1]
glcd_draw_bitmap         0x802'6a9f    0x18  Code  Gb  graphics.o [1]
glcd_draw_char_xy        0x802'64d7   0x322  Code  Gb  text.o [1]
glcd_draw_line           0x802'68e9   0x106  Code  Gb  graphics.o [1]
glcd_draw_rect           0x802'69ef    0xb0  Code  Gb  graphics.o [1]
glcd_draw_string_xy      0x802'67f9    0x36  Code  Gb  text.o [1]
glcd_enable_backlight    0x802'60d7     0x2  Code  Gb  STM32L4.o [1]
glcd_init                0x802'60b1    0x26  Code  Gb  STM32L4.o [1]
glcd_reset               0x802'6107    0x3c  Code  Gb  STM32L4.o [1]
glcd_reset_bbox          0x802'6451    0x1c  Code  Gb  glcd.o [1]
glcd_select_screen       0x802'64a9     0xa  Code  Gb  glcd.o [1]
glcd_set_column_lower    0x802'6b53     0xc  Code  Gb  ST7565R.o [1]
glcd_set_column_upper    0x802'6b41    0x12  Code  Gb  ST7565R.o [1]
glcd_set_contrast        0x802'6af5    0x24  Code  Gb  ST7565R.o [1]
glcd_set_font            0x802'64bd    0x1a  Code  Gb  text.o [1]
glcd_set_pixel           0x802'6835    0xb4  Code  Gb  graphics.o [1]
glcd_set_x_address       0x802'6b2b    0x16  Code  Gb  ST7565R.o [1]
glcd_set_y_address       0x802'6b19    0x12  Code  Gb  ST7565R.o [1]
glcd_spi_write           0x802'60d9    0x2e  Code  Gb  STM32L4.o [1]
glcd_test_bitmap_128x64
                         0x802'63cd     0xe  Code  Gb  unit_tests.o [1]
glcd_tiny_draw_char      0x802'6177   0x1fa  Code  Gb  text_tiny.o [1]
glcd_tiny_draw_string    0x802'6371    0x52  Code  Gb  text_tiny.o [1]
glcd_tiny_set_font       0x802'615d    0x1a  Code  Gb  text_tiny.o [1]
glcd_update_bbox         0x802'63e1    0x70  Code  Gb  glcd.o [1]
glcd_write               0x802'6b5f    0x70  Code  Gb  ST7565R.o [1]
hadc1                   0x2000'851c    0x68  Data  Gb  adc.o [1]
hdma_lpuart_rx          0x2000'88c8    0x48  Data  Gb  usart.o [1]
hdma_uart5_rx           0x2000'8910    0x48  Data  Gb  usart.o [1]
hdma_usart1_rx          0x2000'8958    0x48  Data  Gb  usart.o [1]
hdma_usart3_rx          0x2000'89a0    0x48  Data  Gb  usart.o [1]
hi2c1                   0x2000'87dc    0x54  Data  Gb  i2c.o [1]
hlptim1                 0x2000'8a6c    0x38  Data  Gb  lptim.o [1]
hlptim2                 0x2000'8aa4    0x38  Data  Gb  lptim.o [1]
hlpuart1                0x2000'81fc    0x88  Data  Gb  usart.o [1]
hrtc                    0x2000'8cb8    0x24  Data  Gb  rtc.o [1]
hspi2                   0x2000'8584    0x64  Data  Gb  spi.o [1]
hspi3                   0x2000'85e8    0x64  Data  Gb  spi.o [1]
htim1                   0x2000'8830    0x4c  Data  Gb  tim.o [1]
htim2                   0x2000'887c    0x4c  Data  Gb  tim.o [1]
huart1                  0x2000'830c    0x88  Data  Gb  usart.o [1]
huart3                  0x2000'8394    0x88  Data  Gb  usart.o [1]
huart5                  0x2000'8284    0x88  Data  Gb  usart.o [1]
init_mparams             0x800'f80b    0x2c  Code  Lc  dlmalloc.o [2]
init_top                 0x800'f837    0x34  Code  Lc  dlmalloc.o [2]
isalpha                  0x802'ad2f    0x14  Code  Gb  isalpha.o [2]
isspace                  0x802'4371    0x14  Code  Gb  isspace.o [2]
ldexp                    0x802'5669          Code  Gb  ldexp.o [3]
ldexpl                   0x802'5669          Code  Gb  ldexp.o [3]
lnbias                   0x802'b9f0   0x420  Data  Lc  pow64.o [3]
localeconv               0x802'580d     0x4  Code  Gb  xlocale_c.o [2]
lower_digits            0x2000'248c     0x4  Data  Lc  user_tiny_vsnprintf.o [1]
mConnect_MQTT            0x801'7e1b    0x3e  Code  Gb  user_mqtt.o [1]
mData_MQTT               0x801'73bf    0x76  Code  Gb  user_mqtt.o [1]
mGet_Data_From_Mem       0x801'7e75    0x58  Code  Gb  user_mqtt.o [1]
mInit_Header_Subcribe    0x801'7d41    0xda  Code  Gb  user_mqtt.o [1]
mPayload_Load_MesErr     0x801'7a8f    0x2c  Code  Gb  user_mqtt.o [1]
mSet_default_MQTT        0x801'7325    0x18  Code  Gb  user_mqtt.o [1]
mSubcribe_MQTT           0x801'7e59    0x1c  Code  Gb  user_mqtt.o [1]
mUnmark_Mess             0x801'7ecd    0x16  Code  Gb  user_mqtt.o [1]
mUnmark_Mess_Share_Buff
                         0x801'7f95    0x22  Code  Gb  user_mqtt.o [1]
main                     0x801'cead    0x48  Code  Gb  main.o [1]
makeDHCPMSG              0x801'5017   0x15a  Code  Gb  dhcp.o [1]
memchr                   0x802'4399          Code  Gb  memchr.o [4]
memset                   0x802'4b55    0x14  Code  Gb  memset.o [4]
mparams                 0x2000'8f60    0x18  Data  Lc  dlmalloc.o [2]
ndigs                    0x802'ce14    0x28  Data  Lc  iar_Stoulx.o [2]
pDHCPMSG                0x2000'9160     0x4  Data  Gb  dhcp.o [1]
pDNSMSG                 0x2000'9164     0x4  Data  Gb  dns.o [1]
pFlash                  0x2000'107c    0x20  Data  Gb  stm32l4xx_hal_flash.o [1]
pFunc_UTIL_Debug_Send   0x2000'9218     0x4  Data  Gb  user_util.o [1]
pFunc_UTIL_Log_To_Mem   0x2000'9214     0x4  Data  Gb  user_util.o [1]
pH_Water                0x2000'91e8     0x4  Data  Gb  user_app_wm.o [1]
pModemProcessIRQTimer   0x2000'9208     0x4  Data  Gb  user_rtc.o [1]
parseDHCPMSG             0x801'59c7   0x22e  Code  Gb  dhcp.o [1]
parseDNSMSG              0x801'624b    0xf8  Code  Gb  dns.o [1]
parse_name               0x801'607d    0xa4  Code  Gb  dns.o [1]
pow                      0x802'3c85   0x6ec  Code  Gb  pow64.o [3]
powl                     0x802'3c85   0x6ec  Code  Gb  pow64.o [3]
pows                     0x802'cea0    0x48  Data  Lc  strto64.o [3]
pportc                   0x800'a6b9    0xcc  Code  Gb  user_app_ethernet.o [1]
put16                    0x801'606d    0x10  Code  Gb  dns.o [1]
qCopy_Data_From_Queue    0x801'65fb    0x48  Code  Lc  queue_p.o [1]
qCopy_Data_To_Queue      0x801'659d    0x5e  Code  Lc  queue_p.o [1]
qEthStep                0x2000'8d80    0x18  Data  Gb  user_app_ethernet.o [1]
qGet_Number_Items        0x801'6643     0x4  Code  Gb  queue_p.o [1]
qMemRead                0x2000'8db0    0x18  Data  Gb  user_app_mem.o [1]
qMemWrite               0x2000'8dc8    0x18  Data  Gb  user_app_mem.o [1]
qQueue_Back_Item         0x801'6647    0x50  Code  Gb  queue_p.o [1]
qQueue_Clear             0x801'655b     0xe  Code  Gb  queue_p.o [1]
qQueue_Create            0x801'652d    0x2e  Code  Gb  queue_p.o [1]
qQueue_Receive           0x801'6587    0x16  Code  Gb  queue_p.o [1]
qQueue_Send              0x801'6569    0x1e  Code  Gb  queue_p.o [1]
qSimStep                0x2000'8f00    0x18  Data  Gb  user_sim.o [1]
quickSort_Sampling       0x802'0885    0x84  Code  Gb  user_app_sensor.o [1]
quickSort_Sampling_Clo   0x802'0a05    0xe6  Code  Gb  user_app_sensor.o [1]
quickSort_Sampling_Clo::Handle_Once
                        0x2000'9275     0x1  Data  Lc  user_app_sensor.o [1]
quickSort_Sampling_EC    0x802'0afd    0xe6  Code  Gb  user_app_sensor.o [1]
quickSort_Sampling_EC::Handle_Once
                        0x2000'9276     0x1  Data  Lc  user_app_sensor.o [1]
quickSort_Sampling_Turbidity
                         0x802'0bf9    0xe6  Code  Gb  user_app_sensor.o [1]
quickSort_Sampling_Turbidity::Handle_Once
                        0x2000'9277     0x1  Data  Lc  user_app_sensor.o [1]
quickSort_Sampling_pH    0x802'0909    0xe4  Code  Gb  user_app_sensor.o [1]
quickSort_Sampling_pH::Handle_Once
                        0x2000'9274     0x1  Data  Lc  user_app_sensor.o [1]
recv                     0x801'6b55   0x156  Code  Gb  socket.o [1]
recvfrom                 0x801'6ecd   0x34e  Code  Gb  socket.o [1]
reg_dhcp_cbfunc          0x801'4fdb    0x3c  Code  Gb  dhcp.o [1]
reg_wizchip_cs_cbfunc    0x801'8a57    0x28  Code  Gb  wizchip_conf.o [1]
reg_wizchip_spi_cbfunc   0x801'8a7f    0x2a  Code  Gb  wizchip_conf.o [1]
reset_DHCP_timeout       0x801'5f79    0x14  Code  Gb  dhcp.o [1]
retry_count             0x2000'925b     0x1  Data  Lc  dns.o [1]
sAppEthVar              0x2000'1228    0x90  Data  Gb  user_app_ethernet.o [1]
sAppMem                 0x2000'8b78    0x30  Data  Gb  user_app_mem.o [1]
sAppSimCallback         0x2000'16cc    0x20  Data  Gb  user_app_sim.o [1]
sAppSimInfor            0x2000'176c    0x20  Data  Gb  user_app_sim.o [1]
sAppSimVar              0x2000'0000   0x2c8  Data  Gb  user_app_sim.o [1]
sBattery                0x2000'9110     0x8  Data  Gb  user_app_wm.o [1]
sButton                 0x2000'8d38    0x18  Data  Gb  button.o [1]
sCAT24Var               0x2000'6a8c   0x238  Data  Gb  cat24mxx.o [1]
sCbSimComm              0x2000'8cfc    0x20  Data  Gb  user_sim_common.o [1]
sConfirm                0x2000'02d4    0x14  Data  Lc  button.o [1]
sDataSensorMeasure      0x2000'8bd8    0x30  Data  Gb  user_app_rs485.o [1]
sData_Calib             0x2000'15a8     0x8  Data  Gb  user_app_rs485.o [1]
sEthCmd                 0x2000'12d4    0xe0  Data  Gb  user_app_ethernet.o [1]
sEthResCode             0x2000'13b4    0x30  Data  Gb  user_app_ethernet.o [1]
sEventAppComm           0x2000'10a0    0x70  Data  Gb  user_app_comm.o [1]
sEventAppEth            0x2000'1138    0xf0  Data  Gb  user_app_ethernet.o [1]
sEventAppMem            0x2000'1494    0x90  Data  Gb  user_app_mem.o [1]
sEventAppRs485          0x2000'1548    0x60  Data  Gb  user_app_rs485.o [1]
sEventAppSensor         0x2000'15c0    0x50  Data  Gb  user_app_sensor.o [1]
sEventAppSim            0x2000'161c    0xb0  Data  Gb  user_app_sim.o [1]
sEventAppWM             0x2000'178c    0xd0  Data  Gb  user_app_wm.o [1]
sEventCAT24             0x2000'02e8    0x20  Data  Gb  cat24mxx.o [1]
sEventDisplay           0x2000'0324    0x60  Data  Gb  lcd_display.o [1]
sEventOnChipFlash       0x2000'1e3c    0x20  Data  Gb  user_internal_mem.o [1]
sEventSim               0x2000'2374    0x40  Data  Gb  user_sim.o [1]
sFROM_Manager           0x2000'9134     0x4  Data  Gb  cat24mxx.o [1]
sFTPvar                 0x2000'8d98    0x18  Data  Gb  user_app_ethernet.o [1]
sFileSys                0x2000'2430    0x44  Data  Gb  user_sim_common.o [1]
sFirmVersion            0x2000'1110     0x8  Data  Gb  user_app_comm.o [1]
sHandleRs485            0x2000'90b0     0xc  Data  Gb  user_app_rs485.o [1]
sKindMode485            0x2000'9244     0x2  Data  Gb  user_app_rs485.o [1]
sLCD                    0x2000'9064    0x10  Data  Gb  lcd_display.o [1]
sLCDObject              0x2000'0424   0xc00  Data  Gb  lcd_display.o [1]
sLPMFeatureHandler      0x2000'91fc     0x4  Data  Gb  user_lpm.o [1]
sLastPackInfor          0x2000'9084    0x10  Data  Gb  user_app_wm.o [1]
sLevelInfor             0x2000'90e8     0x8  Data  Gb  level_S_YW_01B.o [1]
sLevelSupInfor          0x2000'90f0     0x8  Data  Gb  level_SUP_PX261_B.o [1]
sLevelUltra             0x2000'90f8     0x8  Data  Gb  level_ultrasonic.o [1]
sListWmDigital          0x2000'2494    0xc0  Data  Gb  user_wm_digital.o [1]
sMQTT                   0x2000'2208   0x104  Data  Gb  user_mqtt.o [1]
sMT100                  0x2000'8f48    0x18  Data  Gb  wm_mt100.o [1]
sMT100_REGISTER         0x2000'2750    0x2c  Data  Gb  wm_mt100.o [1]
sMark_MessageRecei_Type
                         0x802'cbcc    0xb0  Data  Gb  user_mqtt.o [1]
sMark_MessageSend_Type   0x802'c424   0x1d0  Data  Gb  user_mqtt.o [1]
sMeterThreshold         0x2000'185c    0x10  Data  Gb  user_app_wm.o [1]
sModemInfor             0x2000'212c    0xc4  Data  Gb  user_modem.o [1]
sModemLPMHandle         0x2000'21f0    0x10  Data  Gb  user_modem.o [1]
sModemVar               0x2000'2104    0x28  Data  Gb  user_modem.o [1]
sOffsetMeasure          0x2000'8c08    0x30  Data  Gb  user_app_sensor.o [1]
sOnFlash                0x2000'6cc4   0x238  Data  Gb  user_internal_mem.o [1]
sPressConfig            0x2000'9054    0x10  Data  Lc  button.o [1]
sPulse                  0x2000'7e54   0x108  Data  Gb  user_app_wm.o [1]
sPulseConfig            0x2000'8c38    0x2c  Data  Lc  button.o [1]
sQMemRead               0x2000'815c    0xa0  Data  Lc  user_app_mem.o [1]
sQMemWrite              0x2000'282c  0x1450  Data  Lc  user_app_mem.o [1]
sRTC                    0x2000'90d4     0xc  Data  Gb  user_util.o [1]
sRecEvent               0x2000'1410    0x2c  Data  Gb  user_app_mem.o [1]
sRecGPS                 0x2000'1468    0x2c  Data  Gb  user_app_mem.o [1]
sRecLog                 0x2000'143c    0x2c  Data  Gb  user_app_mem.o [1]
sRecTSVH                0x2000'13e4    0x2c  Data  Gb  user_app_mem.o [1]
sSV_Modem                0x802'cc7c    0x78  Data  Gb  user_modem.o [1]
sSensor_Clo             0x2000'8df8    0x18  Data  Gb  user_app_rs485.o [1]
sSensor_EC              0x2000'8cdc    0x20  Data  Gb  user_app_rs485.o [1]
sSensor_Turbidity       0x2000'8ba8    0x30  Data  Gb  user_app_rs485.o [1]
sSensor_pH              0x2000'8de0    0x18  Data  Gb  user_app_rs485.o [1]
sSimCommInfor           0x2000'23d4    0x5c  Data  Gb  user_sim_common.o [1]
sSimCommVar             0x2000'8f30    0x18  Data  Gb  user_sim_common.o [1]
sSimFwUpdate            0x2000'8a30    0x3c  Data  Gb  user_sim_common.o [1]
sSimVar                 0x2000'9040    0x14  Data  Gb  user_sim.o [1]
sUart485                0x2000'2364     0x8  Data  Gb  user_rs485.o [1]
sUart485_2              0x2000'236c     0x8  Data  Gb  user_rs485.o [1]
sUartDebug              0x2000'1118     0x8  Data  Gb  user_app_comm.o [1]
sUartSim                0x2000'23b4     0x8  Data  Gb  user_sim.o [1]
sVout                   0x2000'9118     0x8  Data  Gb  user_app_wm.o [1]
sWOTECK_REGISTER        0x2000'277c    0x18  Data  Gb  woteck_wm.o [1]
sWmDigVar               0x2000'2554   0x1d0  Data  Gb  user_wm_digital.o [1]
sWmVar                  0x2000'186c   0x110  Data  Gb  user_app_wm.o [1]
sWoteck                 0x2000'9094    0x10  Data  Gb  woteck_wm.o [1]
scalbln                  0x802'5669          Code  Gb  ldexp.o [3]
scalblnl                 0x802'5669          Code  Gb  ldexp.o [3]
scalbn                   0x802'5669          Code  Gb  ldexp.o [3]
scalbnl                  0x802'5669          Code  Gb  ldexp.o [3]
scale                    0x801'ca6f    0x46  Code  Lc  xprintffull_nomb.o [2]
sec_hand                0x2000'9224     0x4  Data  Lc  xfail_s.o [2]
segment_holding          0x800'f7f1    0x1a  Code  Lc  dlmalloc.o [2]
send                     0x801'6a0d   0x148  Code  Gb  socket.o [1]
send_DHCP_DECLINE        0x801'57d9   0x1ee  Code  Gb  dhcp.o [1]
send_DHCP_DISCOVER       0x801'5171   0x2ac  Code  Gb  dhcp.o [1]
send_DHCP_REQUEST        0x801'541d   0x3bc  Code  Gb  dhcp.o [1]
sendto                   0x801'6cab   0x222  Code  Gb  socket.o [1]
sock_any_port           0x2000'2814     0x2  Data  Lc  socket.o [1]
sock_io_mode            0x2000'9234     0x2  Data  Lc  socket.o [1]
sock_is_sending         0x2000'9236     0x2  Data  Lc  socket.o [1]
sock_pack_info          0x2000'9100     0x8  Data  Gb  socket.o [1]
sock_remained_size      0x2000'9074    0x10  Data  Lc  socket.o [1]
socket                   0x801'6699   0x184  Code  Gb  socket.o [1]
sprintf                  0x800'bb65    0x40  Code  Gb  sprintf.o [2]
strATcmd                0x2000'2200     0x8  Data  Gb  user_modem.o [1]
strchr                   0x802'4bf1          Code  Gb  strchr.o [4]
strcpy                   0x802'4b69          Code  Gb  strcpy.o [4]
strcspn                  0x802'5137    0x22  Code  Gb  strcspn.o [2]
strlen                   0x800'eeb1          Code  Gb  strlen.o [4]
strncpy                  0x802'4b81          Code  Gb  strncpy.o [4]
strspn                   0x802'5115    0x22  Code  Gb  strspn.o [2]
strstr                   0x802'5159    0x2c  Code  Gb  strstr.o [2]
strtok                   0x801'9101    0x4c  Code  Gb  strtok.o [2]
sztmp                   0x2000'70fc   0x200  Data  Lc  user_adv_trace.o [1]
tiny_vsnprintf_like      0x801'1787   0x17e  Code  Gb  user_tiny_vsnprintf.o [1]
tolower                  0x802'4385    0x14  Code  Gb  tolower.o [2]
topicString             0x2000'90c8     0xc  Data  Gb  user_mqtt.o [1]
uartSimBuffReceive      0x2000'55dc   0x4b0  Data  Gb  user_sim.o [1]
upper_digits            0x2000'2490     0x4  Data  Lc  user_tiny_vsnprintf.o [1]
uwTick                  0x2000'918c     0x4  Data  Gb  stm32l4xx_hal.o [1]
uwTickFreq              0x2000'2824     0x1  Data  Gb  stm32l4xx_hal.o [1]
uwTickPrio              0x2000'1078     0x4  Data  Gb  stm32l4xx_hal.o [1]
vcom_DeInit              0x800'd27f    0x1e  Code  Gb  user_app_comm.o [1]
vcom_Init                0x800'd277     0x8  Code  Gb  user_app_comm.o [1]
vcom_Trace_DMA           0x800'd29d    0x1c  Code  Gb  user_app_comm.o [1]
wiz_recv_data            0x801'2147    0x96  Code  Gb  w5500.o [1]
wiz_recv_ignore          0x801'21dd    0x6c  Code  Gb  w5500.o [1]
wiz_send_data            0x801'20b1    0x96  Code  Gb  w5500.o [1]
wizchip_bus_readdata     0x801'8a49     0x4  Code  Gb  wizchip_conf.o [1]
wizchip_bus_writedata    0x801'8a4d     0x4  Code  Gb  wizchip_conf.o [1]
wizchip_clrinterrupt     0x801'8d5f    0x44  Code  Gb  wizchip_conf.o [1]
wizchip_cris_enter       0x801'8a41     0x2  Code  Gb  wizchip_conf.o [1]
wizchip_cris_exit        0x801'8a43     0x2  Code  Gb  wizchip_conf.o [1]
wizchip_cs_deselect      0x801'8a47     0x2  Code  Gb  wizchip_conf.o [1]
wizchip_cs_select        0x801'8a45     0x2  Code  Gb  wizchip_conf.o [1]
wizchip_deselect         0x800'98e1    0x12  Code  Lc  user_app_ethernet.o [1]
wizchip_getinterrupt     0x801'8da3    0x2c  Code  Gb  wizchip_conf.o [1]
wizchip_getinterruptmask
                         0x801'8df1    0x28  Code  Gb  wizchip_conf.o [1]
wizchip_getnetinfo       0x801'9005    0x52  Code  Gb  wizchip_conf.o [1]
wizchip_getnetmode       0x801'909d     0xa  Code  Gb  wizchip_conf.o [1]
wizchip_gettimeout       0x801'90d3    0x2c  Code  Gb  wizchip_conf.o [1]
wizchip_init             0x801'8caf    0xb0  Code  Gb  wizchip_conf.o [1]
wizchip_read             0x800'98f3    0x2a  Code  Lc  user_app_ethernet.o [1]
wizchip_select           0x800'98cb    0x12  Code  Lc  user_app_ethernet.o [1]
wizchip_setinterruptmask
                         0x801'8dcf    0x22  Code  Gb  wizchip_conf.o [1]
wizchip_setnetinfo       0x801'8fb3    0x52  Code  Gb  wizchip_conf.o [1]
wizchip_setnetmode       0x801'9075    0x28  Code  Gb  wizchip_conf.o [1]
wizchip_settimeout       0x801'90a7    0x2c  Code  Gb  wizchip_conf.o [1]
wizchip_spi_readbyte     0x801'8a51     0x4  Code  Gb  wizchip_conf.o [1]
wizchip_spi_writebyte    0x801'8a55     0x2  Code  Gb  wizchip_conf.o [1]
wizchip_sw_reset         0x801'8c39    0x76  Code  Gb  wizchip_conf.o [1]
wizchip_write            0x800'9921    0x20  Code  Lc  user_app_ethernet.o [1]
wizphy_getphyconf        0x801'8ed7    0x76  Code  Gb  wizchip_conf.o [1]
wizphy_getphylink        0x801'8e19    0x18  Code  Gb  wizchip_conf.o [1]
wizphy_getphypmode       0x801'8e31    0x1e  Code  Gb  wizchip_conf.o [1]
wizphy_reset             0x801'8e4f    0x34  Code  Gb  wizchip_conf.o [1]
wizphy_setphyconf        0x801'8e83    0x54  Code  Gb  wizchip_conf.o [1]
wizphy_setphypmode       0x801'8f4d    0x66  Code  Gb  wizchip_conf.o [1]
writeCString             0x802'ab7f    0x2a  Code  Gb  MQTTPacket.o [1]
writeChar                0x802'ab49     0xc  Code  Gb  MQTTPacket.o [1]
writeInt                 0x802'ab55    0x2a  Code  Gb  MQTTPacket.o [1]
writeMQTTString          0x802'aba9    0x42  Code  Gb  MQTTPacket.o [1]


[1] = D:\Project_STM32\Saoviet_Datalogger_Kalman_Filter\wm_gsm_ethernet_v3\EWARM\wm_gsm_ethernet_v3\Obj
[2] = dl7M_tlf.a
[3] = m7M_tls.a
[4] = rt7M_tl.a
[5] = shb_l.a

  160'735 bytes of readonly  code memory
   22'283 bytes of readonly  data memory
   40'082 bytes of readwrite data memory

Errors: none
Warnings: none
